Archive member included to satisfy reference by file (symbol)

../../Documents/Daisy/DaisyExamples/libdaisy//build/libdaisy.a(daisy_seed.o)
                              build/DaisyDrone.o (daisy::DaisySeed::Configure())
../../Documents/Daisy/DaisyExamples/libdaisy//build/libdaisy.a(codec_ak4556.o)
                              ../../Documents/Daisy/DaisyExamples/libdaisy//build/libdaisy.a(daisy_seed.o) (daisy::Ak4556::Init(dsy_gpio_pin))
../../Documents/Daisy/DaisyExamples/libdaisy//build/libdaisy.a(codec_wm8731.o)
                              ../../Documents/Daisy/DaisyExamples/libdaisy//build/libdaisy.a(daisy_seed.o) (daisy::Wm8731::Init(daisy::Wm8731::Config const&, daisy::I2CHandle))
../../Documents/Daisy/DaisyExamples/libdaisy//build/libdaisy.a(sdram.o)
                              ../../Documents/Daisy/DaisyExamples/libdaisy//build/libdaisy.a(daisy_seed.o) (SdramHandle::Init())
../../Documents/Daisy/DaisyExamples/libdaisy//build/libdaisy.a(audio.o)
                              ../../Documents/Daisy/DaisyExamples/libdaisy//build/libdaisy.a(daisy_seed.o) (daisy::AudioHandle::Init(daisy::AudioHandle::Config const&, daisy::SaiHandle))
../../Documents/Daisy/DaisyExamples/libdaisy//build/libdaisy.a(gpio.o)
                              ../../Documents/Daisy/DaisyExamples/libdaisy//build/libdaisy.a(daisy_seed.o) (dsy_gpio_init)
../../Documents/Daisy/DaisyExamples/libdaisy//build/libdaisy.a(i2c.o)
                              ../../Documents/Daisy/DaisyExamples/libdaisy//build/libdaisy.a(daisy_seed.o) (daisy::I2CHandle::Init(daisy::I2CHandle::Config const&))
../../Documents/Daisy/DaisyExamples/libdaisy//build/libdaisy.a(qspi.o)
                              ../../Documents/Daisy/DaisyExamples/libdaisy//build/libdaisy.a(daisy_seed.o) (daisy::QSPIHandle::Init(daisy::QSPIHandle::Config const&))
../../Documents/Daisy/DaisyExamples/libdaisy//build/libdaisy.a(sai.o)
                              ../../Documents/Daisy/DaisyExamples/libdaisy//build/libdaisy.a(daisy_seed.o) (daisy::SaiHandle::Init(daisy::SaiHandle::Config const&))
../../Documents/Daisy/DaisyExamples/libdaisy//build/libdaisy.a(system.o)
                              ../../Documents/Daisy/DaisyExamples/libdaisy//build/libdaisy.a(daisy_seed.o) (daisy::System::DeInit())
../../Documents/Daisy/DaisyExamples/libdaisy//build/libdaisy.a(system_stm32h7xx.o)
                              build/startup_stm32h750xx.o (SystemInit)
../../Documents/Daisy/DaisyExamples/libdaisy//build/libdaisy.a(hal_map.o)
                              ../../Documents/Daisy/DaisyExamples/libdaisy//build/libdaisy.a(gpio.o) (dsy_hal_map_get_port)
../../Documents/Daisy/DaisyExamples/libdaisy//build/libdaisy.a(stm32h7xx_hal.o)
                              ../../Documents/Daisy/DaisyExamples/libdaisy//build/libdaisy.a(system.o) (HAL_Init)
../../Documents/Daisy/DaisyExamples/libdaisy//build/libdaisy.a(stm32h7xx_hal_cortex.o)
                              ../../Documents/Daisy/DaisyExamples/libdaisy//build/libdaisy.a(stm32h7xx_hal.o) (HAL_NVIC_SetPriorityGrouping)
../../Documents/Daisy/DaisyExamples/libdaisy//build/libdaisy.a(stm32h7xx_hal_dma.o)
                              ../../Documents/Daisy/DaisyExamples/libdaisy//build/libdaisy.a(i2c.o) (HAL_DMA_Init)
../../Documents/Daisy/DaisyExamples/libdaisy//build/libdaisy.a(stm32h7xx_hal_gpio.o)
                              ../../Documents/Daisy/DaisyExamples/libdaisy//build/libdaisy.a(sdram.o) (HAL_GPIO_Init)
../../Documents/Daisy/DaisyExamples/libdaisy//build/libdaisy.a(stm32h7xx_hal_i2c.o)
                              ../../Documents/Daisy/DaisyExamples/libdaisy//build/libdaisy.a(i2c.o) (HAL_I2C_Init)
../../Documents/Daisy/DaisyExamples/libdaisy//build/libdaisy.a(stm32h7xx_hal_i2c_ex.o)
                              ../../Documents/Daisy/DaisyExamples/libdaisy//build/libdaisy.a(i2c.o) (HAL_I2CEx_ConfigAnalogFilter)
../../Documents/Daisy/DaisyExamples/libdaisy//build/libdaisy.a(stm32h7xx_hal_pwr_ex.o)
                              ../../Documents/Daisy/DaisyExamples/libdaisy//build/libdaisy.a(system.o) (HAL_PWREx_ConfigSupply)
../../Documents/Daisy/DaisyExamples/libdaisy//build/libdaisy.a(stm32h7xx_hal_qspi.o)
                              ../../Documents/Daisy/DaisyExamples/libdaisy//build/libdaisy.a(qspi.o) (HAL_QSPI_Init)
../../Documents/Daisy/DaisyExamples/libdaisy//build/libdaisy.a(stm32h7xx_hal_rcc.o)
                              ../../Documents/Daisy/DaisyExamples/libdaisy//build/libdaisy.a(system.o) (HAL_RCC_OscConfig)
../../Documents/Daisy/DaisyExamples/libdaisy//build/libdaisy.a(stm32h7xx_hal_rcc_ex.o)
                              ../../Documents/Daisy/DaisyExamples/libdaisy//build/libdaisy.a(system.o) (HAL_RCCEx_PeriphCLKConfig)
../../Documents/Daisy/DaisyExamples/libdaisy//build/libdaisy.a(stm32h7xx_hal_sai.o)
                              ../../Documents/Daisy/DaisyExamples/libdaisy//build/libdaisy.a(sai.o) (HAL_SAI_InitProtocol)
../../Documents/Daisy/DaisyExamples/libdaisy//build/libdaisy.a(stm32h7xx_hal_sdram.o)
[...]
Memory Configuration

Name             Origin             Length             Attributes
FLASH            0x0000000008000000 0x0000000000020000 xr
DTCMRAM          0x0000000020000000 0x0000000000020000 xrw
SRAM             0x0000000024000000 0x0000000000080000 xrw
RAM_D2           0x0000000030000000 0x0000000000048000 xrw
RAM_D3           0x0000000038000000 0x0000000000010000 xrw
ITCMRAM          0x0000000000000000 0x0000000000010000 xrw
SDRAM            0x00000000c0000000 0x0000000004000000 xrw
QSPIFLASH        0x0000000090000000 0x0000000000800000 xr
*default*        0x0000000000000000 0xffffffffffffffff

Linker script and memory map

LOAD /Applications/ARM/bin/../lib/gcc/arm-none-eabi/10.3.1/thumb/v7e-m+dp/hard/crti.o
LOAD /Applications/ARM/bin/../lib/gcc/arm-none-eabi/10.3.1/thumb/v7e-m+dp/hard/crtbegin.o
LOAD /Applications/ARM/bin/../lib/gcc/arm-none-eabi/10.3.1/../../../../arm-none-eabi/lib/thumb/v7e-m+dp/hard/crt0.o
LOAD build/startup_stm32h750xx.o
LOAD build/DaisyDrone.o
LOAD ../../Documents/Daisy/DaisyExamples/libdaisy//build/libdaisy.a
LOAD /Applications/ARM/bin/../lib/gcc/arm-none-eabi/10.3.1/../../../../arm-none-eabi/lib/thumb/v7e-m+dp/hard/libnosys.a
LOAD ../../Documents/Daisy/DaisyExamples/daisysp//build/libdaisysp.a
LOAD /Applications/ARM/bin/../lib/gcc/arm-none-eabi/10.3.1/../../../../arm-none-eabi/lib/thumb/v7e-m+dp/hard/libstdc++_nano.a
LOAD /Applications/ARM/bin/../lib/gcc/arm-none-eabi/10.3.1/../../../../arm-none-eabi/lib/thumb/v7e-m+dp/hard/libm.a
LOAD /Applications/ARM/bin/../lib/gcc/arm-none-eabi/10.3.1/../../../../arm-none-eabi/lib/thumb/v7e-m+dp/hard/libc_nano.a
START GROUP
LOAD /Applications/ARM/bin/../lib/gcc/arm-none-eabi/10.3.1/thumb/v7e-m+dp/hard/libgcc.a
LOAD /Applications/ARM/bin/../lib/gcc/arm-none-eabi/10.3.1/../../../../arm-none-eabi/lib/thumb/v7e-m+dp/hard/libc_nano.a
END GROUP
START GROUP
LOAD /Applications/ARM/bin/../lib/gcc/arm-none-eabi/10.3.1/thumb/v7e-m+dp/hard/libgcc.a
LOAD /Applications/ARM/bin/../lib/gcc/arm-none-eabi/10.3.1/../../../../arm-none-eabi/lib/thumb/v7e-m+dp/hard/libc_nano.a
LOAD /Applications/ARM/bin/../lib/gcc/arm-none-eabi/10.3.1/../../../../arm-none-eabi/lib/thumb/v7e-m+dp/hard/libnosys.a
END GROUP
START GROUP
LOAD /Applications/ARM/bin/../lib/gcc/arm-none-eabi/10.3.1/thumb/v7e-m+dp/hard/libgcc.a
LOAD /Applications/ARM/bin/../lib/gcc/arm-none-eabi/10.3.1/../../../../arm-none-eabi/lib/thumb/v7e-m+dp/hard/libc_nano.a
LOAD /Applications/ARM/bin/../lib/gcc/arm-none-eabi/10.3.1/../../../../arm-none-eabi/lib/thumb/v7e-m+dp/hard/libnosys.a
END GROUP
LOAD /Applications/ARM/bin/../lib/gcc/arm-none-eabi/10.3.1/thumb/v7e-m+dp/hard/crtend.o
LOAD /Applications/ARM/bin/../lib/gcc/arm-none-eabi/10.3.1/thumb/v7e-m+dp/hard/crtn.o
                0x0000000020020000                _estack = 0x20020000

.isr_vector     0x0000000008000000      0x298
                0x0000000008000000                . = ALIGN (0x4)
 *(.isr_vector)
 .isr_vector    0x0000000008000000      0x298 build/startup_stm32h750xx.o
                0x0000000008000000                g_pfnVectors
                0x0000000008000298                . = ALIGN (0x4)

.text           0x0000000008000298     0x9608
                0x0000000008000298                . = ALIGN (0x4)
                0x0000000008000298                _stext = .
 *(.text)
 .text          0x0000000008000298       0x40 /Applications/ARM/bin/../lib/gcc/arm-none-eabi/10.3.1/thumb/v7e-m+dp/hard/crtbegin.o
 *(.text*)
 .text.Default_Handler
                0x00000000080002d8        0x4 build/startup_stm32h750xx.o
                0x00000000080002d8                SAI1_IRQHandler
                0x00000000080002d8                HASH_RNG_IRQHandler
                0x00000000080002d8                EXTI2_IRQHandler
                0x00000000080002d8                TIM8_CC_IRQHandler
                0x00000000080002d8                HRTIM1_Master_IRQHandler
                0x00000000080002d8                DebugMon_Handler
                0x00000000080002d8                UART8_IRQHandler
                0x00000000080002d8                SPI4_IRQHandler
                0x00000000080002d8                TIM1_CC_IRQHandler
                0x00000000080002d8                BDMA_Channel6_IRQHandler
                0x00000000080002d8                DMA2_Stream5_IRQHandler
                0x00000000080002d8                HRTIM1_FLT_IRQHandler
                0x00000000080002d8                JPEG_IRQHandler
                0x00000000080002d8                DMA1_Stream5_IRQHandler
                0x00000000080002d8                BDMA_Channel1_IRQHandler
                0x00000000080002d8                HRTIM1_TIMD_IRQHandler
                0x00000000080002d8                TAMP_STAMP_IRQHandler
                0x00000000080002d8                PendSV_Handler
                0x00000000080002d8                NMI_Handler
                0x00000000080002d8                EXTI3_IRQHandler
                0x00000000080002d8                LPTIM4_IRQHandler
                0x00000000080002d8                TIM8_TRG_COM_TIM14_IRQHandler
                0x00000000080002d8                LPTIM2_IRQHandler
                0x00000000080002d8                DFSDM1_FLT1_IRQHandler
                0x00000000080002d8                DMAMUX2_OVR_IRQHandler
                0x00000000080002d8                TIM8_UP_TIM13_IRQHandler
                0x00000000080002d8                I2C3_ER_IRQHandler
                0x00000000080002d8                DFSDM1_FLT2_IRQHandler
                0x00000000080002d8                MDMA_IRQHandler
                0x00000000080002d8                LPTIM3_IRQHandler
                0x00000000080002d8                HSEM1_IRQHandler
                0x00000000080002d8                EXTI0_IRQHandler
                0x00000000080002d8                DMA1_Stream2_IRQHandler
                0x00000000080002d8                FPU_IRQHandler
                0x00000000080002d8                OTG_HS_WKUP_IRQHandler
                0x00000000080002d8                FDCAN1_IT1_IRQHandler
                0x00000000080002d8                UsageFault_Handler
                0x00000000080002d8                LTDC_ER_IRQHandler
                0x00000000080002d8                DMA2_Stream2_IRQHandler
                0x00000000080002d8                HRTIM1_TIME_IRQHandler
                0x00000000080002d8                TIM6_DAC_IRQHandler
                0x00000000080002d8                DCMI_IRQHandler
                0x00000000080002d8                HRTIM1_TIMC_IRQHandler
                0x00000000080002d8                DMA2_Stream3_IRQHandler
                0x00000000080002d8                SAI2_IRQHandler
                0x00000000080002d8                DFSDM1_FLT3_IRQHandler
                0x00000000080002d8                USART6_IRQHandler
                0x00000000080002d8                TIM17_IRQHandler
                0x00000000080002d8                USART3_IRQHandler
                0x00000000080002d8                CRYP_IRQHandler
                0x00000000080002d8                BDMA_Channel7_IRQHandler
                0x00000000080002d8                LPTIM5_IRQHandler
                0x00000000080002d8                UART5_IRQHandler
                0x00000000080002d8                ADC3_IRQHandler
                0x00000000080002d8                DMA2_Stream0_IRQHandler
                0x00000000080002d8                TIM4_IRQHandler
                0x00000000080002d8                BDMA_Channel2_IRQHandler
                0x00000000080002d8                DMAMUX1_OVR_IRQHandler
                0x00000000080002d8                TIM16_IRQHandler
                0x00000000080002d8                UART4_IRQHandler
                0x00000000080002d8                BDMA_Channel5_IRQHandler
                0x00000000080002d8                TIM3_IRQHandler
                0x00000000080002d8                RCC_IRQHandler
                0x00000000080002d8                TIM8_BRK_TIM12_IRQHandler
                0x00000000080002d8                TIM1_TRG_COM_IRQHandler
                0x00000000080002d8                Default_Handler
                0x00000000080002d8                ECC_IRQHandler
                0x00000000080002d8                CEC_IRQHandler
                0x00000000080002d8                EXTI15_10_IRQHandler
                0x00000000080002d8                BDMA_Channel0_IRQHandler
                0x00000000080002d8                ADC_IRQHandler
                0x00000000080002d8                HRTIM1_TIMA_IRQHandler
                0x00000000080002d8                SPI5_IRQHandler
                0x00000000080002d8                TIM7_IRQHandler
                0x00000000080002d8                SDMMC1_IRQHandler
                0x00000000080002d8                TIM5_IRQHandler
                0x00000000080002d8                DMA2_Stream7_IRQHandler
                0x00000000080002d8                TIM15_IRQHandler
                0x00000000080002d8                PVD_AVD_IRQHandler
                0x00000000080002d8                EXTI9_5_IRQHandler
                0x00000000080002d8                RTC_WKUP_IRQHandler
                0x00000000080002d8                LTDC_IRQHandler
                0x00000000080002d8                SAI3_IRQHandler
                0x00000000080002d8                ETH_WKUP_IRQHandler
                0x00000000080002d8                SPDIF_RX_IRQHandler
                0x00000000080002d8                SPI2_IRQHandler
                0x00000000080002d8                OTG_HS_EP1_IN_IRQHandler
                0x00000000080002d8                MemManage_Handler
                0x00000000080002d8                SVC_Handler
                0x00000000080002d8                CRS_IRQHandler
                0x00000000080002d8                EXTI4_IRQHandler
                0x00000000080002d8                HRTIM1_TIMB_IRQHandler
                0x00000000080002d8                FDCAN2_IT1_IRQHandler
                0x00000000080002d8                ETH_IRQHandler
                0x00000000080002d8                TIM1_UP_IRQHandler
                0x00000000080002d8                BDMA_Channel4_IRQHandler
                0x00000000080002d8                OTG_HS_EP1_OUT_IRQHandler
                0x00000000080002d8                WWDG_IRQHandler
                0x00000000080002d8                SPI6_IRQHandler
                0x00000000080002d8                I2C4_EV_IRQHandler
                0x00000000080002d8                MDIOS_IRQHandler
                0x00000000080002d8                FDCAN2_IT0_IRQHandler
                0x00000000080002d8                LPUART1_IRQHandler
                0x00000000080002d8                FDCAN1_IT0_IRQHandler
                0x00000000080002d8                TIM2_IRQHandler
                0x00000000080002d8                OTG_FS_WKUP_IRQHandler
                0x00000000080002d8                OTG_HS_IRQHandler
                0x00000000080002d8                DMA2D_IRQHandler
                0x00000000080002d8                TIM1_BRK_IRQHandler
                0x00000000080002d8                EXTI1_IRQHandler
                0x00000000080002d8                SDMMC2_IRQHandler
                0x00000000080002d8                OTG_FS_EP1_OUT_IRQHandler
                0x00000000080002d8                BDMA_Channel3_IRQHandler
                0x00000000080002d8                UART7_IRQHandler
                0x00000000080002d8                MDIOS_WKUP_IRQHandler
                0x00000000080002d8                USART2_IRQHandler
                0x00000000080002d8                DFSDM1_FLT0_IRQHandler
                0x00000000080002d8                SAI4_IRQHandler
                0x00000000080002d8                I2C2_ER_IRQHandler
                0x00000000080002d8                DMA2_Stream1_IRQHandler
                0x00000000080002d8                FLASH_IRQHandler
                0x00000000080002d8                DMA2_Stream4_IRQHandler
                0x00000000080002d8                BusFault_Handler
                0x00000000080002d8                USART1_IRQHandler
                0x00000000080002d8                OTG_FS_IRQHandler
                0x00000000080002d8                SPI3_IRQHandler
                0x00000000080002d8                WAKEUP_PIN_IRQHandler
                0x00000000080002d8                OTG_FS_EP1_IN_IRQHandler
                0x00000000080002d8                I2C1_ER_IRQHandler
                0x00000000080002d8                FMC_IRQHandler
                0x00000000080002d8                FDCAN_CAL_IRQHandler
                0x00000000080002d8                SWPMI1_IRQHandler
                0x00000000080002d8                COMP1_IRQHandler
                0x00000000080002d8                LPTIM1_IRQHandler
                0x00000000080002d8                I2C4_ER_IRQHandler
                0x00000000080002d8                DMA2_Stream6_IRQHandler
                0x00000000080002d8                RTC_Alarm_IRQHandler
 .text.Reset_Handler
                0x00000000080002dc       0x44 build/startup_stm32h750xx.o
                0x00000000080002dc                Reset_Handler
 .text._ZN5daisy9DaisySeedD2Ev
                0x0000000008000320        0x4 build/DaisyDrone.o
                0x0000000008000320                daisy::DaisySeed::~DaisySeed()
                0x0000000008000320                daisy::DaisySeed::~DaisySeed()
 .text._Z13AudioCallbackPKPKfPPfj
                0x0000000008000324       0x2c build/DaisyDrone.o
                0x0000000008000324                AudioCallback(float const* const*, float**, unsigned int)
 .text.startup.main
                0x0000000008000350       0x24 build/DaisyDrone.o
                0x0000000008000350                main
 .text.startup._GLOBAL__sub_I_hw
                0x0000000008000374       0x20 build/DaisyDrone.o
 .text._ZN5daisy9DaisySeed9ConfigureEv
                0x0000000008000394       0x3c ../../Documents/Daisy/DaisyExamples/libdaisy//build/libdaisy.a(daisy_seed.o)
                0x0000000008000394                daisy::DaisySeed::Configure()
 .text._ZN5daisy9DaisySeed10StartAudioEPFvPKPKfPPfjE
                0x00000000080003d0        0x8 ../../Documents/Daisy/DaisyExamples/libdaisy//build/libdaisy.a(daisy_seed.o)
                0x00000000080003d0                daisy::DaisySeed::StartAudio(void (*)(float const* const*, float**, unsigned int))
 .text._ZN5daisy9DaisySeed14ConfigureAudioEv
                0x00000000080003d8       0xd0 ../../Documents/Daisy/DaisyExamples/libdaisy//build/libdaisy.a(daisy_seed.o)
                0x00000000080003d8                daisy::DaisySeed::ConfigureAudio()
 .text._ZN5daisy9DaisySeed4InitEb
                0x00000000080004a8       0xbc ../../Documents/Daisy/DaisyExamples/libdaisy//build/libdaisy.a(daisy_seed.o)
                0x00000000080004a8                daisy::DaisySeed::Init(bool)
 .text._ZN5daisy6Ak45564InitE12dsy_gpio_pin
                0x0000000008000564       0x44 ../../Documents/Daisy/DaisyExamples/libdaisy//build/libdaisy.a(codec_ak4556.o)
                0x0000000008000564                daisy::Ak4556::Init(dsy_gpio_pin)
 .text._ZN5daisy6Wm873120WriteControlRegisterEht
                0x00000000080005a8       0x3c ../../Documents/Daisy/DaisyExamples/libdaisy//build/libdaisy.a(codec_wm8731.o)
                0x00000000080005a8                daisy::Wm8731::WriteControlRegister(unsigned char, unsigned short)
 .text._ZN5daisy6Wm87314InitERKNS0_6ConfigENS_9I2CHandleE
                0x00000000080005e4      0x1bc ../../Documents/Daisy/DaisyExamples/libdaisy//build/libdaisy.a(codec_wm8731.o)
                0x00000000080005e4                daisy::Wm8731::Init(daisy::Wm8731::Config const&, daisy::I2CHandle)
 .text._ZN11SdramHandle10DeviceInitEv
                0x00000000080007a0       0x98 ../../Documents/Daisy/DaisyExamples/libdaisy//build/libdaisy.a(sdram.o)
                0x00000000080007a0                SdramHandle::DeviceInit()
 .text._ZN11SdramHandle4InitEv
                0x0000000008000838       0x7c ../../Documents/Daisy/DaisyExamples/libdaisy//build/libdaisy.a(sdram.o)
                0x0000000008000838                SdramHandle::Init()
 .text.HAL_SDRAM_MspInit
                0x00000000080008b4      0x1a8 ../../Documents/Daisy/DaisyExamples/libdaisy//build/libdaisy.a(sdram.o)
                0x00000000080008b4                HAL_SDRAM_MspInit
 .text._ZN5daisy11AudioHandle4Impl16InternalCallbackEPlS2_j
                0x0000000008000a5c      0xbbc ../../Documents/Daisy/DaisyExamples/libdaisy//build/libdaisy.a(audio.o)
                0x0000000008000a5c                daisy::AudioHandle::Impl::InternalCallback(long*, long*, unsigned int)
 .text._ZN5daisy11AudioHandle4InitERKNS0_6ConfigENS_9SaiHandleE
                0x0000000008001618       0x64 ../../Documents/Daisy/DaisyExamples/libdaisy//build/libdaisy.a(audio.o)
                0x0000000008001618                daisy::AudioHandle::Init(daisy::AudioHandle::Config const&, daisy::SaiHandle)
 .text._ZNK5daisy11AudioHandle9GetConfigEv
                0x000000000800167c        0x8 ../../Documents/Daisy/DaisyExamples/libdaisy//build/libdaisy.a(audio.o)
                0x000000000800167c                daisy::AudioHandle::GetConfig() const
 .text._ZN5daisy11AudioHandle13GetSampleRateEv
                0x0000000008001684        0x8 ../../Documents/Daisy/DaisyExamples/libdaisy//build/libdaisy.a(audio.o)
                0x0000000008001684                daisy::AudioHandle::GetSampleRate()
 .text._ZN5daisy11AudioHandle5StartEPFvPKPKfPPfjE
                0x000000000800168c       0x44 ../../Documents/Daisy/DaisyExamples/libdaisy//build/libdaisy.a(audio.o)
                0x000000000800168c                daisy::AudioHandle::Start(void (*)(float const* const*, float**, unsigned int))
 .text.startup._GLOBAL__sub_I__ZN5daisy11AudioHandle4Impl4InitENS0_6ConfigENS_9SaiHandleE
                0x00000000080016d0       0x10 ../../Documents/Daisy/DaisyExamples/libdaisy//build/libdaisy.a(audio.o)
 .text.dsy_gpio_init
                0x00000000080016e0      0x1b8 ../../Documents/Daisy/DaisyExamples/libdaisy//build/libdaisy.a(gpio.o)
                0x00000000080016e0                dsy_gpio_init
 .text.dsy_gpio_read
                0x0000000008001898       0x1c ../../Documents/Daisy/DaisyExamples/libdaisy//build/libdaisy.a(gpio.o)
                0x0000000008001898                dsy_gpio_read
 .text.dsy_gpio_write
                0x00000000080018b4       0x24 ../../Documents/Daisy/DaisyExamples/libdaisy//build/libdaisy.a(gpio.o)
                0x00000000080018b4                dsy_gpio_write
 .text._ZN5daisy9I2CHandle4Impl8InitPinsEv
                0x00000000080018d8       0x58 ../../Documents/Daisy/DaisyExamples/libdaisy//build/libdaisy.a(i2c.o)
                0x00000000080018d8                daisy::I2CHandle::Impl::InitPins()
 .text.HAL_I2C_MspInit
                0x0000000008001930      0x1b4 ../../Documents/Daisy/DaisyExamples/libdaisy//build/libdaisy.a(i2c.o)
                0x0000000008001930                HAL_I2C_MspInit
 .text.dsy_i2c_global_init
                0x0000000008001ae4       0x78 ../../Documents/Daisy/DaisyExamples/libdaisy//build/libdaisy.a(i2c.o)
                0x0000000008001ae4                dsy_i2c_global_init
 .text.DMA1_Stream6_IRQHandler
                0x0000000008001b5c       0x34 ../../Documents/Daisy/DaisyExamples/libdaisy//build/libdaisy.a(i2c.o)
                0x0000000008001b5c                DMA1_Stream6_IRQHandler
 .text.I2C1_EV_IRQHandler
                0x0000000008001b90        0xc ../../Documents/Daisy/DaisyExamples/libdaisy//build/libdaisy.a(i2c.o)
                0x0000000008001b90                I2C1_EV_IRQHandler
 .text.I2C2_EV_IRQHandler
                0x0000000008001b9c        0xc ../../Documents/Daisy/DaisyExamples/libdaisy//build/libdaisy.a(i2c.o)
                0x0000000008001b9c                I2C2_EV_IRQHandler
 .text.I2C3_EV_IRQHandler
                0x0000000008001ba8        0xc ../../Documents/Daisy/DaisyExamples/libdaisy//build/libdaisy.a(i2c.o)
                0x0000000008001ba8                I2C3_EV_IRQHandler
 .text._ZN5daisy9I2CHandle4InitERKNS0_6ConfigE
                0x0000000008001bb4      0x12c ../../Documents/Daisy/DaisyExamples/libdaisy//build/libdaisy.a(i2c.o)
                0x0000000008001bb4                daisy::I2CHandle::Init(daisy::I2CHandle::Config const&)
 .text._ZN5daisy9I2CHandle16TransmitBlockingEtPhtm
                0x0000000008001ce0       0x50 ../../Documents/Daisy/DaisyExamples/libdaisy//build/libdaisy.a(i2c.o)
                0x0000000008001ce0                daisy::I2CHandle::TransmitBlocking(unsigned short, unsigned char*, unsigned short, unsigned long)
 .text.startup._GLOBAL__sub_I__ZN5daisy9I2CHandle4Impl10GlobalInitEv
                0x0000000008001d30       0x18 ../../Documents/Daisy/DaisyExamples/libdaisy//build/libdaisy.a(i2c.o)
 .text._ZN5daisy10QSPIHandle4Impl11WriteEnableEv
                0x0000000008001d48       0x8c ../../Documents/Daisy/DaisyExamples/libdaisy//build/libdaisy.a(qspi.o)
                0x0000000008001d48                daisy::QSPIHandle::Impl::WriteEnable()
 *fill*         0x0000000008001dd4        0x4 
 .text._ZN5daisy10QSPIHandle4Impl17DummyCyclesConfigENS0_6Config6DeviceE
                0x0000000008001dd8      0x118 ../../Documents/Daisy/DaisyExamples/libdaisy//build/libdaisy.a(qspi.o)
                0x0000000008001dd8                daisy::QSPIHandle::Impl::DummyCyclesConfig(daisy::QSPIHandle::Config::Device)
 .text._ZN5daisy10QSPIHandle4Impl10QuadEnableEv
                0x0000000008001ef0      0x158 ../../Documents/Daisy/DaisyExamples/libdaisy//build/libdaisy.a(qspi.o)
                0x0000000008001ef0                daisy::QSPIHandle::Impl::QuadEnable()
 .text._ZN5daisy10QSPIHandle4InitERKNS0_6ConfigE
                0x0000000008002048      0x198 ../../Documents/Daisy/DaisyExamples/libdaisy//build/libdaisy.a(qspi.o)
                0x0000000008002048                daisy::QSPIHandle::Init(daisy::QSPIHandle::Config const&)
 .text.HAL_QSPI_MspInit
                0x00000000080021e0      0x11c ../../Documents/Daisy/DaisyExamples/libdaisy//build/libdaisy.a(qspi.o)
                0x00000000080021e0                HAL_QSPI_MspInit
 .text.HAL_QSPI_MspDeInit
                0x00000000080022fc       0x54 ../../Documents/Daisy/DaisyExamples/libdaisy//build/libdaisy.a(qspi.o)
                0x00000000080022fc                HAL_QSPI_MspDeInit
 .text.QUADSPI_IRQHandler
                0x0000000008002350        0xc ../../Documents/Daisy/DaisyExamples/libdaisy//build/libdaisy.a(qspi.o)
                0x0000000008002350                QUADSPI_IRQHandler
 .text.startup._GLOBAL__sub_I__ZN5daisy10QSPIHandle4Impl4InitERKNS0_6ConfigE
                0x000000000800235c       0x28 ../../Documents/Daisy/DaisyExamples/libdaisy//build/libdaisy.a(qspi.o)
 .text._ZN5daisy9SaiHandle4Impl7InitDmaENS1_15PeripheralBlockE
                0x0000000008002384       0xa0 ../../Documents/Daisy/DaisyExamples/libdaisy//build/libdaisy.a(sai.o)
                0x0000000008002384                daisy::SaiHandle::Impl::InitDma(daisy::SaiHandle::Impl::PeripheralBlock)
 .text._ZN5daisy9SaiHandle4Impl8InitPinsEv
                0x0000000008002424       0xa8 ../../Documents/Daisy/DaisyExamples/libdaisy//build/libdaisy.a(sai.o)
                0x0000000008002424                daisy::SaiHandle::Impl::InitPins()
 .text.HAL_SAI_MspInit
                0x00000000080024cc      0x164 ../../Documents/Daisy/DaisyExamples/libdaisy//build/libdaisy.a(sai.o)
                0x00000000080024cc                HAL_SAI_MspInit
 .text.DMA1_Stream0_IRQHandler
                0x0000000008002630        0xc ../../Documents/Daisy/DaisyExamples/libdaisy//build/libdaisy.a(sai.o)
                0x0000000008002630                DMA1_Stream0_IRQHandler
 .text.DMA1_Stream1_IRQHandler
                0x000000000800263c        0xc ../../Documents/Daisy/DaisyExamples/libdaisy//build/libdaisy.a(sai.o)
                0x000000000800263c                DMA1_Stream1_IRQHandler
 .text.DMA1_Stream3_IRQHandler
                0x0000000008002648        0xc ../../Documents/Daisy/DaisyExamples/libdaisy//build/libdaisy.a(sai.o)
                0x0000000008002648                DMA1_Stream3_IRQHandler
 .text.DMA1_Stream4_IRQHandler
                0x0000000008002654        0xc ../../Documents/Daisy/DaisyExamples/libdaisy//build/libdaisy.a(sai.o)
                0x0000000008002654                DMA1_Stream4_IRQHandler
 .text.HAL_SAI_RxHalfCpltCallback
                0x0000000008002660       0x78 ../../Documents/Daisy/DaisyExamples/libdaisy//build/libdaisy.a(sai.o)
                0x0000000008002660                HAL_SAI_RxHalfCpltCallback
 .text.HAL_SAI_RxCpltCallback
                0x00000000080026d8       0x70 ../../Documents/Daisy/DaisyExamples/libdaisy//build/libdaisy.a(sai.o)
                0x00000000080026d8                HAL_SAI_RxCpltCallback
 .text._ZN5daisy9SaiHandle4InitERKNS0_6ConfigE
                0x0000000008002748      0x1f0 ../../Documents/Daisy/DaisyExamples/libdaisy//build/libdaisy.a(sai.o)
                0x0000000008002748                daisy::SaiHandle::Init(daisy::SaiHandle::Config const&)
 .text._ZNK5daisy9SaiHandle9GetConfigEv
                0x0000000008002938        0x4 ../../Documents/Daisy/DaisyExamples/libdaisy//build/libdaisy.a(sai.o)
                0x0000000008002938                daisy::SaiHandle::GetConfig() const
 .text._ZN5daisy9SaiHandle8StartDmaEPlS1_jPFvS1_S1_jE
                0x000000000800293c       0xbc ../../Documents/Daisy/DaisyExamples/libdaisy//build/libdaisy.a(sai.o)
                0x000000000800293c                daisy::SaiHandle::StartDma(long*, long*, unsigned int, void (*)(long*, long*, unsigned int))
 .text._ZN5daisy9SaiHandle13GetSampleRateEv
                0x00000000080029f8       0x24 ../../Documents/Daisy/DaisyExamples/libdaisy//build/libdaisy.a(sai.o)
                0x00000000080029f8                daisy::SaiHandle::GetSampleRate()
 .text._ZNK5daisy9SaiHandle9GetOffsetEv
                0x0000000008002a1c        0x8 ../../Documents/Daisy/DaisyExamples/libdaisy//build/libdaisy.a(sai.o)
                0x0000000008002a1c                daisy::SaiHandle::GetOffset() const
 .text._ZN5daisy11TimerHandleD2Ev
                0x0000000008002a24        0x4 ../../Documents/Daisy/DaisyExamples/libdaisy//build/libdaisy.a(system.o)
                0x0000000008002a24                daisy::TimerHandle::~TimerHandle()
                0x0000000008002a24                daisy::TimerHandle::~TimerHandle()
 .text.SysTick_Handler
                0x0000000008002a28       0x10 ../../Documents/Daisy/DaisyExamples/libdaisy//build/libdaisy.a(system.o)
                0x0000000008002a28                SysTick_Handler
 .text.HardFault_Handler
                0x0000000008002a38        0x4 ../../Documents/Daisy/DaisyExamples/libdaisy//build/libdaisy.a(system.o)
                0x0000000008002a38                HardFault_Handler
 .text._ZN5daisy6System5DelayEm
                0x0000000008002a3c        0x4 ../../Documents/Daisy/DaisyExamples/libdaisy//build/libdaisy.a(system.o)
                0x0000000008002a3c                daisy::System::Delay(unsigned long)
 .text._ZN5daisy6System15ConfigureClocksEv
                0x0000000008002a40      0x194 ../../Documents/Daisy/DaisyExamples/libdaisy//build/libdaisy.a(system.o)
                0x0000000008002a40                daisy::System::ConfigureClocks()
 .text._ZN5daisy6System4InitERKNS0_6ConfigE
                0x0000000008002bd4      0x12c ../../Documents/Daisy/DaisyExamples/libdaisy//build/libdaisy.a(system.o)
                0x0000000008002bd4                daisy::System::Init(daisy::System::Config const&)
 .text._ZN5daisy6System12GetPClk1FreqEv
                0x0000000008002d00        0x4 ../../Documents/Daisy/DaisyExamples/libdaisy//build/libdaisy.a(system.o)
                0x0000000008002d00                daisy::System::GetPClk1Freq()
 .text._ZN5daisy6System22GetProgramMemoryRegionEv
                0x0000000008002d04       0x78 ../../Documents/Daisy/DaisyExamples/libdaisy//build/libdaisy.a(system.o)
                0x0000000008002d04                daisy::System::GetProgramMemoryRegion()
 .text.startup._GLOBAL__sub_I_SysTick_Handler
                0x0000000008002d7c       0x1c ../../Documents/Daisy/DaisyExamples/libdaisy//build/libdaisy.a(system.o)
 .text.SystemInit
                0x0000000008002d98       0x9c ../../Documents/Daisy/DaisyExamples/libdaisy//build/libdaisy.a(system_stm32h7xx.o)
                0x0000000008002d98                SystemInit
 .text.dsy_hal_map_get_port
                0x0000000008002e34       0x10 ../../Documents/Daisy/DaisyExamples/libdaisy//build/libdaisy.a(hal_map.o)
                0x0000000008002e34                dsy_hal_map_get_port
 .text.dsy_hal_map_get_pin
                0x0000000008002e44       0x10 ../../Documents/Daisy/DaisyExamples/libdaisy//build/libdaisy.a(hal_map.o)
                0x0000000008002e44                dsy_hal_map_get_pin
 .text.dsy_hal_map_gpio_clk_enable
                0x0000000008002e54      0x150 ../../Documents/Daisy/DaisyExamples/libdaisy//build/libdaisy.a(hal_map.o)
                0x0000000008002e54                dsy_hal_map_gpio_clk_enable
 .text.HAL_MspInit
                0x0000000008002fa4        0x4 ../../Documents/Daisy/DaisyExamples/libdaisy//build/libdaisy.a(stm32h7xx_hal.o)
                0x0000000008002fa4                HAL_MspInit
 .text.HAL_InitTick
                0x0000000008002fa8       0x4c ../../Documents/Daisy/DaisyExamples/libdaisy//build/libdaisy.a(stm32h7xx_hal.o)
                0x0000000008002fa8                HAL_InitTick
 .text.HAL_Init
                0x0000000008002ff4       0x60 ../../Documents/Daisy/DaisyExamples/libdaisy//build/libdaisy.a(stm32h7xx_hal.o)
                0x0000000008002ff4                HAL_Init
 .text.HAL_IncTick
                0x0000000008003054       0x18 ../../Documents/Daisy/DaisyExamples/libdaisy//build/libdaisy.a(stm32h7xx_hal.o)
                0x0000000008003054                HAL_IncTick
 .text.HAL_GetTick
                0x000000000800306c        0xc ../../Documents/Daisy/DaisyExamples/libdaisy//build/libdaisy.a(stm32h7xx_hal.o)
                0x000000000800306c                HAL_GetTick
 .text.HAL_Delay
                0x0000000008003078       0x24 ../../Documents/Daisy/DaisyExamples/libdaisy//build/libdaisy.a(stm32h7xx_hal.o)
                0x0000000008003078                HAL_Delay
 .text.HAL_GetREVID
                0x000000000800309c        0xc ../../Documents/Daisy/DaisyExamples/libdaisy//build/libdaisy.a(stm32h7xx_hal.o)
                0x000000000800309c                HAL_GetREVID
 .text.HAL_NVIC_SetPriorityGrouping
                0x00000000080030a8       0x24 ../../Documents/Daisy/DaisyExamples/libdaisy//build/libdaisy.a(stm32h7xx_hal_cortex.o)
                0x00000000080030a8                HAL_NVIC_SetPriorityGrouping
 .text.HAL_NVIC_SetPriority
                0x00000000080030cc       0x7c ../../Documents/Daisy/DaisyExamples/libdaisy//build/libdaisy.a(stm32h7xx_hal_cortex.o)
                0x00000000080030cc                HAL_NVIC_SetPriority
 .text.HAL_NVIC_EnableIRQ
                0x0000000008003148       0x1c ../../Documents/Daisy/DaisyExamples/libdaisy//build/libdaisy.a(stm32h7xx_hal_cortex.o)
                0x0000000008003148                HAL_NVIC_EnableIRQ
 .text.HAL_NVIC_DisableIRQ
                0x0000000008003164       0x28 ../../Documents/Daisy/DaisyExamples/libdaisy//build/libdaisy.a(stm32h7xx_hal_cortex.o)
                0x0000000008003164                HAL_NVIC_DisableIRQ
 .text.HAL_SYSTICK_Config
                0x000000000800318c       0x2c ../../Documents/Daisy/DaisyExamples/libdaisy//build/libdaisy.a(stm32h7xx_hal_cortex.o)
                0x000000000800318c                HAL_SYSTICK_Config
 .text.HAL_MPU_Disable
                0x00000000080031b8       0x1c ../../Documents/Daisy/DaisyExamples/libdaisy//build/libdaisy.a(stm32h7xx_hal_cortex.o)
                0x00000000080031b8                HAL_MPU_Disable
 .text.HAL_MPU_Enable
                0x00000000080031d4       0x20 ../../Documents/Daisy/DaisyExamples/libdaisy//build/libdaisy.a(stm32h7xx_hal_cortex.o)
                0x00000000080031d4                HAL_MPU_Enable
 .text.HAL_MPU_ConfigRegion
                0x00000000080031f4       0x64 ../../Documents/Daisy/DaisyExamples/libdaisy//build/libdaisy.a(stm32h7xx_hal_cortex.o)
                0x00000000080031f4                HAL_MPU_ConfigRegion
 .text.HAL_SYSTICK_Callback
                0x0000000008003258        0x4 ../../Documents/Daisy/DaisyExamples/libdaisy//build/libdaisy.a(stm32h7xx_hal_cortex.o)
                0x0000000008003258                HAL_SYSTICK_Callback
 .text.HAL_SYSTICK_IRQHandler
                0x000000000800325c        0x8 ../../Documents/Daisy/DaisyExamples/libdaisy//build/libdaisy.a(stm32h7xx_hal_cortex.o)
                0x000000000800325c                HAL_SYSTICK_IRQHandler
 .text.DMA_CalcBaseAndBitshift
                0x0000000008003264       0xf4 ../../Documents/Daisy/DaisyExamples/libdaisy//build/libdaisy.a(stm32h7xx_hal_dma.o)
 .text.DMA_CalcDMAMUXChannelBaseAndMask
                0x0000000008003358       0xd8 ../../Documents/Daisy/DaisyExamples/libdaisy//build/libdaisy.a(stm32h7xx_hal_dma.o)
 .text.HAL_DMA_Init
                0x0000000008003430      0x37c ../../Documents/Daisy/DaisyExamples/libdaisy//build/libdaisy.a(stm32h7xx_hal_dma.o)
                0x0000000008003430                HAL_DMA_Init
 .text.HAL_DMA_Start_IT
                0x00000000080037ac      0x240 ../../Documents/Daisy/DaisyExamples/libdaisy//build/libdaisy.a(stm32h7xx_hal_dma.o)
                0x00000000080037ac                HAL_DMA_Start_IT
 .text.HAL_DMA_Abort_IT
                0x00000000080039ec      0x134 ../../Documents/Daisy/DaisyExamples/libdaisy//build/libdaisy.a(stm32h7xx_hal_dma.o)
                0x00000000080039ec                HAL_DMA_Abort_IT
 .text.HAL_DMA_IRQHandler
                0x0000000008003b20      0x6a0 ../../Documents/Daisy/DaisyExamples/libdaisy//build/libdaisy.a(stm32h7xx_hal_dma.o)
                0x0000000008003b20                HAL_DMA_IRQHandler
 .text.HAL_DMA_GetError
                0x00000000080041c0        0x4 ../../Documents/Daisy/DaisyExamples/libdaisy//build/libdaisy.a(stm32h7xx_hal_dma.o)
                0x00000000080041c0                HAL_DMA_GetError
 .text.HAL_GPIO_Init
                0x00000000080041c4      0x280 ../../Documents/Daisy/DaisyExamples/libdaisy//build/libdaisy.a(stm32h7xx_hal_gpio.o)
                0x00000000080041c4                HAL_GPIO_Init
 .text.HAL_GPIO_DeInit
                0x0000000008004444      0x190 ../../Documents/Daisy/DaisyExamples/libdaisy//build/libdaisy.a(stm32h7xx_hal_gpio.o)
                0x0000000008004444                HAL_GPIO_DeInit
 .text.HAL_GPIO_ReadPin
                0x00000000080045d4        0xc ../../Documents/Daisy/DaisyExamples/libdaisy//build/libdaisy.a(stm32h7xx_hal_gpio.o)
                0x00000000080045d4                HAL_GPIO_ReadPin
 .text.HAL_GPIO_WritePin
                0x00000000080045e0        0x8 ../../Documents/Daisy/DaisyExamples/libdaisy//build/libdaisy.a(stm32h7xx_hal_gpio.o)
                0x00000000080045e0                HAL_GPIO_WritePin
 .text.I2C_WaitOnTXISFlagUntilTimeout
                0x00000000080045e8       0xb8 ../../Documents/Daisy/DaisyExamples/libdaisy//build/libdaisy.a(stm32h7xx_hal_i2c.o)
 .text.I2C_WaitOnSTOPFlagUntilTimeout
                0x00000000080046a0       0xac ../../Documents/Daisy/DaisyExamples/libdaisy//build/libdaisy.a(stm32h7xx_hal_i2c.o)
 .text.HAL_I2C_Init
                0x000000000800474c       0xac ../../Documents/Daisy/DaisyExamples/libdaisy//build/libdaisy.a(stm32h7xx_hal_i2c.o)
                0x000000000800474c                HAL_I2C_Init
 .text.HAL_I2C_Master_Transmit
                0x00000000080047f8      0x1a8 ../../Documents/Daisy/DaisyExamples/libdaisy//build/libdaisy.a(stm32h7xx_hal_i2c.o)
                0x00000000080047f8                HAL_I2C_Master_Transmit
 .text.HAL_I2C_Slave_Transmit
                0x00000000080049a0      0x1c8 ../../Documents/Daisy/DaisyExamples/libdaisy//build/libdaisy.a(stm32h7xx_hal_i2c.o)
                0x00000000080049a0                HAL_I2C_Slave_Transmit
 .text.HAL_I2C_EV_IRQHandler
                0x0000000008004b68       0x10 ../../Documents/Daisy/DaisyExamples/libdaisy//build/libdaisy.a(stm32h7xx_hal_i2c.o)
                0x0000000008004b68                HAL_I2C_EV_IRQHandler
 .text.HAL_I2C_GetState
                0x0000000008004b78        0x8 ../../Documents/Daisy/DaisyExamples/libdaisy//build/libdaisy.a(stm32h7xx_hal_i2c.o)
                0x0000000008004b78                HAL_I2C_GetState
 .text.HAL_I2CEx_ConfigAnalogFilter
                0x0000000008004b80       0x54 ../../Documents/Daisy/DaisyExamples/libdaisy//build/libdaisy.a(stm32h7xx_hal_i2c_ex.o)
                0x0000000008004b80                HAL_I2CEx_ConfigAnalogFilter
 .text.HAL_I2CEx_ConfigDigitalFilter
                0x0000000008004bd4       0x58 ../../Documents/Daisy/DaisyExamples/libdaisy//build/libdaisy.a(stm32h7xx_hal_i2c_ex.o)
                0x0000000008004bd4                HAL_I2CEx_ConfigDigitalFilter
 .text.HAL_PWREx_ConfigSupply
                0x0000000008004c2c       0x4c ../../Documents/Daisy/DaisyExamples/libdaisy//build/libdaisy.a(stm32h7xx_hal_pwr_ex.o)
                0x0000000008004c2c                HAL_PWREx_ConfigSupply
 .text.HAL_PWREx_EnableUSBVoltageDetector
                0x0000000008004c78       0x10 ../../Documents/Daisy/DaisyExamples/libdaisy//build/libdaisy.a(stm32h7xx_hal_pwr_ex.o)
                0x0000000008004c78                HAL_PWREx_EnableUSBVoltageDetector
 .text.QSPI_Config
                0x0000000008004c88      0x174 ../../Documents/Daisy/DaisyExamples/libdaisy//build/libdaisy.a(stm32h7xx_hal_qspi.o)
 .text.HAL_QSPI_Init
                0x0000000008004dfc       0xd8 ../../Documents/Daisy/DaisyExamples/libdaisy//build/libdaisy.a(stm32h7xx_hal_qspi.o)
                0x0000000008004dfc                HAL_QSPI_Init
 .text.HAL_QSPI_DeInit
                0x0000000008004ed4       0x3c ../../Documents/Daisy/DaisyExamples/libdaisy//build/libdaisy.a(stm32h7xx_hal_qspi.o)
                0x0000000008004ed4                HAL_QSPI_DeInit
 .text.HAL_QSPI_Command
                0x0000000008004f10       0xd4 ../../Documents/Daisy/DaisyExamples/libdaisy//build/libdaisy.a(stm32h7xx_hal_qspi.o)
                0x0000000008004f10                HAL_QSPI_Command
 .text.HAL_QSPI_Transmit
                0x0000000008004fe4       0xfc ../../Documents/Daisy/DaisyExamples/libdaisy//build/libdaisy.a(stm32h7xx_hal_qspi.o)
                0x0000000008004fe4                HAL_QSPI_Transmit
 .text.HAL_QSPI_Receive
                0x00000000080050e0      0x108 ../../Documents/Daisy/DaisyExamples/libdaisy//build/libdaisy.a(stm32h7xx_hal_qspi.o)
                0x00000000080050e0                HAL_QSPI_Receive
 .text.HAL_QSPI_AutoPolling
                0x00000000080051e8       0xf0 ../../Documents/Daisy/DaisyExamples/libdaisy//build/libdaisy.a(stm32h7xx_hal_qspi.o)
                0x00000000080051e8                HAL_QSPI_AutoPolling
 .text.HAL_QSPI_MemoryMapped
                0x00000000080052d8       0xc0 ../../Documents/Daisy/DaisyExamples/libdaisy//build/libdaisy.a(stm32h7xx_hal_qspi.o)
                0x00000000080052d8                HAL_QSPI_MemoryMapped
 .text.HAL_QSPI_ErrorCallback
                0x0000000008005398        0x4 ../../Documents/Daisy/DaisyExamples/libdaisy//build/libdaisy.a(stm32h7xx_hal_qspi.o)
                0x0000000008005398                HAL_QSPI_ErrorCallback
 .text.QSPI_DMAAbortCplt
                0x000000000800539c       0x38 ../../Documents/Daisy/DaisyExamples/libdaisy//build/libdaisy.a(stm32h7xx_hal_qspi.o)
 .text.HAL_QSPI_AbortCpltCallback
                0x00000000080053d4        0x4 ../../Documents/Daisy/DaisyExamples/libdaisy//build/libdaisy.a(stm32h7xx_hal_qspi.o)
                0x00000000080053d4                HAL_QSPI_AbortCpltCallback
 .text.HAL_QSPI_CmdCpltCallback
                0x00000000080053d8        0x4 ../../Documents/Daisy/DaisyExamples/libdaisy//build/libdaisy.a(stm32h7xx_hal_qspi.o)
                0x00000000080053d8                HAL_QSPI_CmdCpltCallback
 .text.HAL_QSPI_RxCpltCallback
                0x00000000080053dc        0x4 ../../Documents/Daisy/DaisyExamples/libdaisy//build/libdaisy.a(stm32h7xx_hal_qspi.o)
                0x00000000080053dc                HAL_QSPI_RxCpltCallback
 .text.HAL_QSPI_TxCpltCallback
                0x00000000080053e0        0x4 ../../Documents/Daisy/DaisyExamples/libdaisy//build/libdaisy.a(stm32h7xx_hal_qspi.o)
                0x00000000080053e0                HAL_QSPI_TxCpltCallback
 .text.HAL_QSPI_FifoThresholdCallback
                0x00000000080053e4        0x4 ../../Documents/Daisy/DaisyExamples/libdaisy//build/libdaisy.a(stm32h7xx_hal_qspi.o)
                0x00000000080053e4                HAL_QSPI_FifoThresholdCallback
 .text.HAL_QSPI_StatusMatchCallback
                0x00000000080053e8        0x4 ../../Documents/Daisy/DaisyExamples/libdaisy//build/libdaisy.a(stm32h7xx_hal_qspi.o)
                0x00000000080053e8                HAL_QSPI_StatusMatchCallback
 .text.HAL_QSPI_TimeOutCallback
                0x00000000080053ec        0x4 ../../Documents/Daisy/DaisyExamples/libdaisy//build/libdaisy.a(stm32h7xx_hal_qspi.o)
                0x00000000080053ec                HAL_QSPI_TimeOutCallback
 .text.HAL_QSPI_IRQHandler
                0x00000000080053f0      0x210 ../../Documents/Daisy/DaisyExamples/libdaisy//build/libdaisy.a(stm32h7xx_hal_qspi.o)
                0x00000000080053f0                HAL_QSPI_IRQHandler
 .text.HAL_RCC_OscConfig
                0x0000000008005600      0x51c ../../Documents/Daisy/DaisyExamples/libdaisy//build/libdaisy.a(stm32h7xx_hal_rcc.o)
                0x0000000008005600                HAL_RCC_OscConfig
 .text.HAL_RCC_GetSysClockFreq
                0x0000000008005b1c      0x140 ../../Documents/Daisy/DaisyExamples/libdaisy//build/libdaisy.a(stm32h7xx_hal_rcc.o)
                0x0000000008005b1c                HAL_RCC_GetSysClockFreq
 .text.HAL_RCC_ClockConfig
                0x0000000008005c5c      0x234 ../../Documents/Daisy/DaisyExamples/libdaisy//build/libdaisy.a(stm32h7xx_hal_rcc.o)
                0x0000000008005c5c                HAL_RCC_ClockConfig
 .text.HAL_RCC_GetPCLK1Freq
                0x0000000008005e90       0x38 ../../Documents/Daisy/DaisyExamples/libdaisy//build/libdaisy.a(stm32h7xx_hal_rcc.o)
                0x0000000008005e90                HAL_RCC_GetPCLK1Freq
 .text.RCCEx_PLL2_Config
                0x0000000008005ec8       0xf4 ../../Documents/Daisy/DaisyExamples/libdaisy//build/libdaisy.a(stm32h7xx_hal_rcc_ex.o)
 .text.RCCEx_PLL3_Config
                0x0000000008005fbc       0xf4 ../../Documents/Daisy/DaisyExamples/libdaisy//build/libdaisy.a(stm32h7xx_hal_rcc_ex.o)
 .text.HAL_RCCEx_PeriphCLKConfig
                0x00000000080060b0      0xa7c ../../Documents/Daisy/DaisyExamples/libdaisy//build/libdaisy.a(stm32h7xx_hal_rcc_ex.o)
                0x00000000080060b0                HAL_RCCEx_PeriphCLKConfig
 .text.HAL_RCCEx_GetPLL2ClockFreq
                0x0000000008006b2c      0x17c ../../Documents/Daisy/DaisyExamples/libdaisy//build/libdaisy.a(stm32h7xx_hal_rcc_ex.o)
                0x0000000008006b2c                HAL_RCCEx_GetPLL2ClockFreq
 .text.HAL_RCCEx_GetPLL3ClockFreq
                0x0000000008006ca8      0x17c ../../Documents/Daisy/DaisyExamples/libdaisy//build/libdaisy.a(stm32h7xx_hal_rcc_ex.o)
                0x0000000008006ca8                HAL_RCCEx_GetPLL3ClockFreq
 .text.HAL_RCCEx_GetPLL1ClockFreq
                0x0000000008006e24      0x17c ../../Documents/Daisy/DaisyExamples/libdaisy//build/libdaisy.a(stm32h7xx_hal_rcc_ex.o)
                0x0000000008006e24                HAL_RCCEx_GetPLL1ClockFreq
 .text.HAL_RCCEx_GetPeriphCLKFreq
                0x0000000008006fa0      0x198 ../../Documents/Daisy/DaisyExamples/libdaisy//build/libdaisy.a(stm32h7xx_hal_rcc_ex.o)
                0x0000000008006fa0                HAL_RCCEx_GetPeriphCLKFreq
 .text.HAL_RCCEx_GetD1SysClockFreq
                0x0000000008007138       0x2c ../../Documents/Daisy/DaisyExamples/libdaisy//build/libdaisy.a(stm32h7xx_hal_rcc_ex.o)
                0x0000000008007138                HAL_RCCEx_GetD1SysClockFreq
 .text.HAL_SAI_Init.part.0
                0x0000000008007164      0x348 ../../Documents/Daisy/DaisyExamples/libdaisy//build/libdaisy.a(stm32h7xx_hal_sai.o)
 .text.HAL_SAI_InitProtocol
                0x00000000080074ac      0x178 ../../Documents/Daisy/DaisyExamples/libdaisy//build/libdaisy.a(stm32h7xx_hal_sai.o)
                0x00000000080074ac                HAL_SAI_InitProtocol
 .text.HAL_SAI_Transmit_DMA
                0x0000000008007624      0x124 ../../Documents/Daisy/DaisyExamples/libdaisy//build/libdaisy.a(stm32h7xx_hal_sai.o)
                0x0000000008007624                HAL_SAI_Transmit_DMA
 .text.HAL_SAI_Receive_DMA
                0x0000000008007748       0xd0 ../../Documents/Daisy/DaisyExamples/libdaisy//build/libdaisy.a(stm32h7xx_hal_sai.o)
                0x0000000008007748                HAL_SAI_Receive_DMA
 .text.HAL_SAI_TxCpltCallback
                0x0000000008007818        0x4 ../../Documents/Daisy/DaisyExamples/libdaisy//build/libdaisy.a(stm32h7xx_hal_sai.o)
                0x0000000008007818                HAL_SAI_TxCpltCallback
 .text.SAI_DMATxCplt
                0x000000000800781c       0x64 ../../Documents/Daisy/DaisyExamples/libdaisy//build/libdaisy.a(stm32h7xx_hal_sai.o)
 .text.HAL_SAI_TxHalfCpltCallback
                0x0000000008007880        0x4 ../../Documents/Daisy/DaisyExamples/libdaisy//build/libdaisy.a(stm32h7xx_hal_sai.o)
                0x0000000008007880                HAL_SAI_TxHalfCpltCallback
 .text.SAI_DMATxHalfCplt
                0x0000000008007884        0xc ../../Documents/Daisy/DaisyExamples/libdaisy//build/libdaisy.a(stm32h7xx_hal_sai.o)
 .text.SAI_DMARxCplt
                0x0000000008007890       0x64 ../../Documents/Daisy/DaisyExamples/libdaisy//build/libdaisy.a(stm32h7xx_hal_sai.o)
 .text.SAI_DMARxHalfCplt
                0x00000000080078f4        0xc ../../Documents/Daisy/DaisyExamples/libdaisy//build/libdaisy.a(stm32h7xx_hal_sai.o)
 .text.HAL_SAI_ErrorCallback
                0x0000000008007900        0x4 ../../Documents/Daisy/DaisyExamples/libdaisy//build/libdaisy.a(stm32h7xx_hal_sai.o)
                0x0000000008007900                HAL_SAI_ErrorCallback
 .text.SAI_DMAError
                0x0000000008007904       0x6c ../../Documents/Daisy/DaisyExamples/libdaisy//build/libdaisy.a(stm32h7xx_hal_sai.o)
 .text.HAL_SDRAM_Init
                0x0000000008007970       0x54 ../../Documents/Daisy/DaisyExamples/libdaisy//build/libdaisy.a(stm32h7xx_hal_sdram.o)
                0x0000000008007970                HAL_SDRAM_Init
 .text.HAL_SDRAM_SendCommand
                0x00000000080079c4       0x40 ../../Documents/Daisy/DaisyExamples/libdaisy//build/libdaisy.a(stm32h7xx_hal_sdram.o)
                0x00000000080079c4                HAL_SDRAM_SendCommand
 .text.HAL_SDRAM_ProgramRefreshRate
                0x0000000008007a04       0x30 ../../Documents/Daisy/DaisyExamples/libdaisy//build/libdaisy.a(stm32h7xx_hal_sdram.o)
                0x0000000008007a04                HAL_SDRAM_ProgramRefreshRate
 .text.FMC_SDRAM_Init
                0x0000000008007a34       0x7c ../../Documents/Daisy/DaisyExamples/libdaisy//build/libdaisy.a(stm32h7xx_ll_fmc.o)
                0x0000000008007a34                FMC_SDRAM_Init
 .text.FMC_SDRAM_Timing_Init
                0x0000000008007ab0       0x98 ../../Documents/Daisy/DaisyExamples/libdaisy//build/libdaisy.a(stm32h7xx_ll_fmc.o)
                0x0000000008007ab0                FMC_SDRAM_Timing_Init
 .text.FMC_SDRAM_SendCommand
                0x0000000008007b48       0x28 ../../Documents/Daisy/DaisyExamples/libdaisy//build/libdaisy.a(stm32h7xx_ll_fmc.o)
                0x0000000008007b48                FMC_SDRAM_SendCommand
 .text.FMC_SDRAM_ProgramRefreshRate
                0x0000000008007b70       0x1c ../../Documents/Daisy/DaisyExamples/libdaisy//build/libdaisy.a(stm32h7xx_ll_fmc.o)
                0x0000000008007b70                FMC_SDRAM_ProgramRefreshRate
 .text._ZN5daisy6Random4InitEv
                0x0000000008007b8c       0x3c ../../Documents/Daisy/DaisyExamples/libdaisy//build/libdaisy.a(rng.o)
                0x0000000008007b8c                daisy::Random::Init()
 .text._ZN5daisy9SpiHandle4Impl10StartDmaTxEPhjPFvPvNS0_6ResultEES3_
                0x0000000008007bc8       0xfc ../../Documents/Daisy/DaisyExamples/libdaisy//build/libdaisy.a(spi.o)
                0x0000000008007bc8                daisy::SpiHandle::Impl::StartDmaTx(unsigned char*, unsigned int, void (*)(void*, daisy::SpiHandle::Result), void*)
 .text._ZN5daisy9SpiHandle4Impl10StartDmaRxEPhjPFvPvNS0_6ResultEES3_
                0x0000000008007cc4       0xfc ../../Documents/Daisy/DaisyExamples/libdaisy//build/libdaisy.a(spi.o)
                0x0000000008007cc4                daisy::SpiHandle::Impl::StartDmaRx(unsigned char*, unsigned int, void (*)(void*, daisy::SpiHandle::Result), void*)
 .text._ZN5daisy9SpiHandle4Impl8InitPinsEv
                0x0000000008007dc0      0x274 ../../Documents/Daisy/DaisyExamples/libdaisy//build/libdaisy.a(spi.o)
                0x0000000008007dc0                daisy::SpiHandle::Impl::InitPins()
 .text.HAL_SPI_MspInit
                0x0000000008008034      0x1a8 ../../Documents/Daisy/DaisyExamples/libdaisy//build/libdaisy.a(spi.o)
                0x0000000008008034                HAL_SPI_MspInit
 .text.dsy_spi_global_init
                0x00000000080081dc       0x6c ../../Documents/Daisy/DaisyExamples/libdaisy//build/libdaisy.a(spi.o)
                0x00000000080081dc                dsy_spi_global_init
 .text.SPI1_IRQHandler
                0x0000000008008248        0xc ../../Documents/Daisy/DaisyExamples/libdaisy//build/libdaisy.a(spi.o)
                0x0000000008008248                SPI1_IRQHandler
 .text.DMA1_Stream7_IRQHandler
                0x0000000008008254       0x34 ../../Documents/Daisy/DaisyExamples/libdaisy//build/libdaisy.a(spi.o)
                0x0000000008008254                DMA1_Stream7_IRQHandler
 .text.HAL_SPI_TxCpltCallback
                0x0000000008008288       0x90 ../../Documents/Daisy/DaisyExamples/libdaisy//build/libdaisy.a(spi.o)
                0x0000000008008288                HAL_SPI_TxCpltCallback
 .text.HAL_SPI_RxCpltCallback
                0x0000000008008318       0x90 ../../Documents/Daisy/DaisyExamples/libdaisy//build/libdaisy.a(spi.o)
                0x0000000008008318                HAL_SPI_RxCpltCallback
 .text.HAL_SPI_ErrorCallback
                0x00000000080083a8       0x94 ../../Documents/Daisy/DaisyExamples/libdaisy//build/libdaisy.a(spi.o)
                0x00000000080083a8                HAL_SPI_ErrorCallback
 .text.startup._GLOBAL__sub_I__Z19MapInstanceToHandleP11SPI_TypeDef
                0x000000000800843c      0x168 ../../Documents/Daisy/DaisyExamples/libdaisy//build/libdaisy.a(spi.o)
 .text.HAL_TIM_Base_MspInit
                0x00000000080085a4       0xcc ../../Documents/Daisy/DaisyExamples/libdaisy//build/libdaisy.a(tim.o)
                0x00000000080085a4                HAL_TIM_Base_MspInit
 .text._ZN5daisy11TimerHandle4InitERKNS0_6ConfigE
                0x0000000008008670       0xc4 ../../Documents/Daisy/DaisyExamples/libdaisy//build/libdaisy.a(tim.o)
                0x0000000008008670                daisy::TimerHandle::Init(daisy::TimerHandle::Config const&)
 .text._ZN5daisy11TimerHandle5StartEv
                0x0000000008008734       0x14 ../../Documents/Daisy/DaisyExamples/libdaisy//build/libdaisy.a(tim.o)
                0x0000000008008734                daisy::TimerHandle::Start()
 .text.dsy_dma_init
                0x0000000008008748       0xe0 ../../Documents/Daisy/DaisyExamples/libdaisy//build/libdaisy.a(dma.o)
                0x0000000008008748                dsy_dma_init
 .text.HAL_MDMA_Abort_IT
                0x0000000008008828       0x2c ../../Documents/Daisy/DaisyExamples/libdaisy//build/libdaisy.a(stm32h7xx_hal_mdma.o)
                0x0000000008008828                HAL_MDMA_Abort_IT
 .text.SPI_CloseTransfer
                0x0000000008008854       0xb8 ../../Documents/Daisy/DaisyExamples/libdaisy//build/libdaisy.a(stm32h7xx_hal_spi.o)
 .text.HAL_SPI_Init
                0x000000000800890c      0x15c ../../Documents/Daisy/DaisyExamples/libdaisy//build/libdaisy.a(stm32h7xx_hal_spi.o)
                0x000000000800890c                HAL_SPI_Init
 .text.HAL_SPI_Transmit_DMA
                0x0000000008008a68      0x170 ../../Documents/Daisy/DaisyExamples/libdaisy//build/libdaisy.a(stm32h7xx_hal_spi.o)
                0x0000000008008a68                HAL_SPI_Transmit_DMA
 .text.HAL_SPI_TransmitReceive_DMA
                0x0000000008008bd8      0x218 ../../Documents/Daisy/DaisyExamples/libdaisy//build/libdaisy.a(stm32h7xx_hal_spi.o)
                0x0000000008008bd8                HAL_SPI_TransmitReceive_DMA
 .text.HAL_SPI_Receive_DMA
                0x0000000008008df0      0x1b4 ../../Documents/Daisy/DaisyExamples/libdaisy//build/libdaisy.a(stm32h7xx_hal_spi.o)
                0x0000000008008df0                HAL_SPI_Receive_DMA
 .text.SPI_DMATransmitCplt
                0x0000000008008fa4       0x28 ../../Documents/Daisy/DaisyExamples/libdaisy//build/libdaisy.a(stm32h7xx_hal_spi.o)
 .text.SPI_DMAReceiveCplt
                0x0000000008008fcc       0x28 ../../Documents/Daisy/DaisyExamples/libdaisy//build/libdaisy.a(stm32h7xx_hal_spi.o)
 .text.HAL_SPI_TxRxCpltCallback
                0x0000000008008ff4        0x4 ../../Documents/Daisy/DaisyExamples/libdaisy//build/libdaisy.a(stm32h7xx_hal_spi.o)
                0x0000000008008ff4                HAL_SPI_TxRxCpltCallback
 .text.SPI_DMATransmitReceiveCplt
                0x0000000008008ff8       0x28 ../../Documents/Daisy/DaisyExamples/libdaisy//build/libdaisy.a(stm32h7xx_hal_spi.o)
 .text.HAL_SPI_TxHalfCpltCallback
                0x0000000008009020        0x4 ../../Documents/Daisy/DaisyExamples/libdaisy//build/libdaisy.a(stm32h7xx_hal_spi.o)
                0x0000000008009020                HAL_SPI_TxHalfCpltCallback
 .text.SPI_DMAHalfTransmitCplt
                0x0000000008009024        0xc ../../Documents/Daisy/DaisyExamples/libdaisy//build/libdaisy.a(stm32h7xx_hal_spi.o)
 .text.HAL_SPI_RxHalfCpltCallback
                0x0000000008009030        0x4 ../../Documents/Daisy/DaisyExamples/libdaisy//build/libdaisy.a(stm32h7xx_hal_spi.o)
                0x0000000008009030                HAL_SPI_RxHalfCpltCallback
 .text.SPI_DMAHalfReceiveCplt
                0x0000000008009034        0xc ../../Documents/Daisy/DaisyExamples/libdaisy//build/libdaisy.a(stm32h7xx_hal_spi.o)
 .text.HAL_SPI_TxRxHalfCpltCallback
                0x0000000008009040        0x4 ../../Documents/Daisy/DaisyExamples/libdaisy//build/libdaisy.a(stm32h7xx_hal_spi.o)
                0x0000000008009040                HAL_SPI_TxRxHalfCpltCallback
 .text.SPI_DMAHalfTransmitReceiveCplt
                0x0000000008009044        0xc ../../Documents/Daisy/DaisyExamples/libdaisy//build/libdaisy.a(stm32h7xx_hal_spi.o)
 .text.SPI_DMAError
                0x0000000008009050       0xd8 ../../Documents/Daisy/DaisyExamples/libdaisy//build/libdaisy.a(stm32h7xx_hal_spi.o)
 .text.HAL_SPI_IRQHandler
                0x0000000008009128      0x23c ../../Documents/Daisy/DaisyExamples/libdaisy//build/libdaisy.a(stm32h7xx_hal_spi.o)
                0x0000000008009128                HAL_SPI_IRQHandler
 .text.SPI_DMAAbortOnError
                0x0000000008009364       0x1c ../../Documents/Daisy/DaisyExamples/libdaisy//build/libdaisy.a(stm32h7xx_hal_spi.o)
 .text.HAL_SPI_GetState
                0x0000000008009380        0x8 ../../Documents/Daisy/DaisyExamples/libdaisy//build/libdaisy.a(stm32h7xx_hal_spi.o)
                0x0000000008009380                HAL_SPI_GetState
 .text.HAL_TIM_Base_Init
                0x0000000008009388      0x140 ../../Documents/Daisy/DaisyExamples/libdaisy//build/libdaisy.a(stm32h7xx_hal_tim.o)
                0x0000000008009388                HAL_TIM_Base_Init
 .text.HAL_TIM_Base_Start
                0x00000000080094c8       0x34 ../../Documents/Daisy/DaisyExamples/libdaisy//build/libdaisy.a(stm32h7xx_hal_tim.o)
                0x00000000080094c8                HAL_TIM_Base_Start
 .text.HAL_TIM_ConfigClockSource
                0x00000000080094fc      0x17c ../../Documents/Daisy/DaisyExamples/libdaisy//build/libdaisy.a(stm32h7xx_hal_tim.o)
                0x00000000080094fc                HAL_TIM_ConfigClockSource
 .text.HAL_TIMEx_MasterConfigSynchronization
                0x0000000008009678       0x64 ../../Documents/Daisy/DaisyExamples/libdaisy//build/libdaisy.a(stm32h7xx_hal_tim_ex.o)
                0x0000000008009678                HAL_TIMEx_MasterConfigSynchronization
 .text.__aeabi_atexit
                0x00000000080096dc        0xa /Applications/ARM/bin/../lib/gcc/arm-none-eabi/10.3.1/../../../../arm-none-eabi/lib/thumb/v7e-m+dp/hard/libstdc++_nano.a(atexit_arm.o)
                0x00000000080096dc                __aeabi_atexit
 *fill*         0x00000000080096e6        0x2 
 .text.__cxa_atexit
                0x00000000080096e8       0x1c /Applications/ARM/bin/../lib/gcc/arm-none-eabi/10.3.1/../../../../arm-none-eabi/lib/thumb/v7e-m+dp/hard/libc_nano.a(lib_a-cxa_atexit.o)
                0x00000000080096e8                __cxa_atexit
 .text.__libc_init_array
                0x0000000008009704       0x48 /Applications/ARM/bin/../lib/gcc/arm-none-eabi/10.3.1/../../../../arm-none-eabi/lib/thumb/v7e-m+dp/hard/libc_nano.a(lib_a-init.o)
                0x0000000008009704                __libc_init_array
 .text.memcpy   0x000000000800974c       0x1c /Applications/ARM/bin/../lib/gcc/arm-none-eabi/10.3.1/../../../../arm-none-eabi/lib/thumb/v7e-m+dp/hard/libc_nano.a(lib_a-memcpy-stub.o)
                0x000000000800974c                memcpy
 .text.memset   0x0000000008009768       0x10 /Applications/ARM/bin/../lib/gcc/arm-none-eabi/10.3.1/../../../../arm-none-eabi/lib/thumb/v7e-m+dp/hard/libc_nano.a(lib_a-memset.o)
                0x0000000008009768                memset
 *(.rodata)
 .rodata        0x0000000008009778       0x10 ../../Documents/Daisy/DaisyExamples/libdaisy//build/libdaisy.a(i2c.o)
 .rodata        0x0000000008009788       0x10 ../../Documents/Daisy/DaisyExamples/libdaisy//build/libdaisy.a(tim.o)
 *(.rodata*)
 .rodata.CSWTCH.35
                0x0000000008009798        0x3 ../../Documents/Daisy/DaisyExamples/libdaisy//build/libdaisy.a(sai.o)
 *fill*         0x000000000800979b        0x1 
 .rodata.CSWTCH.36
                0x000000000800979c        0xc ../../Documents/Daisy/DaisyExamples/libdaisy//build/libdaisy.a(sai.o)
 .rodata.CSWTCH.44
                0x00000000080097a8       0x14 ../../Documents/Daisy/DaisyExamples/libdaisy//build/libdaisy.a(sai.o)
 .rodata.D1CorePrescTable
                0x00000000080097bc       0x10 ../../Documents/Daisy/DaisyExamples/libdaisy//build/libdaisy.a(system_stm32h7xx.o)
                0x00000000080097bc                D1CorePrescTable
 .rodata.gpio_hal_pin_map
                0x00000000080097cc       0x20 ../../Documents/Daisy/DaisyExamples/libdaisy//build/libdaisy.a(hal_map.o)
 .rodata.gpio_hal_port_map
                0x00000000080097ec       0x30 ../../Documents/Daisy/DaisyExamples/libdaisy//build/libdaisy.a(hal_map.o)
 .rodata.flagBitshiftOffset.0
                0x000000000800981c        0x8 ../../Documents/Daisy/DaisyExamples/libdaisy//build/libdaisy.a(stm32h7xx_hal_dma.o)
 .rodata._ZL13pins_none_spi
                0x0000000008009824        0x3 ../../Documents/Daisy/DaisyExamples/libdaisy//build/libdaisy.a(spi.o)
 *fill*         0x0000000008009827        0x1 
 .rodata._ZL16pins_periphs_spi
                0x0000000008009828       0x60 ../../Documents/Daisy/DaisyExamples/libdaisy//build/libdaisy.a(spi.o)
 *(.glue_7)
 .glue_7        0x0000000008009888        0x0 linker stubs
 *(.glue_7t)
 .glue_7t       0x0000000008009888        0x0 linker stubs
 *(.init)
 .init          0x0000000008009888        0x4 /Applications/ARM/bin/../lib/gcc/arm-none-eabi/10.3.1/thumb/v7e-m+dp/hard/crti.o
                0x0000000008009888                _init
 .init          0x000000000800988c        0x8 /Applications/ARM/bin/../lib/gcc/arm-none-eabi/10.3.1/thumb/v7e-m+dp/hard/crtn.o
 *(.fini)
 .fini          0x0000000008009894        0x4 /Applications/ARM/bin/../lib/gcc/arm-none-eabi/10.3.1/thumb/v7e-m+dp/hard/crti.o
                0x0000000008009894                _fini
 .fini          0x0000000008009898        0x8 /Applications/ARM/bin/../lib/gcc/arm-none-eabi/10.3.1/thumb/v7e-m+dp/hard/crtn.o
                0x00000000080098a0                . = ALIGN (0x4)
                0x00000000080098a0                _etext = .

.eh_frame       0x00000000080098a0        0x0
 .eh_frame      0x00000000080098a0        0x0 /Applications/ARM/bin/../lib/gcc/arm-none-eabi/10.3.1/thumb/v7e-m+dp/hard/crtbegin.o

.vfp11_veneer   0x00000000080098a0        0x0
 .vfp11_veneer  0x00000000080098a0        0x0 linker stubs

.v4_bx          0x00000000080098a0        0x0
 .v4_bx         0x00000000080098a0        0x0 linker stubs

.iplt           0x00000000080098a0        0x0
 .iplt          0x00000000080098a0        0x0 /Applications/ARM/bin/../lib/gcc/arm-none-eabi/10.3.1/thumb/v7e-m+dp/hard/crtbegin.o

.rel.dyn        0x00000000080098a0        0x0
 .rel.iplt      0x00000000080098a0        0x0 /Applications/ARM/bin/../lib/gcc/arm-none-eabi/10.3.1/thumb/v7e-m+dp/hard/crtbegin.o

.ARM.extab      0x00000000080098a0        0x0
                0x00000000080098a0                . = ALIGN (0x4)
 *(.ARM.extab)
 *(.gnu.linkonce.armextab.*)
                0x00000000080098a0                . = ALIGN (0x4)

.exidx          0x00000000080098a0        0x0
                0x00000000080098a0                . = ALIGN (0x4)
                [!provide]                        PROVIDE (__exidx_start = .)
 *(.ARM.exidx*)
                0x00000000080098a0                . = ALIGN (0x4)
                [!provide]                        PROVIDE (__exidx_end = .)

.ARM.attributes
                0x00000000080098a0       0x2e
 *(.ARM.attributes)
 .ARM.attributes
                0x00000000080098a0       0x1e /Applications/ARM/bin/../lib/gcc/arm-none-eabi/10.3.1/thumb/v7e-m+dp/hard/crti.o
 .ARM.attributes
                0x00000000080098be       0x32 /Applications/ARM/bin/../lib/gcc/arm-none-eabi/10.3.1/thumb/v7e-m+dp/hard/crtbegin.o
 .ARM.attributes
                0x00000000080098f0       0x32 build/startup_stm32h750xx.o
 .ARM.attributes
                0x0000000008009922       0x32 build/DaisyDrone.o
 .ARM.attributes
                0x0000000008009954       0x32 ../../Documents/Daisy/DaisyExamples/libdaisy//build/libdaisy.a(daisy_seed.o)
 .ARM.attributes
                0x0000000008009986       0x32 ../../Documents/Daisy/DaisyExamples/libdaisy//build/libdaisy.a(codec_ak4556.o)
 .ARM.attributes
                0x00000000080099b8       0x32 ../../Documents/Daisy/DaisyExamples/libdaisy//build/libdaisy.a(codec_wm8731.o)
 .ARM.attributes
                0x00000000080099ea       0x32 ../../Documents/Daisy/DaisyExamples/libdaisy//build/libdaisy.a(sdram.o)
 .ARM.attributes
                0x0000000008009a1c       0x32 ../../Documents/Daisy/DaisyExamples/libdaisy//build/libdaisy.a(audio.o)
 .ARM.attributes
                0x0000000008009a4e       0x32 ../../Documents/Daisy/DaisyExamples/libdaisy//build/libdaisy.a(gpio.o)
 .ARM.attributes
                0x0000000008009a80       0x32 ../../Documents/Daisy/DaisyExamples/libdaisy//build/libdaisy.a(i2c.o)
 .ARM.attributes
                0x0000000008009ab2       0x32 ../../Documents/Daisy/DaisyExamples/libdaisy//build/libdaisy.a(qspi.o)
 .ARM.attributes
                0x0000000008009ae4       0x32 ../../Documents/Daisy/DaisyExamples/libdaisy//build/libdaisy.a(sai.o)
 .ARM.attributes
                0x0000000008009b16       0x32 ../../Documents/Daisy/DaisyExamples/libdaisy//build/libdaisy.a(system.o)
 .ARM.attributes
                0x0000000008009b48       0x32 ../../Documents/Daisy/DaisyExamples/libdaisy//build/libdaisy.a(system_stm32h7xx.o)
 .ARM.attributes
                0x0000000008009b7a       0x32 ../../Documents/Daisy/DaisyExamples/libdaisy//build/libdaisy.a(hal_map.o)
 .ARM.attributes
                0x0000000008009bac       0x32 ../../Documents/Daisy/DaisyExamples/libdaisy//build/libdaisy.a(stm32h7xx_hal.o)
 .ARM.attributes
                0x0000000008009bde       0x32 ../../Documents/Daisy/DaisyExamples/libdaisy//build/libdaisy.a(stm32h7xx_hal_cortex.o)
 .ARM.attributes
                0x0000000008009c10       0x32 ../../Documents/Daisy/DaisyExamples/libdaisy//build/libdaisy.a(stm32h7xx_hal_dma.o)
 .ARM.attributes
                0x0000000008009c42       0x32 ../../Documents/Daisy/DaisyExamples/libdaisy//build/libdaisy.a(stm32h7xx_hal_gpio.o)
 .ARM.attributes
                0x0000000008009c74       0x32 ../../Documents/Daisy/DaisyExamples/libdaisy//build/libdaisy.a(stm32h7xx_hal_i2c.o)
 .ARM.attributes
                0x0000000008009ca6       0x32 ../../Documents/Daisy/DaisyExamples/libdaisy//build/libdaisy.a(stm32h7xx_hal_i2c_ex.o)
 .ARM.attributes
                0x0000000008009cd8       0x32 ../../Documents/Daisy/DaisyExamples/libdaisy//build/libdaisy.a(stm32h7xx_hal_pwr_ex.o)
 .ARM.attributes
                0x0000000008009d0a       0x32 ../../Documents/Daisy/DaisyExamples/libdaisy//build/libdaisy.a(stm32h7xx_hal_qspi.o)
 .ARM.attributes
                0x0000000008009d3c       0x32 ../../Documents/Daisy/DaisyExamples/libdaisy//build/libdaisy.a(stm32h7xx_hal_rcc.o)
 .ARM.attributes
                0x0000000008009d6e       0x32 ../../Documents/Daisy/DaisyExamples/libdaisy//build/libdaisy.a(stm32h7xx_hal_rcc_ex.o)
 .ARM.attributes
                0x0000000008009da0       0x32 ../../Documents/Daisy/DaisyExamples/libdaisy//build/libdaisy.a(stm32h7xx_hal_sai.o)
 .ARM.attributes
                0x0000000008009dd2       0x32 ../../Documents/Daisy/DaisyExamples/libdaisy//build/libdaisy.a(stm32h7xx_hal_sdram.o)
 .ARM.attributes
                0x0000000008009e04       0x32 ../../Documents/Daisy/DaisyExamples/libdaisy//build/libdaisy.a(stm32h7xx_ll_fmc.o)
 .ARM.attributes
                0x0000000008009e36       0x32 ../../Documents/Daisy/DaisyExamples/libdaisy//build/libdaisy.a(rng.o)
 .ARM.attributes
                0x0000000008009e68       0x32 ../../Documents/Daisy/DaisyExamples/libdaisy//build/libdaisy.a(spi.o)
 .ARM.attributes
                0x0000000008009e9a       0x32 ../../Documents/Daisy/DaisyExamples/libdaisy//build/libdaisy.a(tim.o)
 .ARM.attributes
                0x0000000008009ecc       0x32 ../../Documents/Daisy/DaisyExamples/libdaisy//build/libdaisy.a(dma.o)
 .ARM.attributes
                0x0000000008009efe       0x32 ../../Documents/Daisy/DaisyExamples/libdaisy//build/libdaisy.a(stm32h7xx_hal_mdma.o)
 .ARM.attributes
                0x0000000008009f30       0x32 ../../Documents/Daisy/DaisyExamples/libdaisy//build/libdaisy.a(stm32h7xx_hal_spi.o)
 .ARM.attributes
                0x0000000008009f62       0x32 ../../Documents/Daisy/DaisyExamples/libdaisy//build/libdaisy.a(stm32h7xx_hal_tim.o)
 .ARM.attributes
                0x0000000008009f94       0x32 ../../Documents/Daisy/DaisyExamples/libdaisy//build/libdaisy.a(stm32h7xx_hal_tim_ex.o)
 .ARM.attributes
                0x0000000008009fc6       0x32 /Applications/ARM/bin/../lib/gcc/arm-none-eabi/10.3.1/../../../../arm-none-eabi/lib/thumb/v7e-m+dp/hard/libstdc++_nano.a(atexit_arm.o)
 .ARM.attributes
                0x0000000008009ff8       0x32 /Applications/ARM/bin/../lib/gcc/arm-none-eabi/10.3.1/../../../../arm-none-eabi/lib/thumb/v7e-m+dp/hard/libc_nano.a(lib_a-cxa_atexit.o)
 .ARM.attributes
                0x000000000800a02a       0x32 /Applications/ARM/bin/../lib/gcc/arm-none-eabi/10.3.1/../../../../arm-none-eabi/lib/thumb/v7e-m+dp/hard/libc_nano.a(lib_a-init.o)
 .ARM.attributes
                0x000000000800a05c       0x32 /Applications/ARM/bin/../lib/gcc/arm-none-eabi/10.3.1/../../../../arm-none-eabi/lib/thumb/v7e-m+dp/hard/libc_nano.a(lib_a-memcpy-stub.o)
 .ARM.attributes
                0x000000000800a08e       0x32 /Applications/ARM/bin/../lib/gcc/arm-none-eabi/10.3.1/../../../../arm-none-eabi/lib/thumb/v7e-m+dp/hard/libc_nano.a(lib_a-memset.o)
 .ARM.attributes
                0x000000000800a0c0       0x1e /Applications/ARM/bin/../lib/gcc/arm-none-eabi/10.3.1/thumb/v7e-m+dp/hard/crtn.o

.preinit_array  0x00000000080098a0        0x0
                0x00000000080098a0                PROVIDE (__preinit_array_start = .)
 *(.preinit_array*)
                0x00000000080098a0                PROVIDE (__preinit_array_end = .)

.init_array     0x00000000080098a0       0x1c
                0x00000000080098a0                PROVIDE (__init_array_start = .)
 *(SORT_BY_NAME(.init_array.*))
 *(.init_array*)
 .init_array    0x00000000080098a0        0x4 /Applications/ARM/bin/../lib/gcc/arm-none-eabi/10.3.1/thumb/v7e-m+dp/hard/crtbegin.o
 .init_array    0x00000000080098a4        0x4 build/DaisyDrone.o
 .init_array    0x00000000080098a8        0x4 ../../Documents/Daisy/DaisyExamples/libdaisy//build/libdaisy.a(audio.o)
 .init_array    0x00000000080098ac        0x4 ../../Documents/Daisy/DaisyExamples/libdaisy//build/libdaisy.a(i2c.o)
 .init_array    0x00000000080098b0        0x4 ../../Documents/Daisy/DaisyExamples/libdaisy//build/libdaisy.a(qspi.o)
 .init_array    0x00000000080098b4        0x4 ../../Documents/Daisy/DaisyExamples/libdaisy//build/libdaisy.a(system.o)
 .init_array    0x00000000080098b8        0x4 ../../Documents/Daisy/DaisyExamples/libdaisy//build/libdaisy.a(spi.o)
                0x00000000080098bc                PROVIDE (__init_array_end = .)

.fini_array     0x00000000080098bc        0x4
                [!provide]                        PROVIDE (__fini_array_start = .)
 *(.fini_array*)
 .fini_array    0x00000000080098bc        0x4 /Applications/ARM/bin/../lib/gcc/arm-none-eabi/10.3.1/thumb/v7e-m+dp/hard/crtbegin.o
 *(SORT_BY_NAME(.fini_array.*))
                [!provide]                        PROVIDE (__fini_array_end = .)

.data           0x0000000024000000      0x160 load address 0x00000000080098c0
                0x0000000024000000                . = ALIGN (0x4)
                0x0000000024000000                _sdata = .
                [!provide]                        PROVIDE (__data_start__ = _sdata)
 *(.data)
 .data          0x0000000024000000        0x4 /Applications/ARM/bin/../lib/gcc/arm-none-eabi/10.3.1/thumb/v7e-m+dp/hard/crtbegin.o
                0x0000000024000000                __dso_handle
 *(.data*)
 .data._ZN5daisy9I2CHandle4Impl21queued_dma_transfers_E
                0x0000000024000004       0x48 ../../Documents/Daisy/DaisyExamples/libdaisy//build/libdaisy.a(i2c.o)
                0x0000000024000004                daisy::I2CHandle::Impl::queued_dma_transfers_
 .data.SystemCoreClock
                0x000000002400004c        0x4 ../../Documents/Daisy/DaisyExamples/libdaisy//build/libdaisy.a(system_stm32h7xx.o)
                0x000000002400004c                SystemCoreClock
 .data.SystemD2Clock
                0x0000000024000050        0x4 ../../Documents/Daisy/DaisyExamples/libdaisy//build/libdaisy.a(system_stm32h7xx.o)
                0x0000000024000050                SystemD2Clock
 .data.uwTickFreq
                0x0000000024000054        0x1 ../../Documents/Daisy/DaisyExamples/libdaisy//build/libdaisy.a(stm32h7xx_hal.o)
 *fill*         0x0000000024000055        0x3 
 .data.uwTickPrio
                0x0000000024000058        0x4 ../../Documents/Daisy/DaisyExamples/libdaisy//build/libdaisy.a(stm32h7xx_hal.o)
 .data._ZL13spi1_pins_nss
                0x000000002400005c        0x9 ../../Documents/Daisy/DaisyExamples/libdaisy//build/libdaisy.a(spi.o)
 *fill*         0x0000000024000065        0x3 
 .data._ZL13spi2_pins_nss
                0x0000000024000068        0x9 ../../Documents/Daisy/DaisyExamples/libdaisy//build/libdaisy.a(spi.o)
 *fill*         0x0000000024000071        0x3 
 .data._ZL13spi3_pins_nss
                0x0000000024000074        0x9 ../../Documents/Daisy/DaisyExamples/libdaisy//build/libdaisy.a(spi.o)
 *fill*         0x000000002400007d        0x3 
 .data._ZL13spi6_pins_nss
                0x0000000024000080        0x9 ../../Documents/Daisy/DaisyExamples/libdaisy//build/libdaisy.a(spi.o)
 *fill*         0x0000000024000089        0x3 
 .data._ZL14spi1_pins_miso
                0x000000002400008c        0x9 ../../Documents/Daisy/DaisyExamples/libdaisy//build/libdaisy.a(spi.o)
 *fill*         0x0000000024000095        0x3 
 .data._ZL14spi1_pins_mosi
                0x0000000024000098        0x9 ../../Documents/Daisy/DaisyExamples/libdaisy//build/libdaisy.a(spi.o)
 *fill*         0x00000000240000a1        0x3 
 .data._ZL14spi1_pins_sclk
                0x00000000240000a4        0x9 ../../Documents/Daisy/DaisyExamples/libdaisy//build/libdaisy.a(spi.o)
 *fill*         0x00000000240000ad        0x3 
 .data._ZL14spi2_pins_miso
                0x00000000240000b0        0x9 ../../Documents/Daisy/DaisyExamples/libdaisy//build/libdaisy.a(spi.o)
 *fill*         0x00000000240000b9        0x3 
 .data._ZL14spi2_pins_mosi
                0x00000000240000bc        0x9 ../../Documents/Daisy/DaisyExamples/libdaisy//build/libdaisy.a(spi.o)
 *fill*         0x00000000240000c5        0x3 
 .data._ZL14spi3_pins_miso
                0x00000000240000c8        0x9 ../../Documents/Daisy/DaisyExamples/libdaisy//build/libdaisy.a(spi.o)
 *fill*         0x00000000240000d1        0x3 
 .data._ZL14spi3_pins_mosi
                0x00000000240000d4        0x9 ../../Documents/Daisy/DaisyExamples/libdaisy//build/libdaisy.a(spi.o)
 *fill*         0x00000000240000dd        0x3 
 .data._ZL14spi3_pins_sclk
                0x00000000240000e0        0x9 ../../Documents/Daisy/DaisyExamples/libdaisy//build/libdaisy.a(spi.o)
 *fill*         0x00000000240000e9        0x3 
 .data._ZL14spi6_pins_miso
                0x00000000240000ec        0x9 ../../Documents/Daisy/DaisyExamples/libdaisy//build/libdaisy.a(spi.o)
 *fill*         0x00000000240000f5        0x3 
 .data._ZL14spi6_pins_mosi
                0x00000000240000f8        0x9 ../../Documents/Daisy/DaisyExamples/libdaisy//build/libdaisy.a(spi.o)
 *fill*         0x0000000024000101        0x3 
 .data._ZL14spi6_pins_sclk
                0x0000000024000104        0x9 ../../Documents/Daisy/DaisyExamples/libdaisy//build/libdaisy.a(spi.o)
 *fill*         0x000000002400010d        0x3 
 .data._ZN5daisy9SpiHandle4Impl21queued_dma_transfers_E
                0x0000000024000110       0x50 ../../Documents/Daisy/DaisyExamples/libdaisy//build/libdaisy.a(spi.o)
                0x0000000024000110                daisy::SpiHandle::Impl::queued_dma_transfers_
                0x0000000024000160                . = ALIGN (0x4)
                0x0000000024000160                _edata = .
                [!provide]                        PROVIDE (__data_end__ = _edata)
                0x00000000080098c0                _sidata = LOADADDR (.data)

.igot.plt       0x0000000024000160        0x0 load address 0x0000000008009a20
 .igot.plt      0x0000000024000160        0x0 /Applications/ARM/bin/../lib/gcc/arm-none-eabi/10.3.1/thumb/v7e-m+dp/hard/crtbegin.o

.bss            0x0000000024000160     0x11e8 load address 0x0000000008009a20
                0x0000000024000160                . = ALIGN (0x4)
                0x0000000024000160                _sbss = .
                0x0000000024000160                PROVIDE (__bss_start__ = _sbss)
 *(.bss)
 .bss           0x0000000024000160       0x1c /Applications/ARM/bin/../lib/gcc/arm-none-eabi/10.3.1/thumb/v7e-m+dp/hard/crtbegin.o
 *(.bss*)
 .bss.hw        0x000000002400017c       0x3c build/DaisyDrone.o
                0x000000002400017c                hw
 .bss._ZL15FMC_Initialized
                0x00000000240001b8        0x4 ../../Documents/Daisy/DaisyExamples/libdaisy//build/libdaisy.a(sdram.o)
 .bss._ZL9dsy_sdram
                0x00000000240001bc       0x38 ../../Documents/Daisy/DaisyExamples/libdaisy//build/libdaisy.a(sdram.o)
 .bss._ZN5daisyL12audio_handleE
                0x00000000240001f4       0x30 ../../Documents/Daisy/DaisyExamples/libdaisy//build/libdaisy.a(audio.o)
 .bss._ZN5daisy9I2CHandle4Impl22dma_active_peripheral_E
                0x0000000024000224        0x1 ../../Documents/Daisy/DaisyExamples/libdaisy//build/libdaisy.a(i2c.o)
                0x0000000024000224                daisy::I2CHandle::Impl::dma_active_peripheral_
 *fill*         0x0000000024000225        0x3 
 .bss._ZN5daisyL11i2c_handlesE
                0x0000000024000228      0x360 ../../Documents/Daisy/DaisyExamples/libdaisy//build/libdaisy.a(i2c.o)
 .bss._ZN5daisyL9qspi_implE
                0x0000000024000588       0x78 ../../Documents/Daisy/DaisyExamples/libdaisy//build/libdaisy.a(qspi.o)
 .bss._ZN5daisyL11sai_handlesE
                0x0000000024000600      0x4b8 ../../Documents/Daisy/DaisyExamples/libdaisy//build/libdaisy.a(sai.o)
 .bss._ZN5daisy6System4tim_E
                0x0000000024000ab8        0x4 ../../Documents/Daisy/DaisyExamples/libdaisy//build/libdaisy.a(system.o)
                0x0000000024000ab8                daisy::System::tim_
 .bss.uwTick    0x0000000024000abc        0x4 ../../Documents/Daisy/DaisyExamples/libdaisy//build/libdaisy.a(stm32h7xx_hal.o)
 .bss._ZL11spi_handles
                0x0000000024000ac0      0x6f0 ../../Documents/Daisy/DaisyExamples/libdaisy//build/libdaisy.a(spi.o)
 .bss._ZL13spi4_pins_nss
                0x00000000240011b0        0x9 ../../Documents/Daisy/DaisyExamples/libdaisy//build/libdaisy.a(spi.o)
 *fill*         0x00000000240011b9        0x3 
 .bss._ZL13spi5_pins_nss
                0x00000000240011bc        0x9 ../../Documents/Daisy/DaisyExamples/libdaisy//build/libdaisy.a(spi.o)
 *fill*         0x00000000240011c5        0x3 
 .bss._ZL14spi2_pins_sclk
                0x00000000240011c8        0x9 ../../Documents/Daisy/DaisyExamples/libdaisy//build/libdaisy.a(spi.o)
 *fill*         0x00000000240011d1        0x3 
 .bss._ZL14spi4_pins_miso
                0x00000000240011d4        0x9 ../../Documents/Daisy/DaisyExamples/libdaisy//build/libdaisy.a(spi.o)
 *fill*         0x00000000240011dd        0x3 
 .bss._ZL14spi4_pins_mosi
                0x00000000240011e0        0x9 ../../Documents/Daisy/DaisyExamples/libdaisy//build/libdaisy.a(spi.o)
 *fill*         0x00000000240011e9        0x3 
 .bss._ZL14spi4_pins_sclk
                0x00000000240011ec        0x9 ../../Documents/Daisy/DaisyExamples/libdaisy//build/libdaisy.a(spi.o)
 *fill*         0x00000000240011f5        0x3 
 .bss._ZL14spi5_pins_miso
                0x00000000240011f8        0x9 ../../Documents/Daisy/DaisyExamples/libdaisy//build/libdaisy.a(spi.o)
 *fill*         0x0000000024001201        0x3 
 .bss._ZL14spi5_pins_mosi
                0x0000000024001204        0x9 ../../Documents/Daisy/DaisyExamples/libdaisy//build/libdaisy.a(spi.o)
 *fill*         0x000000002400120d        0x3 
 .bss._ZL14spi5_pins_sclk
                0x0000000024001210        0x9 ../../Documents/Daisy/DaisyExamples/libdaisy//build/libdaisy.a(spi.o)
 *fill*         0x0000000024001219        0x3 
 .bss._ZN5daisy9SpiHandle4Impl14next_callback_E
                0x000000002400121c        0x4 ../../Documents/Daisy/DaisyExamples/libdaisy//build/libdaisy.a(spi.o)
                0x000000002400121c                daisy::SpiHandle::Impl::next_callback_
 .bss._ZN5daisy9SpiHandle4Impl22dma_active_peripheral_E
                0x0000000024001220        0x1 ../../Documents/Daisy/DaisyExamples/libdaisy//build/libdaisy.a(spi.o)
                0x0000000024001220                daisy::SpiHandle::Impl::dma_active_peripheral_
 *fill*         0x0000000024001221        0x3 
 .bss._ZN5daisy9SpiHandle4Impl22next_callback_context_E
                0x0000000024001224        0x4 ../../Documents/Daisy/DaisyExamples/libdaisy//build/libdaisy.a(spi.o)
                0x0000000024001224                daisy::SpiHandle::Impl::next_callback_context_
 .bss._ZN5daisyL11tim_handlesE
                0x0000000024001228      0x120 ../../Documents/Daisy/DaisyExamples/libdaisy//build/libdaisy.a(tim.o)
 *(COMMON)
                0x0000000024001348                . = ALIGN (0x4)
                0x0000000024001348                _ebss = .
                0x0000000024001348                PROVIDE (__bss_end__ = _ebss)
                [!provide]                        PROVIDE (end = .)

.dtcmram_bss    0x0000000020000000        0x0
                0x0000000020000000                . = ALIGN (0x4)
                0x0000000020000000                _sdtcmram_bss = .
                [!provide]                        PROVIDE (__dtcmram_bss_start__ = _sdtcmram_bss)
 *(.dtcmram_bss)
 *(.dtcmram_bss*)
                0x0000000020000000                . = ALIGN (0x4)
                0x0000000020000000                _edtcmram_bss = .
                [!provide]                        PROVIDE (__dtcmram_bss_end__ = _edtcmram_bss)

.sram1_bss      0x0000000030000000     0x4000
                0x0000000030000000                . = ALIGN (0x4)
                0x0000000030000000                _ssram1_bss = .
                [!provide]                        PROVIDE (__sram1_bss_start__ = _sram1_bss)
 *(.sram1_bss)
 .sram1_bss     0x0000000030000000     0x4000 ../../Documents/Daisy/DaisyExamples/libdaisy//build/libdaisy.a(audio.o)
 *(.sram1_bss*)
                0x0000000030004000                . = ALIGN (0x4)
                0x0000000030004000                _esram1_bss = .
                [!provide]                        PROVIDE (__sram1_bss_end__ = _esram1_bss)

.sdram_bss      0x00000000c0000000        0x0
                0x00000000c0000000                . = ALIGN (0x4)
                0x00000000c0000000                _ssdram_bss = .
                [!provide]                        PROVIDE (__sdram_bss_start = _ssdram_bss)
 *(.sdram_bss)
 *(.sdram_bss*)
                0x00000000c0000000                . = ALIGN (0x4)
                0x00000000c0000000                _esdram_bss = .
                [!provide]                        PROVIDE (__sdram_bss_end = _esdram_bss)

.qspiflash_text
                0x0000000090000000        0x0
                0x0000000090000000                . = ALIGN (0x4)
                0x0000000090000000                _sqspiflash_text = .
                [!provide]                        PROVIDE (__qspiflash_text_start = _sqspiflash_text)
 *(.qspiflash_text)
 *(.qspiflash_text*)
                0x0000000090000000                . = ALIGN (0x4)
                0x0000000090000000                _eqspiflash_text = .
                [!provide]                        PROVIDE (__qspiflash_text_end = _eqspiflash_text)

.qspiflash_data
                0x0000000090000000        0x0
                0x0000000090000000                . = ALIGN (0x4)
                0x0000000090000000                _sqspiflash_data = .
                [!provide]                        PROVIDE (__qspiflash_data_start = _sqspiflash_data)
 *(.qspiflash_data)
 *(.qspiflash_data*)
                0x0000000090000000                . = ALIGN (0x4)
                0x0000000090000000                _eqspiflash_data = .
                [!provide]                        PROVIDE (__qspiflash_data_end = _eqspiflash_data)

.qspiflash_bss  0x0000000090000000        0x0
                0x0000000090000000                . = ALIGN (0x4)
                0x0000000090000000                _sqspiflash_bss = .
                [!provide]                        PROVIDE (__qspiflash_bss_start = _sqspiflash_bss)
 *(.qspiflash_bss)
 *(.qspiflash_bss*)
                0x0000000090000000                . = ALIGN (0x4)
                0x0000000090000000                _eqspiflash_bss = .
                [!provide]                        PROVIDE (__qspiflash_bss_end = _eqspiflash_bss)

.heap           0x0000000024001348        0x0
                0x0000000024001348                . = ALIGN (0x4)
                [!provide]                        PROVIDE (__heap_start__ = .)
 *(.heap)
                0x0000000024001348                . = ALIGN (0x4)
                [!provide]                        PROVIDE (__heap_end__ = .)

.reserved_for_stack
                0x0000000024001348        0x0
                0x0000000024001348                . = ALIGN (0x4)
                [!provide]                        PROVIDE (__reserved_for_stack_start__ = .)
 *(.reserved_for_stack)
                0x0000000024001348                . = ALIGN (0x4)
                [!provide]                        PROVIDE (__reserved_for_stack_end__ = .)

DISCARD
 libc.a(*)
 libm.a(*)
 libgcc.a(*)
OUTPUT(build/DaisyDrone.elf elf32-littlearm)
LOAD linker stubs
LOAD /Applications/ARM/bin/../lib/gcc/arm-none-eabi/10.3.1/../../../../arm-none-eabi/lib/thumb/v7e-m+dp/hard/libc.a
LOAD /Applications/ARM/bin/../lib/gcc/arm-none-eabi/10.3.1/../../../../arm-none-eabi/lib/thumb/v7e-m+dp/hard/libm.a
LOAD /Applications/ARM/bin/../lib/gcc/arm-none-eabi/10.3.1/thumb/v7e-m+dp/hard/libgcc.a

.debug_info     0x0000000000000000    0x5a9b6
 .debug_info    0x0000000000000000      0x1d0 build/startup_stm32h750xx.o
 .debug_info    0x00000000000001d0     0x5f36 build/DaisyDrone.o
 .debug_info    0x0000000000006106     0x4ae2 ../../Documents/Daisy/DaisyExamples/libdaisy//build/libdaisy.a(daisy_seed.o)
 .debug_info    0x000000000000abe8     0x1408 ../../Documents/Daisy/DaisyExamples/libdaisy//build/libdaisy.a(codec_ak4556.o)
 .debug_info    0x000000000000bff0     0x2073 ../../Documents/Daisy/DaisyExamples/libdaisy//build/libdaisy.a(codec_wm8731.o)
 .debug_info    0x000000000000e063     0x332e ../../Documents/Daisy/DaisyExamples/libdaisy//build/libdaisy.a(sdram.o)
 .debug_info    0x0000000000011391     0x3071 ../../Documents/Daisy/DaisyExamples/libdaisy//build/libdaisy.a(audio.o)
 .debug_info    0x0000000000014402      0xc1b ../../Documents/Daisy/DaisyExamples/libdaisy//build/libdaisy.a(gpio.o)
 .debug_info    0x000000000001501d     0x6ea8 ../../Documents/Daisy/DaisyExamples/libdaisy//build/libdaisy.a(i2c.o)
 .debug_info    0x000000000001bec5     0x7da7 ../../Documents/Daisy/DaisyExamples/libdaisy//build/libdaisy.a(qspi.o)
 .debug_info    0x0000000000023c6c     0x4962 ../../Documents/Daisy/DaisyExamples/libdaisy//build/libdaisy.a(sai.o)
 .debug_info    0x00000000000285ce     0x4585 ../../Documents/Daisy/DaisyExamples/libdaisy//build/libdaisy.a(system.o)
 .debug_info    0x000000000002cb53      0xa4b ../../Documents/Daisy/DaisyExamples/libdaisy//build/libdaisy.a(system_stm32h7xx.o)
 .debug_info    0x000000000002d59e      0x80c ../../Documents/Daisy/DaisyExamples/libdaisy//build/libdaisy.a(hal_map.o)
 .debug_info    0x000000000002ddaa     0x16d6 ../../Documents/Daisy/DaisyExamples/libdaisy//build/libdaisy.a(stm32h7xx_hal.o)
 .debug_info    0x000000000002f480     0x13f0 ../../Documents/Daisy/DaisyExamples/libdaisy//build/libdaisy.a(stm32h7xx_hal_cortex.o)
 .debug_info    0x0000000000030870      0xf2f ../../Documents/Daisy/DaisyExamples/libdaisy//build/libdaisy.a(stm32h7xx_hal_dma.o)
 .debug_info    0x000000000003179f      0xd4d ../../Documents/Daisy/DaisyExamples/libdaisy//build/libdaisy.a(stm32h7xx_hal_gpio.o)
 .debug_info    0x00000000000324ec     0x6323 ../../Documents/Daisy/DaisyExamples/libdaisy//build/libdaisy.a(stm32h7xx_hal_i2c.o)
 .debug_info    0x000000000003880f      0xe5a ../../Documents/Daisy/DaisyExamples/libdaisy//build/libdaisy.a(stm32h7xx_hal_i2c_ex.o)
 .debug_info    0x0000000000039669      0xf42 ../../Documents/Daisy/DaisyExamples/libdaisy//build/libdaisy.a(stm32h7xx_hal_pwr_ex.o)
 .debug_info    0x000000000003a5ab     0x1ed9 ../../Documents/Daisy/DaisyExamples/libdaisy//build/libdaisy.a(stm32h7xx_hal_qspi.o)
 .debug_info    0x000000000003c484     0x1267 ../../Documents/Daisy/DaisyExamples/libdaisy//build/libdaisy.a(stm32h7xx_hal_rcc.o)
 .debug_info    0x000000000003d6eb     0x16c3 ../../Documents/Daisy/DaisyExamples/libdaisy//build/libdaisy.a(stm32h7xx_hal_rcc_ex.o)
 .debug_info    0x000000000003edae     0x2063 ../../Documents/Daisy/DaisyExamples/libdaisy//build/libdaisy.a(stm32h7xx_hal_sai.o)
 .debug_info    0x0000000000040e11     0x12ab ../../Documents/Daisy/DaisyExamples/libdaisy//build/libdaisy.a(stm32h7xx_hal_sdram.o)
 .debug_info    0x00000000000420bc      0xd17 ../../Documents/Daisy/DaisyExamples/libdaisy//build/libdaisy.a(stm32h7xx_ll_fmc.o)
 .debug_info    0x0000000000042dd3     0x2d3e ../../Documents/Daisy/DaisyExamples/libdaisy//build/libdaisy.a(rng.o)
 .debug_info    0x0000000000045b11     0x6613 ../../Documents/Daisy/DaisyExamples/libdaisy//build/libdaisy.a(spi.o)
 .debug_info    0x000000000004c124     0x461a ../../Documents/Daisy/DaisyExamples/libdaisy//build/libdaisy.a(tim.o)
 .debug_info    0x000000000005073e     0x114f ../../Documents/Daisy/DaisyExamples/libdaisy//build/libdaisy.a(dma.o)
 .debug_info    0x000000000005188d      0xffe ../../Documents/Daisy/DaisyExamples/libdaisy//build/libdaisy.a(stm32h7xx_hal_mdma.o)
 .debug_info    0x000000000005288b     0x1bc0 ../../Documents/Daisy/DaisyExamples/libdaisy//build/libdaisy.a(stm32h7xx_hal_spi.o)
 .debug_info    0x000000000005444b     0x4b86 ../../Documents/Daisy/DaisyExamples/libdaisy//build/libdaisy.a(stm32h7xx_hal_tim.o)
 .debug_info    0x0000000000058fd1     0x19e5 ../../Documents/Daisy/DaisyExamples/libdaisy//build/libdaisy.a(stm32h7xx_hal_tim_ex.o)

.debug_abbrev   0x0000000000000000     0x955d
 .debug_abbrev  0x0000000000000000      0x136 build/startup_stm32h750xx.o
 .debug_abbrev  0x0000000000000136      0x810 build/DaisyDrone.o
 .debug_abbrev  0x0000000000000946      0x8ab ../../Documents/Daisy/DaisyExamples/libdaisy//build/libdaisy.a(daisy_seed.o)
 .debug_abbrev  0x00000000000011f1      0x3ae ../../Documents/Daisy/DaisyExamples/libdaisy//build/libdaisy.a(codec_ak4556.o)
 .debug_abbrev  0x000000000000159f      0x4f9 ../../Documents/Daisy/DaisyExamples/libdaisy//build/libdaisy.a(codec_wm8731.o)
 .debug_abbrev  0x0000000000001a98      0x4f1 ../../Documents/Daisy/DaisyExamples/libdaisy//build/libdaisy.a(sdram.o)
 .debug_abbrev  0x0000000000001f89      0x672 ../../Documents/Daisy/DaisyExamples/libdaisy//build/libdaisy.a(audio.o)
 .debug_abbrev  0x00000000000025fb      0x292 ../../Documents/Daisy/DaisyExamples/libdaisy//build/libdaisy.a(gpio.o)
 .debug_abbrev  0x000000000000288d      0x984 ../../Documents/Daisy/DaisyExamples/libdaisy//build/libdaisy.a(i2c.o)
 .debug_abbrev  0x0000000000003211      0x8c0 ../../Documents/Daisy/DaisyExamples/libdaisy//build/libdaisy.a(qspi.o)
 .debug_abbrev  0x0000000000003ad1      0x7c2 ../../Documents/Daisy/DaisyExamples/libdaisy//build/libdaisy.a(sai.o)
 .debug_abbrev  0x0000000000004293      0x768 ../../Documents/Daisy/DaisyExamples/libdaisy//build/libdaisy.a(system.o)
 .debug_abbrev  0x00000000000049fb      0x14a ../../Documents/Daisy/DaisyExamples/libdaisy//build/libdaisy.a(system_stm32h7xx.o)
 .debug_abbrev  0x0000000000004b45      0x193 ../../Documents/Daisy/DaisyExamples/libdaisy//build/libdaisy.a(hal_map.o)
 .debug_abbrev  0x0000000000004cd8      0x2b5 ../../Documents/Daisy/DaisyExamples/libdaisy//build/libdaisy.a(stm32h7xx_hal.o)
 .debug_abbrev  0x0000000000004f8d      0x35f ../../Documents/Daisy/DaisyExamples/libdaisy//build/libdaisy.a(stm32h7xx_hal_cortex.o)
 .debug_abbrev  0x00000000000052ec      0x343 ../../Documents/Daisy/DaisyExamples/libdaisy//build/libdaisy.a(stm32h7xx_hal_dma.o)
 .debug_abbrev  0x000000000000562f      0x237 ../../Documents/Daisy/DaisyExamples/libdaisy//build/libdaisy.a(stm32h7xx_hal_gpio.o)
 .debug_abbrev  0x0000000000005866      0x3cb ../../Documents/Daisy/DaisyExamples/libdaisy//build/libdaisy.a(stm32h7xx_hal_i2c.o)
 .debug_abbrev  0x0000000000005c31      0x1e5 ../../Documents/Daisy/DaisyExamples/libdaisy//build/libdaisy.a(stm32h7xx_hal_i2c_ex.o)
 .debug_abbrev  0x0000000000005e16      0x327 ../../Documents/Daisy/DaisyExamples/libdaisy//build/libdaisy.a(stm32h7xx_hal_pwr_ex.o)
 .debug_abbrev  0x000000000000613d      0x300 ../../Documents/Daisy/DaisyExamples/libdaisy//build/libdaisy.a(stm32h7xx_hal_qspi.o)
 .debug_abbrev  0x000000000000643d      0x2d7 ../../Documents/Daisy/DaisyExamples/libdaisy//build/libdaisy.a(stm32h7xx_hal_rcc.o)
 .debug_abbrev  0x0000000000006714      0x309 ../../Documents/Daisy/DaisyExamples/libdaisy//build/libdaisy.a(stm32h7xx_hal_rcc_ex.o)
 .debug_abbrev  0x0000000000006a1d      0x334 ../../Documents/Daisy/DaisyExamples/libdaisy//build/libdaisy.a(stm32h7xx_hal_sai.o)
 .debug_abbrev  0x0000000000006d51      0x25e ../../Documents/Daisy/DaisyExamples/libdaisy//build/libdaisy.a(stm32h7xx_hal_sdram.o)
 .debug_abbrev  0x0000000000006faf      0x19b ../../Documents/Daisy/DaisyExamples/libdaisy//build/libdaisy.a(stm32h7xx_ll_fmc.o)
 .debug_abbrev  0x000000000000714a      0x4f4 ../../Documents/Daisy/DaisyExamples/libdaisy//build/libdaisy.a(rng.o)
 .debug_abbrev  0x000000000000763e      0x940 ../../Documents/Daisy/DaisyExamples/libdaisy//build/libdaisy.a(spi.o)
 .debug_abbrev  0x0000000000007f7e      0x6e5 ../../Documents/Daisy/DaisyExamples/libdaisy//build/libdaisy.a(tim.o)
 .debug_abbrev  0x0000000000008663      0x1f6 ../../Documents/Daisy/DaisyExamples/libdaisy//build/libdaisy.a(dma.o)
 .debug_abbrev  0x0000000000008859      0x2cd ../../Documents/Daisy/DaisyExamples/libdaisy//build/libdaisy.a(stm32h7xx_hal_mdma.o)
 .debug_abbrev  0x0000000000008b26      0x3d0 ../../Documents/Daisy/DaisyExamples/libdaisy//build/libdaisy.a(stm32h7xx_hal_spi.o)
 .debug_abbrev  0x0000000000008ef6      0x366 ../../Documents/Daisy/DaisyExamples/libdaisy//build/libdaisy.a(stm32h7xx_hal_tim.o)
 .debug_abbrev  0x000000000000925c      0x301 ../../Documents/Daisy/DaisyExamples/libdaisy//build/libdaisy.a(stm32h7xx_hal_tim_ex.o)

.debug_aranges  0x0000000000000000     0x1b00
 .debug_aranges
                0x0000000000000000       0x28 build/startup_stm32h750xx.o
 .debug_aranges
                0x0000000000000028       0x38 build/DaisyDrone.o
 .debug_aranges
                0x0000000000000060       0xc0 ../../Documents/Daisy/DaisyExamples/libdaisy//build/libdaisy.a(daisy_seed.o)
 .debug_aranges
                0x0000000000000120       0x28 ../../Documents/Daisy/DaisyExamples/libdaisy//build/libdaisy.a(codec_ak4556.o)
 .debug_aranges
                0x0000000000000148       0x28 ../../Documents/Daisy/DaisyExamples/libdaisy//build/libdaisy.a(codec_wm8731.o)
 .debug_aranges
                0x0000000000000170       0x58 ../../Documents/Daisy/DaisyExamples/libdaisy//build/libdaisy.a(sdram.o)
 .debug_aranges