Archive member included to satisfy reference by file (symbol)

../../Documents/Daisy/DaisyExamples/libdaisy//build/libdaisy.a(daisy_seed.o)
                              build/DaisyDrone.o (daisy::DaisySeed::Configure())
../../Documents/Daisy/DaisyExamples/libdaisy//build/libdaisy.a(codec_ak4556.o)
                              ../../Documents/Daisy/DaisyExamples/libdaisy//build/libdaisy.a(daisy_seed.o) (daisy::Ak4556::Init(dsy_gpio_pin))
../../Documents/Daisy/DaisyExamples/libdaisy//build/libdaisy.a(codec_wm8731.o)
                              ../../Documents/Daisy/DaisyExamples/libdaisy//build/libdaisy.a(daisy_seed.o) (daisy::Wm8731::Init(daisy::Wm8731::Config const&, daisy::I2CHandle))
../../Documents/Daisy/DaisyExamples/libdaisy//build/libdaisy.a(sdram.o)
                              ../../Documents/Daisy/DaisyExamples/libdaisy//build/libdaisy.a(daisy_seed.o) (SdramHandle::Init())
../../Documents/Daisy/DaisyExamples/libdaisy//build/libdaisy.a(audio.o)
                              ../../Documents/Daisy/DaisyExamples/libdaisy//build/libdaisy.a(daisy_seed.o) (daisy::AudioHandle::Init(daisy::AudioHandle::Config const&, daisy::SaiHandle))
../../Documents/Daisy/DaisyExamples/libdaisy//build/libdaisy.a(led.o)
                              build/DaisyDrone.o (daisy::Led::Init(dsy_gpio_pin, bool, float))
../../Documents/Daisy/DaisyExamples/libdaisy//build/libdaisy.a(logger.o)
                              build/DaisyDrone.o (daisy::Logger<(daisy::LoggerDestination)1>::PrintLine(char const*, ...))
../../Documents/Daisy/DaisyExamples/libdaisy//build/libdaisy.a(usb.o)
                              ../../Documents/Daisy/DaisyExamples/libdaisy//build/libdaisy.a(logger.o) (daisy::UsbHandle::Init(daisy::UsbHandle::UsbPeriph))
../../Documents/Daisy/DaisyExamples/libdaisy//build/libdaisy.a(adc.o)
                              build/DaisyDrone.o (daisy::AdcChannelConfig::InitSingle(dsy_gpio_pin))
../../Documents/Daisy/DaisyExamples/libdaisy//build/libdaisy.a(gpio.o)
                              ../../Documents/Daisy/DaisyExamples/libdaisy//build/libdaisy.a(daisy_seed.o) (dsy_gpio_init)
../../Documents/Daisy/DaisyExamples/libdaisy//build/libdaisy.a(i2c.o)
                              ../../Documents/Daisy/DaisyExamples/libdaisy//build/libdaisy.a(daisy_seed.o) (daisy::I2CHandle::Init(daisy::I2CHandle::Config const&))
../../Documents/Daisy/DaisyExamples/libdaisy//build/libdaisy.a(qspi.o)
                              ../../Documents/Daisy/DaisyExamples/libdaisy//build/libdaisy.a(daisy_seed.o) (daisy::QSPIHandle::Init(daisy::QSPIHandle::Config const&))
../../Documents/Daisy/DaisyExamples/libdaisy//build/libdaisy.a(sai.o)
                              ../../Documents/Daisy/DaisyExamples/libdaisy//build/libdaisy.a(daisy_seed.o) (daisy::SaiHandle::Init(daisy::SaiHandle::Config const&))
../../Documents/Daisy/DaisyExamples/libdaisy//build/libdaisy.a(system.o)
                              ../../Documents/Daisy/DaisyExamples/libdaisy//build/libdaisy.a(daisy_seed.o) (daisy::System::DeInit())
../../Documents/Daisy/DaisyExamples/libdaisy//build/libdaisy.a(system_stm32h7xx.o)
                              build/startup_stm32h750xx.o (SystemInit)
../../Documents/Daisy/DaisyExamples/libdaisy//build/libdaisy.a(usbd_cdc_if.o)
                              ../../Documents/Daisy/DaisyExamples/libdaisy//build/libdaisy.a(usb.o) (CDC_Transmit_FS)
../../Documents/Daisy/DaisyExamples/libdaisy//build/libdaisy.a(usbd_conf.o)
                              ../../Documents/Daisy/DaisyExamples/libdaisy//build/libdaisy.a(usb.o) (hpcd_USB_OTG_HS)
../../Documents/Daisy/DaisyExamples/libdaisy//build/libdaisy.a(usbd_desc.o)
                              ../../Documents/Daisy/DaisyExamples/libdaisy//build/libdaisy.a(usb.o) (HS_Desc)
../../Documents/Daisy/DaisyExamples/libdaisy//build/libdaisy.a(hal_map.o)
                              ../../Documents/Daisy/DaisyExamples/libdaisy//build/libdaisy.a(gpio.o) (dsy_hal_map_get_port)
../../Documents/Daisy/DaisyExamples/libdaisy//build/libdaisy.a(stm32h7xx_hal.o)
                              ../../Documents/Daisy/DaisyExamples/libdaisy//build/libdaisy.a(system.o) (HAL_Init)
../../Documents/Daisy/DaisyExamples/libdaisy//build/libdaisy.a(stm32h7xx_hal_adc.o)
                              ../../Documents/Daisy/DaisyExamples/libdaisy//build/libdaisy.a(adc.o) (HAL_ADC_ConfigChannel)
../../Documents/Daisy/DaisyExamples/libdaisy//build/libdaisy.a(stm32h7xx_hal_adc_ex.o)
                              ../../Documents/Daisy/DaisyExamples/libdaisy//build/libdaisy.a(adc.o) (HAL_ADCEx_Calibration_Start)
../../Documents/Daisy/DaisyExamples/libdaisy//build/libdaisy.a(stm32h7xx_hal_cortex.o)
                              ../../Documents/Daisy/DaisyExamples/libdaisy//build/libdaisy.a(stm32h7xx_hal.o) (HAL_NVIC_SetPriorityGrouping)
../../Documents/Daisy/DaisyExamples/libdaisy//build/libdaisy.a(stm32h7xx_hal_dma.o)
                              ../../Documents/Daisy/DaisyExamples/libdaisy//build/libdaisy.a(adc.o) (HAL_DMA_Init)
[...]
Memory Configuration

Name             Origin             Length             Attributes
FLASH            0x0000000008000000 0x0000000000020000 xr
DTCMRAM          0x0000000020000000 0x0000000000020000 xrw
SRAM             0x0000000024000000 0x0000000000080000 xrw
RAM_D2           0x0000000030000000 0x0000000000048000 xrw
RAM_D3           0x0000000038000000 0x0000000000010000 xrw
ITCMRAM          0x0000000000000000 0x0000000000010000 xrw
SDRAM            0x00000000c0000000 0x0000000004000000 xrw
QSPIFLASH        0x0000000090000000 0x0000000000800000 xr
*default*        0x0000000000000000 0xffffffffffffffff

Linker script and memory map

LOAD /Applications/ARM/bin/../lib/gcc/arm-none-eabi/10.3.1/thumb/v7e-m+dp/hard/crti.o
LOAD /Applications/ARM/bin/../lib/gcc/arm-none-eabi/10.3.1/thumb/v7e-m+dp/hard/crtbegin.o
LOAD /Applications/ARM/bin/../lib/gcc/arm-none-eabi/10.3.1/../../../../arm-none-eabi/lib/thumb/v7e-m+dp/hard/crt0.o
LOAD build/startup_stm32h750xx.o
LOAD build/DaisyDrone.o
LOAD ../../Documents/Daisy/DaisyExamples/libdaisy//build/libdaisy.a
LOAD /Applications/ARM/bin/../lib/gcc/arm-none-eabi/10.3.1/../../../../arm-none-eabi/lib/thumb/v7e-m+dp/hard/libnosys.a
LOAD ../../Documents/Daisy/DaisyExamples/daisysp//build/libdaisysp.a
LOAD /Applications/ARM/bin/../lib/gcc/arm-none-eabi/10.3.1/../../../../arm-none-eabi/lib/thumb/v7e-m+dp/hard/libstdc++_nano.a
LOAD /Applications/ARM/bin/../lib/gcc/arm-none-eabi/10.3.1/../../../../arm-none-eabi/lib/thumb/v7e-m+dp/hard/libm.a
LOAD /Applications/ARM/bin/../lib/gcc/arm-none-eabi/10.3.1/../../../../arm-none-eabi/lib/thumb/v7e-m+dp/hard/libc_nano.a
START GROUP
LOAD /Applications/ARM/bin/../lib/gcc/arm-none-eabi/10.3.1/thumb/v7e-m+dp/hard/libgcc.a
LOAD /Applications/ARM/bin/../lib/gcc/arm-none-eabi/10.3.1/../../../../arm-none-eabi/lib/thumb/v7e-m+dp/hard/libc_nano.a
END GROUP
START GROUP
LOAD /Applications/ARM/bin/../lib/gcc/arm-none-eabi/10.3.1/thumb/v7e-m+dp/hard/libgcc.a
LOAD /Applications/ARM/bin/../lib/gcc/arm-none-eabi/10.3.1/../../../../arm-none-eabi/lib/thumb/v7e-m+dp/hard/libc_nano.a
LOAD /Applications/ARM/bin/../lib/gcc/arm-none-eabi/10.3.1/../../../../arm-none-eabi/lib/thumb/v7e-m+dp/hard/libnosys.a
END GROUP
START GROUP
LOAD /Applications/ARM/bin/../lib/gcc/arm-none-eabi/10.3.1/thumb/v7e-m+dp/hard/libgcc.a
LOAD /Applications/ARM/bin/../lib/gcc/arm-none-eabi/10.3.1/../../../../arm-none-eabi/lib/thumb/v7e-m+dp/hard/libc_nano.a
LOAD /Applications/ARM/bin/../lib/gcc/arm-none-eabi/10.3.1/../../../../arm-none-eabi/lib/thumb/v7e-m+dp/hard/libnosys.a
END GROUP
LOAD /Applications/ARM/bin/../lib/gcc/arm-none-eabi/10.3.1/thumb/v7e-m+dp/hard/crtend.o
LOAD /Applications/ARM/bin/../lib/gcc/arm-none-eabi/10.3.1/thumb/v7e-m+dp/hard/crtn.o
                0x0000000020020000                _estack = 0x20020000

.isr_vector     0x0000000008000000      0x298
                0x0000000008000000                . = ALIGN (0x4)
 *(.isr_vector)
 .isr_vector    0x0000000008000000      0x298 build/startup_stm32h750xx.o
                0x0000000008000000                g_pfnVectors
                0x0000000008000298                . = ALIGN (0x4)

.text           0x00000000080002a0     0xfc20
                0x00000000080002a0                . = ALIGN (0x4)
                0x00000000080002a0                _stext = .
 *(.text)
 .text          0x00000000080002a0       0x40 /Applications/ARM/bin/../lib/gcc/arm-none-eabi/10.3.1/thumb/v7e-m+dp/hard/crtbegin.o
 .text          0x00000000080002e0       0xa0 /Applications/ARM/bin/../lib/gcc/arm-none-eabi/10.3.1/../../../../arm-none-eabi/lib/thumb/v7e-m+dp/hard/libc_nano.a(lib_a-memchr.o)
                0x00000000080002e0                memchr
 .text          0x0000000008000380      0x378 /Applications/ARM/bin/../lib/gcc/arm-none-eabi/10.3.1/thumb/v7e-m+dp/hard/libgcc.a(_arm_addsubdf3.o)
                0x0000000008000380                __aeabi_drsub
                0x0000000008000388                __subdf3
                0x0000000008000388                __aeabi_dsub
                0x000000000800038c                __aeabi_dadd
                0x000000000800038c                __adddf3
                0x0000000008000604                __aeabi_ui2d
                0x0000000008000604                __floatunsidf
                0x0000000008000624                __floatsidf
                0x0000000008000624                __aeabi_i2d
                0x0000000008000648                __extendsfdf2
                0x0000000008000648                __aeabi_f2d
                0x000000000800068c                __aeabi_ul2d
                0x000000000800068c                __floatundidf
                0x000000000800069c                __aeabi_l2d
                0x000000000800069c                __floatdidf
 *(.text*)
 .text.Default_Handler
                0x00000000080006f8        0x4 build/startup_stm32h750xx.o
                0x00000000080006f8                SAI1_IRQHandler
                0x00000000080006f8                HASH_RNG_IRQHandler
                0x00000000080006f8                EXTI2_IRQHandler
                0x00000000080006f8                TIM8_CC_IRQHandler
                0x00000000080006f8                HRTIM1_Master_IRQHandler
                0x00000000080006f8                DebugMon_Handler
                0x00000000080006f8                UART8_IRQHandler
                0x00000000080006f8                SPI4_IRQHandler
                0x00000000080006f8                TIM1_CC_IRQHandler
                0x00000000080006f8                BDMA_Channel6_IRQHandler
                0x00000000080006f8                DMA2_Stream5_IRQHandler
                0x00000000080006f8                HRTIM1_FLT_IRQHandler
                0x00000000080006f8                JPEG_IRQHandler
                0x00000000080006f8                DMA1_Stream5_IRQHandler
                0x00000000080006f8                BDMA_Channel1_IRQHandler
                0x00000000080006f8                HRTIM1_TIMD_IRQHandler
                0x00000000080006f8                TAMP_STAMP_IRQHandler
                0x00000000080006f8                PendSV_Handler
                0x00000000080006f8                NMI_Handler
                0x00000000080006f8                EXTI3_IRQHandler
                0x00000000080006f8                LPTIM4_IRQHandler
                0x00000000080006f8                TIM8_TRG_COM_TIM14_IRQHandler
                0x00000000080006f8                LPTIM2_IRQHandler
                0x00000000080006f8                DFSDM1_FLT1_IRQHandler
                0x00000000080006f8                DMAMUX2_OVR_IRQHandler
                0x00000000080006f8                TIM8_UP_TIM13_IRQHandler
                0x00000000080006f8                I2C3_ER_IRQHandler
                0x00000000080006f8                DFSDM1_FLT2_IRQHandler
                0x00000000080006f8                MDMA_IRQHandler
                0x00000000080006f8                LPTIM3_IRQHandler
                0x00000000080006f8                HSEM1_IRQHandler
                0x00000000080006f8                EXTI0_IRQHandler
                0x00000000080006f8                FPU_IRQHandler
                0x00000000080006f8                OTG_HS_WKUP_IRQHandler
                0x00000000080006f8                FDCAN1_IT1_IRQHandler
                0x00000000080006f8                UsageFault_Handler
                0x00000000080006f8                LTDC_ER_IRQHandler
                0x00000000080006f8                DMA2_Stream2_IRQHandler
                0x00000000080006f8                HRTIM1_TIME_IRQHandler
                0x00000000080006f8                TIM6_DAC_IRQHandler
                0x00000000080006f8                DCMI_IRQHandler
                0x00000000080006f8                HRTIM1_TIMC_IRQHandler
                0x00000000080006f8                DMA2_Stream3_IRQHandler
                0x00000000080006f8                SAI2_IRQHandler
                0x00000000080006f8                DFSDM1_FLT3_IRQHandler
                0x00000000080006f8                USART6_IRQHandler
                0x00000000080006f8                TIM17_IRQHandler
                0x00000000080006f8                USART3_IRQHandler
                0x00000000080006f8                CRYP_IRQHandler
                0x00000000080006f8                BDMA_Channel7_IRQHandler
                0x00000000080006f8                LPTIM5_IRQHandler
                0x00000000080006f8                UART5_IRQHandler
                0x00000000080006f8                ADC3_IRQHandler
                0x00000000080006f8                DMA2_Stream0_IRQHandler
                0x00000000080006f8                TIM4_IRQHandler
                0x00000000080006f8                BDMA_Channel2_IRQHandler
                0x00000000080006f8                DMAMUX1_OVR_IRQHandler
                0x00000000080006f8                TIM16_IRQHandler
                0x00000000080006f8                UART4_IRQHandler
                0x00000000080006f8                BDMA_Channel5_IRQHandler
                0x00000000080006f8                TIM3_IRQHandler
                0x00000000080006f8                RCC_IRQHandler
                0x00000000080006f8                TIM8_BRK_TIM12_IRQHandler
                0x00000000080006f8                TIM1_TRG_COM_IRQHandler
                0x00000000080006f8                Default_Handler
                0x00000000080006f8                ECC_IRQHandler
                0x00000000080006f8                CEC_IRQHandler
                0x00000000080006f8                EXTI15_10_IRQHandler
                0x00000000080006f8                BDMA_Channel0_IRQHandler
                0x00000000080006f8                ADC_IRQHandler
                0x00000000080006f8                HRTIM1_TIMA_IRQHandler
                0x00000000080006f8                SPI5_IRQHandler
                0x00000000080006f8                TIM7_IRQHandler
                0x00000000080006f8                SDMMC1_IRQHandler
                0x00000000080006f8                TIM5_IRQHandler
                0x00000000080006f8                DMA2_Stream7_IRQHandler
                0x00000000080006f8                TIM15_IRQHandler
                0x00000000080006f8                PVD_AVD_IRQHandler
                0x00000000080006f8                EXTI9_5_IRQHandler
                0x00000000080006f8                RTC_WKUP_IRQHandler
                0x00000000080006f8                LTDC_IRQHandler
                0x00000000080006f8                SAI3_IRQHandler
                0x00000000080006f8                ETH_WKUP_IRQHandler
                0x00000000080006f8                SPDIF_RX_IRQHandler
                0x00000000080006f8                SPI2_IRQHandler
                0x00000000080006f8                MemManage_Handler
                0x00000000080006f8                SVC_Handler
                0x00000000080006f8                CRS_IRQHandler
                0x00000000080006f8                EXTI4_IRQHandler
                0x00000000080006f8                HRTIM1_TIMB_IRQHandler
                0x00000000080006f8                FDCAN2_IT1_IRQHandler
                0x00000000080006f8                ETH_IRQHandler
                0x00000000080006f8                TIM1_UP_IRQHandler
                0x00000000080006f8                BDMA_Channel4_IRQHandler
                0x00000000080006f8                WWDG_IRQHandler
                0x00000000080006f8                SPI6_IRQHandler
                0x00000000080006f8                I2C4_EV_IRQHandler
                0x00000000080006f8                MDIOS_IRQHandler
                0x00000000080006f8                FDCAN2_IT0_IRQHandler
                0x00000000080006f8                LPUART1_IRQHandler
                0x00000000080006f8                FDCAN1_IT0_IRQHandler
                0x00000000080006f8                TIM2_IRQHandler
                0x00000000080006f8                OTG_FS_WKUP_IRQHandler
                0x00000000080006f8                DMA2D_IRQHandler
                0x00000000080006f8                TIM1_BRK_IRQHandler
                0x00000000080006f8                EXTI1_IRQHandler
                0x00000000080006f8                SDMMC2_IRQHandler
                0x00000000080006f8                BDMA_Channel3_IRQHandler
                0x00000000080006f8                UART7_IRQHandler
                0x00000000080006f8                MDIOS_WKUP_IRQHandler
                0x00000000080006f8                USART2_IRQHandler
                0x00000000080006f8                DFSDM1_FLT0_IRQHandler
                0x00000000080006f8                SAI4_IRQHandler
                0x00000000080006f8                I2C2_ER_IRQHandler
                0x00000000080006f8                DMA2_Stream1_IRQHandler
                0x00000000080006f8                FLASH_IRQHandler
                0x00000000080006f8                DMA2_Stream4_IRQHandler
                0x00000000080006f8                BusFault_Handler
                0x00000000080006f8                USART1_IRQHandler
                0x00000000080006f8                SPI3_IRQHandler
                0x00000000080006f8                WAKEUP_PIN_IRQHandler
                0x00000000080006f8                I2C1_ER_IRQHandler
                0x00000000080006f8                FMC_IRQHandler
                0x00000000080006f8                FDCAN_CAL_IRQHandler
                0x00000000080006f8                SWPMI1_IRQHandler
                0x00000000080006f8                COMP1_IRQHandler
                0x00000000080006f8                LPTIM1_IRQHandler
                0x00000000080006f8                I2C4_ER_IRQHandler
                0x00000000080006f8                DMA2_Stream6_IRQHandler
                0x00000000080006f8                RTC_Alarm_IRQHandler
 .text.Reset_Handler
                0x00000000080006fc       0x44 build/startup_stm32h750xx.o
                0x00000000080006fc                Reset_Handler
 .text._ZN5daisy9DaisySeedD2Ev
                0x0000000008000740        0x4 build/DaisyDrone.o
                0x0000000008000740                daisy::DaisySeed::~DaisySeed()
                0x0000000008000740                daisy::DaisySeed::~DaisySeed()
 .text._ZN7daisysp10OscillatorD2Ev
                0x0000000008000744        0x4 build/DaisyDrone.o
                0x0000000008000744                daisysp::Oscillator::~Oscillator()
                0x0000000008000744                daisysp::Oscillator::~Oscillator()
 .text._Z14audio_callbackPKPKfPPfj
                0x0000000008000748       0x34 build/DaisyDrone.o
                0x0000000008000748                audio_callback(float const* const*, float**, unsigned int)
 .text.startup.main
                0x000000000800077c      0x13c build/DaisyDrone.o
                0x000000000800077c                main
 .text.startup._GLOBAL__sub_I_hw
                0x00000000080008b8       0x38 build/DaisyDrone.o
 .text._ZN5daisy9DaisySeed9ConfigureEv
                0x00000000080008f0       0x3c ../../Documents/Daisy/DaisyExamples/libdaisy//build/libdaisy.a(daisy_seed.o)
                0x00000000080008f0                daisy::DaisySeed::Configure()
 .text._ZN5daisy9DaisySeed6GetPinEh
                0x000000000800092c       0x2c ../../Documents/Daisy/DaisyExamples/libdaisy//build/libdaisy.a(daisy_seed.o)
                0x000000000800092c                daisy::DaisySeed::GetPin(unsigned char)
 .text._ZN5daisy9DaisySeed10StartAudioEPFvPKPKfPPfjE
                0x0000000008000958        0x8 ../../Documents/Daisy/DaisyExamples/libdaisy//build/libdaisy.a(daisy_seed.o)
                0x0000000008000958                daisy::DaisySeed::StartAudio(void (*)(float const* const*, float**, unsigned int))
 .text._ZN5daisy9DaisySeed15AudioSampleRateEv
                0x0000000008000960        0x8 ../../Documents/Daisy/DaisyExamples/libdaisy//build/libdaisy.a(daisy_seed.o)
                0x0000000008000960                daisy::DaisySeed::AudioSampleRate()
 .text._ZN5daisy9DaisySeed14ConfigureAudioEv
                0x0000000008000968       0xd0 ../../Documents/Daisy/DaisyExamples/libdaisy//build/libdaisy.a(daisy_seed.o)
                0x0000000008000968                daisy::DaisySeed::ConfigureAudio()
 .text._ZN5daisy9DaisySeed4InitEb
                0x0000000008000a38       0xbc ../../Documents/Daisy/DaisyExamples/libdaisy//build/libdaisy.a(daisy_seed.o)
                0x0000000008000a38                daisy::DaisySeed::Init(bool)
 .text._ZN5daisy6Ak45564InitE12dsy_gpio_pin
                0x0000000008000af4       0x44 ../../Documents/Daisy/DaisyExamples/libdaisy//build/libdaisy.a(codec_ak4556.o)
                0x0000000008000af4                daisy::Ak4556::Init(dsy_gpio_pin)
 .text._ZN5daisy6Wm873120WriteControlRegisterEht
                0x0000000008000b38       0x3c ../../Documents/Daisy/DaisyExamples/libdaisy//build/libdaisy.a(codec_wm8731.o)
                0x0000000008000b38                daisy::Wm8731::WriteControlRegister(unsigned char, unsigned short)
 .text._ZN5daisy6Wm87314InitERKNS0_6ConfigENS_9I2CHandleE
                0x0000000008000b74      0x1bc ../../Documents/Daisy/DaisyExamples/libdaisy//build/libdaisy.a(codec_wm8731.o)
                0x0000000008000b74                daisy::Wm8731::Init(daisy::Wm8731::Config const&, daisy::I2CHandle)
 .text._ZN11SdramHandle10DeviceInitEv
                0x0000000008000d30       0x98 ../../Documents/Daisy/DaisyExamples/libdaisy//build/libdaisy.a(sdram.o)
                0x0000000008000d30                SdramHandle::DeviceInit()
 .text._ZN11SdramHandle4InitEv
                0x0000000008000dc8       0x7c ../../Documents/Daisy/DaisyExamples/libdaisy//build/libdaisy.a(sdram.o)
                0x0000000008000dc8                SdramHandle::Init()
 .text.HAL_SDRAM_MspInit
                0x0000000008000e44      0x1a8 ../../Documents/Daisy/DaisyExamples/libdaisy//build/libdaisy.a(sdram.o)
                0x0000000008000e44                HAL_SDRAM_MspInit
 .text._ZN5daisy11AudioHandle4Impl16InternalCallbackEPlS2_j
                0x0000000008000fec      0xbbc ../../Documents/Daisy/DaisyExamples/libdaisy//build/libdaisy.a(audio.o)
                0x0000000008000fec                daisy::AudioHandle::Impl::InternalCallback(long*, long*, unsigned int)
 .text._ZN5daisy11AudioHandle4InitERKNS0_6ConfigENS_9SaiHandleE
                0x0000000008001ba8       0x64 ../../Documents/Daisy/DaisyExamples/libdaisy//build/libdaisy.a(audio.o)
                0x0000000008001ba8                daisy::AudioHandle::Init(daisy::AudioHandle::Config const&, daisy::SaiHandle)
 .text._ZNK5daisy11AudioHandle9GetConfigEv
                0x0000000008001c0c        0x8 ../../Documents/Daisy/DaisyExamples/libdaisy//build/libdaisy.a(audio.o)
                0x0000000008001c0c                daisy::AudioHandle::GetConfig() const
 .text._ZN5daisy11AudioHandle13GetSampleRateEv
                0x0000000008001c14        0x8 ../../Documents/Daisy/DaisyExamples/libdaisy//build/libdaisy.a(audio.o)
                0x0000000008001c14                daisy::AudioHandle::GetSampleRate()
 .text._ZN5daisy11AudioHandle5StartEPFvPKPKfPPfjE
                0x0000000008001c1c       0x44 ../../Documents/Daisy/DaisyExamples/libdaisy//build/libdaisy.a(audio.o)
                0x0000000008001c1c                daisy::AudioHandle::Start(void (*)(float const* const*, float**, unsigned int))
 .text.startup._GLOBAL__sub_I__ZN5daisy11AudioHandle4Impl4InitENS0_6ConfigENS_9SaiHandleE
                0x0000000008001c60       0x10 ../../Documents/Daisy/DaisyExamples/libdaisy//build/libdaisy.a(audio.o)
 .text._ZN5daisy3Led4InitE12dsy_gpio_pinbf
                0x0000000008001c70       0x48 ../../Documents/Daisy/DaisyExamples/libdaisy//build/libdaisy.a(led.o)
                0x0000000008001c70                daisy::Led::Init(dsy_gpio_pin, bool, float)
 .text._ZN5daisy3Led3SetEf
                0x0000000008001cb8       0x24 ../../Documents/Daisy/DaisyExamples/libdaisy//build/libdaisy.a(led.o)
                0x0000000008001cb8                daisy::Led::Set(float)
 .text._ZN5daisy3Led6UpdateEv
                0x0000000008001cdc       0x48 ../../Documents/Daisy/DaisyExamples/libdaisy//build/libdaisy.a(led.o)
                0x0000000008001cdc                daisy::Led::Update()
 .text._ZN5daisy9UsbHandleD2Ev
                0x0000000008001d24        0x4 ../../Documents/Daisy/DaisyExamples/libdaisy//build/libdaisy.a(logger.o)
                0x0000000008001d24                daisy::UsbHandle::~UsbHandle()
                0x0000000008001d24                daisy::UsbHandle::~UsbHandle()
 .text._ZN5daisy6LoggerILNS_17LoggerDestinationE1EE11TransmitBufEv
                0x0000000008001d28       0x60 ../../Documents/Daisy/DaisyExamples/libdaisy//build/libdaisy.a(logger.o)
                0x0000000008001d28                daisy::Logger<(daisy::LoggerDestination)1>::TransmitBuf()
 .text._ZN5daisy6LoggerILNS_17LoggerDestinationE1EE13AppendNewLineEv
                0x0000000008001d88       0x60 ../../Documents/Daisy/DaisyExamples/libdaisy//build/libdaisy.a(logger.o)
                0x0000000008001d88                daisy::Logger<(daisy::LoggerDestination)1>::AppendNewLine()
 .text._ZN5daisy6LoggerILNS_17LoggerDestinationE1EE10PrintLineVEPKcSt9__va_list
                0x0000000008001de8       0x30 ../../Documents/Daisy/DaisyExamples/libdaisy//build/libdaisy.a(logger.o)
                0x0000000008001de8                daisy::Logger<(daisy::LoggerDestination)1>::PrintLineV(char const*, std::__va_list)
 .text._ZN5daisy6LoggerILNS_17LoggerDestinationE1EE9PrintLineEPKcz
                0x0000000008001e18       0x1c ../../Documents/Daisy/DaisyExamples/libdaisy//build/libdaisy.a(logger.o)
                0x0000000008001e18                daisy::Logger<(daisy::LoggerDestination)1>::PrintLine(char const*, ...)
 .text._ZN5daisy6LoggerILNS_17LoggerDestinationE1EE8StartLogEb
                0x0000000008001e34       0x38 ../../Documents/Daisy/DaisyExamples/libdaisy//build/libdaisy.a(logger.o)
                0x0000000008001e34                daisy::Logger<(daisy::LoggerDestination)1>::StartLog(bool)
 .text.startup._GLOBAL__sub_I__ZN5daisy10LoggerImplILNS_17LoggerDestinationE1EE11usb_handle_E
                0x0000000008001e6c       0x2c ../../Documents/Daisy/DaisyExamples/libdaisy//build/libdaisy.a(logger.o)
 .text.DummyRxCallback
                0x0000000008001e98        0x4 ../../Documents/Daisy/DaisyExamples/libdaisy//build/libdaisy.a(usb.o)
                0x0000000008001e98                DummyRxCallback
 .text._ZN5daisy9UsbHandle4InitENS0_9UsbPeriphE
                0x0000000008001e9c      0x10c ../../Documents/Daisy/DaisyExamples/libdaisy//build/libdaisy.a(usb.o)
                0x0000000008001e9c                daisy::UsbHandle::Init(daisy::UsbHandle::UsbPeriph)
 .text._ZN5daisy9UsbHandle16TransmitInternalEPhj
                0x0000000008001fa8       0x14 ../../Documents/Daisy/DaisyExamples/libdaisy//build/libdaisy.a(usb.o)
                0x0000000008001fa8                daisy::UsbHandle::TransmitInternal(unsigned char*, unsigned int)
 .text.OTG_HS_EP1_OUT_IRQHandler
                0x0000000008001fbc        0xc ../../Documents/Daisy/DaisyExamples/libdaisy//build/libdaisy.a(usb.o)
                0x0000000008001fbc                OTG_HS_EP1_OUT_IRQHandler
 .text.OTG_HS_EP1_IN_IRQHandler
                0x0000000008001fc8        0xc ../../Documents/Daisy/DaisyExamples/libdaisy//build/libdaisy.a(usb.o)
                0x0000000008001fc8                OTG_HS_EP1_IN_IRQHandler
 .text.OTG_HS_IRQHandler
                0x0000000008001fd4        0xc ../../Documents/Daisy/DaisyExamples/libdaisy//build/libdaisy.a(usb.o)
                0x0000000008001fd4                OTG_HS_IRQHandler
 .text.OTG_FS_EP1_OUT_IRQHandler
                0x0000000008001fe0        0xc ../../Documents/Daisy/DaisyExamples/libdaisy//build/libdaisy.a(usb.o)
                0x0000000008001fe0                OTG_FS_EP1_OUT_IRQHandler
 .text.OTG_FS_EP1_IN_IRQHandler
                0x0000000008001fec        0xc ../../Documents/Daisy/DaisyExamples/libdaisy//build/libdaisy.a(usb.o)
                0x0000000008001fec                OTG_FS_EP1_IN_IRQHandler
 .text.OTG_FS_IRQHandler
                0x0000000008001ff8        0xc ../../Documents/Daisy/DaisyExamples/libdaisy//build/libdaisy.a(usb.o)
                0x0000000008001ff8                OTG_FS_IRQHandler
 .text._ZN5daisy16AdcChannelConfig10InitSingleE12dsy_gpio_pin
                0x0000000008002004       0x1c ../../Documents/Daisy/DaisyExamples/libdaisy//build/libdaisy.a(adc.o)
                0x0000000008002004                daisy::AdcChannelConfig::InitSingle(dsy_gpio_pin)
 .text._ZN5daisy9AdcHandle4InitEPNS_16AdcChannelConfigEjNS0_12OverSamplingE
                0x0000000008002020      0x3c8 ../../Documents/Daisy/DaisyExamples/libdaisy//build/libdaisy.a(adc.o)
                0x0000000008002020                daisy::AdcHandle::Init(daisy::AdcChannelConfig*, unsigned int, daisy::AdcHandle::OverSampling)
 .text._ZN5daisy9AdcHandle5StartEv
                0x00000000080023e8       0x2c ../../Documents/Daisy/DaisyExamples/libdaisy//build/libdaisy.a(adc.o)
                0x00000000080023e8                daisy::AdcHandle::Start()
 .text._ZNK5daisy9AdcHandle8GetFloatEh
                0x0000000008002414       0x20 ../../Documents/Daisy/DaisyExamples/libdaisy//build/libdaisy.a(adc.o)
                0x0000000008002414                daisy::AdcHandle::GetFloat(unsigned char) const
 .text.HAL_ADC_MspInit
                0x0000000008002434       0x98 ../../Documents/Daisy/DaisyExamples/libdaisy//build/libdaisy.a(adc.o)
                0x0000000008002434                HAL_ADC_MspInit
 .text.DMA1_Stream2_IRQHandler
                0x00000000080024cc        0xc ../../Documents/Daisy/DaisyExamples/libdaisy//build/libdaisy.a(adc.o)
                0x00000000080024cc                DMA1_Stream2_IRQHandler
 .text.HAL_ADC_ConvCpltCallback
                0x00000000080024d8      0x148 ../../Documents/Daisy/DaisyExamples/libdaisy//build/libdaisy.a(adc.o)
                0x00000000080024d8                HAL_ADC_ConvCpltCallback
 .text.HAL_ADC_ErrorCallback
                0x0000000008002620        0x4 ../../Documents/Daisy/DaisyExamples/libdaisy//build/libdaisy.a(adc.o)
                0x0000000008002620                HAL_ADC_ErrorCallback
 .text.dsy_gpio_init
                0x0000000008002624      0x1b8 ../../Documents/Daisy/DaisyExamples/libdaisy//build/libdaisy.a(gpio.o)
                0x0000000008002624                dsy_gpio_init
 .text.dsy_gpio_read
                0x00000000080027dc       0x1c ../../Documents/Daisy/DaisyExamples/libdaisy//build/libdaisy.a(gpio.o)
                0x00000000080027dc                dsy_gpio_read
 .text.dsy_gpio_write
                0x00000000080027f8       0x24 ../../Documents/Daisy/DaisyExamples/libdaisy//build/libdaisy.a(gpio.o)
                0x00000000080027f8                dsy_gpio_write
 .text._ZN5daisy9I2CHandle4Impl8InitPinsEv
                0x000000000800281c       0x58 ../../Documents/Daisy/DaisyExamples/libdaisy//build/libdaisy.a(i2c.o)
                0x000000000800281c                daisy::I2CHandle::Impl::InitPins()
 .text.HAL_I2C_MspInit
                0x0000000008002874      0x1b4 ../../Documents/Daisy/DaisyExamples/libdaisy//build/libdaisy.a(i2c.o)
                0x0000000008002874                HAL_I2C_MspInit
 .text.dsy_i2c_global_init
                0x0000000008002a28       0x78 ../../Documents/Daisy/DaisyExamples/libdaisy//build/libdaisy.a(i2c.o)
                0x0000000008002a28                dsy_i2c_global_init
 .text.DMA1_Stream6_IRQHandler
                0x0000000008002aa0       0x34 ../../Documents/Daisy/DaisyExamples/libdaisy//build/libdaisy.a(i2c.o)
                0x0000000008002aa0                DMA1_Stream6_IRQHandler
 .text.I2C1_EV_IRQHandler
                0x0000000008002ad4        0xc ../../Documents/Daisy/DaisyExamples/libdaisy//build/libdaisy.a(i2c.o)
                0x0000000008002ad4                I2C1_EV_IRQHandler
 .text.I2C2_EV_IRQHandler
                0x0000000008002ae0        0xc ../../Documents/Daisy/DaisyExamples/libdaisy//build/libdaisy.a(i2c.o)
                0x0000000008002ae0                I2C2_EV_IRQHandler
 .text.I2C3_EV_IRQHandler
                0x0000000008002aec        0xc ../../Documents/Daisy/DaisyExamples/libdaisy//build/libdaisy.a(i2c.o)
                0x0000000008002aec                I2C3_EV_IRQHandler
 .text._ZN5daisy9I2CHandle4InitERKNS0_6ConfigE
                0x0000000008002af8      0x12c ../../Documents/Daisy/DaisyExamples/libdaisy//build/libdaisy.a(i2c.o)
                0x0000000008002af8                daisy::I2CHandle::Init(daisy::I2CHandle::Config const&)
 .text._ZN5daisy9I2CHandle16TransmitBlockingEtPhtm
                0x0000000008002c24       0x50 ../../Documents/Daisy/DaisyExamples/libdaisy//build/libdaisy.a(i2c.o)
                0x0000000008002c24                daisy::I2CHandle::TransmitBlocking(unsigned short, unsigned char*, unsigned short, unsigned long)
 .text.startup._GLOBAL__sub_I__ZN5daisy9I2CHandle4Impl10GlobalInitEv
                0x0000000008002c74       0x18 ../../Documents/Daisy/DaisyExamples/libdaisy//build/libdaisy.a(i2c.o)
 .text._ZN5daisy10QSPIHandle4Impl11WriteEnableEv
                0x0000000008002c8c       0x8c ../../Documents/Daisy/DaisyExamples/libdaisy//build/libdaisy.a(qspi.o)
                0x0000000008002c8c                daisy::QSPIHandle::Impl::WriteEnable()
 .text._ZN5daisy10QSPIHandle4Impl17DummyCyclesConfigENS0_6Config6DeviceE
                0x0000000008002d18      0x118 ../../Documents/Daisy/DaisyExamples/libdaisy//build/libdaisy.a(qspi.o)
                0x0000000008002d18                daisy::QSPIHandle::Impl::DummyCyclesConfig(daisy::QSPIHandle::Config::Device)
 .text._ZN5daisy10QSPIHandle4Impl10QuadEnableEv
                0x0000000008002e30      0x158 ../../Documents/Daisy/DaisyExamples/libdaisy//build/libdaisy.a(qspi.o)
                0x0000000008002e30                daisy::QSPIHandle::Impl::QuadEnable()
 .text._ZN5daisy10QSPIHandle4InitERKNS0_6ConfigE
                0x0000000008002f88      0x198 ../../Documents/Daisy/DaisyExamples/libdaisy//build/libdaisy.a(qspi.o)
                0x0000000008002f88                daisy::QSPIHandle::Init(daisy::QSPIHandle::Config const&)
 .text.HAL_QSPI_MspInit
                0x0000000008003120      0x11c ../../Documents/Daisy/DaisyExamples/libdaisy//build/libdaisy.a(qspi.o)
                0x0000000008003120                HAL_QSPI_MspInit
 .text.HAL_QSPI_MspDeInit
                0x000000000800323c       0x54 ../../Documents/Daisy/DaisyExamples/libdaisy//build/libdaisy.a(qspi.o)
                0x000000000800323c                HAL_QSPI_MspDeInit
 .text.QUADSPI_IRQHandler
                0x0000000008003290        0xc ../../Documents/Daisy/DaisyExamples/libdaisy//build/libdaisy.a(qspi.o)
                0x0000000008003290                QUADSPI_IRQHandler
 .text.startup._GLOBAL__sub_I__ZN5daisy10QSPIHandle4Impl4InitERKNS0_6ConfigE
                0x000000000800329c       0x28 ../../Documents/Daisy/DaisyExamples/libdaisy//build/libdaisy.a(qspi.o)
 .text._ZN5daisy9SaiHandle4Impl7InitDmaENS1_15PeripheralBlockE
                0x00000000080032c4       0xa0 ../../Documents/Daisy/DaisyExamples/libdaisy//build/libdaisy.a(sai.o)
                0x00000000080032c4                daisy::SaiHandle::Impl::InitDma(daisy::SaiHandle::Impl::PeripheralBlock)
 .text._ZN5daisy9SaiHandle4Impl8InitPinsEv
                0x0000000008003364       0xa8 ../../Documents/Daisy/DaisyExamples/libdaisy//build/libdaisy.a(sai.o)
                0x0000000008003364                daisy::SaiHandle::Impl::InitPins()
 .text.HAL_SAI_MspInit
                0x000000000800340c      0x164 ../../Documents/Daisy/DaisyExamples/libdaisy//build/libdaisy.a(sai.o)
                0x000000000800340c                HAL_SAI_MspInit
 .text.DMA1_Stream0_IRQHandler
                0x0000000008003570        0xc ../../Documents/Daisy/DaisyExamples/libdaisy//build/libdaisy.a(sai.o)
                0x0000000008003570                DMA1_Stream0_IRQHandler
 .text.DMA1_Stream1_IRQHandler
                0x000000000800357c        0xc ../../Documents/Daisy/DaisyExamples/libdaisy//build/libdaisy.a(sai.o)
                0x000000000800357c                DMA1_Stream1_IRQHandler
 .text.DMA1_Stream3_IRQHandler
                0x0000000008003588        0xc ../../Documents/Daisy/DaisyExamples/libdaisy//build/libdaisy.a(sai.o)
                0x0000000008003588                DMA1_Stream3_IRQHandler
 .text.DMA1_Stream4_IRQHandler
                0x0000000008003594        0xc ../../Documents/Daisy/DaisyExamples/libdaisy//build/libdaisy.a(sai.o)
                0x0000000008003594                DMA1_Stream4_IRQHandler
 .text.HAL_SAI_RxHalfCpltCallback
                0x00000000080035a0       0x78 ../../Documents/Daisy/DaisyExamples/libdaisy//build/libdaisy.a(sai.o)
                0x00000000080035a0                HAL_SAI_RxHalfCpltCallback
 .text.HAL_SAI_RxCpltCallback
                0x0000000008003618       0x70 ../../Documents/Daisy/DaisyExamples/libdaisy//build/libdaisy.a(sai.o)
                0x0000000008003618                HAL_SAI_RxCpltCallback
 .text._ZN5daisy9SaiHandle4InitERKNS0_6ConfigE
                0x0000000008003688      0x1f0 ../../Documents/Daisy/DaisyExamples/libdaisy//build/libdaisy.a(sai.o)
                0x0000000008003688                daisy::SaiHandle::Init(daisy::SaiHandle::Config const&)
 .text._ZNK5daisy9SaiHandle9GetConfigEv
                0x0000000008003878        0x4 ../../Documents/Daisy/DaisyExamples/libdaisy//build/libdaisy.a(sai.o)
                0x0000000008003878                daisy::SaiHandle::GetConfig() const
 .text._ZN5daisy9SaiHandle8StartDmaEPlS1_jPFvS1_S1_jE
                0x000000000800387c       0xbc ../../Documents/Daisy/DaisyExamples/libdaisy//build/libdaisy.a(sai.o)
                0x000000000800387c                daisy::SaiHandle::StartDma(long*, long*, unsigned int, void (*)(long*, long*, unsigned int))
 .text._ZN5daisy9SaiHandle13GetSampleRateEv
                0x0000000008003938       0x24 ../../Documents/Daisy/DaisyExamples/libdaisy//build/libdaisy.a(sai.o)
                0x0000000008003938                daisy::SaiHandle::GetSampleRate()
 .text._ZNK5daisy9SaiHandle9GetOffsetEv
                0x000000000800395c        0x8 ../../Documents/Daisy/DaisyExamples/libdaisy//build/libdaisy.a(sai.o)
                0x000000000800395c                daisy::SaiHandle::GetOffset() const
 .text._ZN5daisy11TimerHandleD2Ev
                0x0000000008003964        0x4 ../../Documents/Daisy/DaisyExamples/libdaisy//build/libdaisy.a(system.o)
                0x0000000008003964                daisy::TimerHandle::~TimerHandle()
                0x0000000008003964                daisy::TimerHandle::~TimerHandle()
 .text.SysTick_Handler
                0x0000000008003968       0x10 ../../Documents/Daisy/DaisyExamples/libdaisy//build/libdaisy.a(system.o)
                0x0000000008003968                SysTick_Handler
 .text.HardFault_Handler
                0x0000000008003978        0x4 ../../Documents/Daisy/DaisyExamples/libdaisy//build/libdaisy.a(system.o)
                0x0000000008003978                HardFault_Handler
 .text._ZN5daisy6System5DelayEm
                0x000000000800397c        0x4 ../../Documents/Daisy/DaisyExamples/libdaisy//build/libdaisy.a(system.o)
                0x000000000800397c                daisy::System::Delay(unsigned long)
 .text._ZN5daisy6System15ConfigureClocksEv
                0x0000000008003980      0x194 ../../Documents/Daisy/DaisyExamples/libdaisy//build/libdaisy.a(system.o)
                0x0000000008003980                daisy::System::ConfigureClocks()
 .text._ZN5daisy6System4InitERKNS0_6ConfigE
                0x0000000008003b14      0x12c ../../Documents/Daisy/DaisyExamples/libdaisy//build/libdaisy.a(system.o)
                0x0000000008003b14                daisy::System::Init(daisy::System::Config const&)
 .text._ZN5daisy6System12GetPClk1FreqEv
                0x0000000008003c40        0x4 ../../Documents/Daisy/DaisyExamples/libdaisy//build/libdaisy.a(system.o)
                0x0000000008003c40                daisy::System::GetPClk1Freq()
 .text._ZN5daisy6System22GetProgramMemoryRegionEv
                0x0000000008003c44       0x78 ../../Documents/Daisy/DaisyExamples/libdaisy//build/libdaisy.a(system.o)
                0x0000000008003c44                daisy::System::GetProgramMemoryRegion()
 .text.startup._GLOBAL__sub_I_SysTick_Handler
                0x0000000008003cbc       0x1c ../../Documents/Daisy/DaisyExamples/libdaisy//build/libdaisy.a(system.o)
 .text.SystemInit
                0x0000000008003cd8       0x9c ../../Documents/Daisy/DaisyExamples/libdaisy//build/libdaisy.a(system_stm32h7xx.o)
                0x0000000008003cd8                SystemInit
 .text.dummy_rx_callback
                0x0000000008003d74        0x4 ../../Documents/Daisy/DaisyExamples/libdaisy//build/libdaisy.a(usbd_cdc_if.o)
                0x0000000008003d74                dummy_rx_callback
 .text.CDC_DeInit_FS
                0x0000000008003d78        0x4 ../../Documents/Daisy/DaisyExamples/libdaisy//build/libdaisy.a(usbd_cdc_if.o)
 .text.CDC_Receive_FS
                0x0000000008003d7c       0x2c ../../Documents/Daisy/DaisyExamples/libdaisy//build/libdaisy.a(usbd_cdc_if.o)
 .text.CDC_Receive_HS
                0x0000000008003da8       0x2c ../../Documents/Daisy/DaisyExamples/libdaisy//build/libdaisy.a(usbd_cdc_if.o)
 .text.CDC_Init_FS
                0x0000000008003dd4       0x3c ../../Documents/Daisy/DaisyExamples/libdaisy//build/libdaisy.a(usbd_cdc_if.o)
 .text.CDC_Init_HS
                0x0000000008003e10       0x3c ../../Documents/Daisy/DaisyExamples/libdaisy//build/libdaisy.a(usbd_cdc_if.o)
 .text.CDC_Control_FS
                0x0000000008003e4c       0x34 ../../Documents/Daisy/DaisyExamples/libdaisy//build/libdaisy.a(usbd_cdc_if.o)
 .text.CDC_Control_HS
                0x0000000008003e80       0x34 ../../Documents/Daisy/DaisyExamples/libdaisy//build/libdaisy.a(usbd_cdc_if.o)
 .text.CDC_DeInit_HS
                0x0000000008003eb4        0x4 ../../Documents/Daisy/DaisyExamples/libdaisy//build/libdaisy.a(usbd_cdc_if.o)
 .text.CDC_Transmit_FS
                0x0000000008003eb8       0x2c ../../Documents/Daisy/DaisyExamples/libdaisy//build/libdaisy.a(usbd_cdc_if.o)
                0x0000000008003eb8                CDC_Transmit_FS
 .text.HAL_PCD_MspInit
                0x0000000008003ee4      0x144 ../../Documents/Daisy/DaisyExamples/libdaisy//build/libdaisy.a(usbd_conf.o)
                0x0000000008003ee4                HAL_PCD_MspInit
 .text.HAL_PCD_SetupStageCallback
                0x0000000008004028        0xc ../../Documents/Daisy/DaisyExamples/libdaisy//build/libdaisy.a(usbd_conf.o)
                0x0000000008004028                HAL_PCD_SetupStageCallback
 .text.HAL_PCD_DataOutStageCallback
                0x0000000008004034       0x14 ../../Documents/Daisy/DaisyExamples/libdaisy//build/libdaisy.a(usbd_conf.o)
                0x0000000008004034                HAL_PCD_DataOutStageCallback
 .text.HAL_PCD_DataInStageCallback
                0x0000000008004048       0x14 ../../Documents/Daisy/DaisyExamples/libdaisy//build/libdaisy.a(usbd_conf.o)
                0x0000000008004048                HAL_PCD_DataInStageCallback
 .text.HAL_PCD_SOFCallback
                0x000000000800405c        0x8 ../../Documents/Daisy/DaisyExamples/libdaisy//build/libdaisy.a(usbd_conf.o)
                0x000000000800405c                HAL_PCD_SOFCallback
 .text.HAL_PCD_ResetCallback
                0x0000000008004064       0x24 ../../Documents/Daisy/DaisyExamples/libdaisy//build/libdaisy.a(usbd_conf.o)
                0x0000000008004064                HAL_PCD_ResetCallback
 .text.HAL_PCD_SuspendCallback
                0x0000000008004088       0x30 ../../Documents/Daisy/DaisyExamples/libdaisy//build/libdaisy.a(usbd_conf.o)
                0x0000000008004088                HAL_PCD_SuspendCallback
 .text.HAL_PCD_ResumeCallback
                0x00000000080040b8        0x8 ../../Documents/Daisy/DaisyExamples/libdaisy//build/libdaisy.a(usbd_conf.o)
                0x00000000080040b8                HAL_PCD_ResumeCallback
 .text.HAL_PCD_ISOOUTIncompleteCallback
                0x00000000080040c0        0x8 ../../Documents/Daisy/DaisyExamples/libdaisy//build/libdaisy.a(usbd_conf.o)
                0x00000000080040c0                HAL_PCD_ISOOUTIncompleteCallback
 .text.HAL_PCD_ISOINIncompleteCallback
                0x00000000080040c8        0x8 ../../Documents/Daisy/DaisyExamples/libdaisy//build/libdaisy.a(usbd_conf.o)
                0x00000000080040c8                HAL_PCD_ISOINIncompleteCallback
 .text.HAL_PCD_ConnectCallback
                0x00000000080040d0        0x8 ../../Documents/Daisy/DaisyExamples/libdaisy//build/libdaisy.a(usbd_conf.o)
                0x00000000080040d0                HAL_PCD_ConnectCallback
 .text.HAL_PCD_DisconnectCallback
                0x00000000080040d8        0x8 ../../Documents/Daisy/DaisyExamples/libdaisy//build/libdaisy.a(usbd_conf.o)
                0x00000000080040d8                HAL_PCD_DisconnectCallback
 .text.USBD_LL_Init
                0x00000000080040e0       0xe4 ../../Documents/Daisy/DaisyExamples/libdaisy//build/libdaisy.a(usbd_conf.o)
                0x00000000080040e0                USBD_LL_Init
 .text.USBD_LL_Start
                0x00000000080041c4       0x1c ../../Documents/Daisy/DaisyExamples/libdaisy//build/libdaisy.a(usbd_conf.o)
                0x00000000080041c4                USBD_LL_Start
 .text.USBD_LL_OpenEP
                0x00000000080041e0       0x24 ../../Documents/Daisy/DaisyExamples/libdaisy//build/libdaisy.a(usbd_conf.o)
                0x00000000080041e0                USBD_LL_OpenEP
 .text.USBD_LL_CloseEP
                0x0000000008004204       0x1c ../../Documents/Daisy/DaisyExamples/libdaisy//build/libdaisy.a(usbd_conf.o)
                0x0000000008004204                USBD_LL_CloseEP
 .text.USBD_LL_StallEP
                0x0000000008004220       0x1c ../../Documents/Daisy/DaisyExamples/libdaisy//build/libdaisy.a(usbd_conf.o)
                0x0000000008004220                USBD_LL_StallEP
 .text.USBD_LL_ClearStallEP
                0x000000000800423c       0x1c ../../Documents/Daisy/DaisyExamples/libdaisy//build/libdaisy.a(usbd_conf.o)
                0x000000000800423c                USBD_LL_ClearStallEP
 .text.USBD_LL_IsStallEP
                0x0000000008004258       0x28 ../../Documents/Daisy/DaisyExamples/libdaisy//build/libdaisy.a(usbd_conf.o)
                0x0000000008004258                USBD_LL_IsStallEP
 .text.USBD_LL_SetUSBAddress
                0x0000000008004280       0x1c ../../Documents/Daisy/DaisyExamples/libdaisy//build/libdaisy.a(usbd_conf.o)
                0x0000000008004280                USBD_LL_SetUSBAddress
 .text.USBD_LL_Transmit
                0x000000000800429c       0x1c ../../Documents/Daisy/DaisyExamples/libdaisy//build/libdaisy.a(usbd_conf.o)
                0x000000000800429c                USBD_LL_Transmit
 .text.USBD_LL_PrepareReceive
                0x00000000080042b8       0x1c ../../Documents/Daisy/DaisyExamples/libdaisy//build/libdaisy.a(usbd_conf.o)
                0x00000000080042b8                USBD_LL_PrepareReceive
 .text.USBD_LL_GetRxDataSize
                0x00000000080042d4        0x8 ../../Documents/Daisy/DaisyExamples/libdaisy//build/libdaisy.a(usbd_conf.o)
                0x00000000080042d4                USBD_LL_GetRxDataSize
 .text.USBD_HS_DeviceDescriptor
                0x00000000080042dc        0xc ../../Documents/Daisy/DaisyExamples/libdaisy//build/libdaisy.a(usbd_desc.o)
                0x00000000080042dc                USBD_HS_DeviceDescriptor
 .text.USBD_FS_DeviceDescriptor
                0x00000000080042e8        0xc ../../Documents/Daisy/DaisyExamples/libdaisy//build/libdaisy.a(usbd_desc.o)
                0x00000000080042e8                USBD_FS_DeviceDescriptor
 .text.USBD_FS_LangIDStrDescriptor
                0x00000000080042f4        0xc ../../Documents/Daisy/DaisyExamples/libdaisy//build/libdaisy.a(usbd_desc.o)
                0x00000000080042f4                USBD_FS_LangIDStrDescriptor
 .text.USBD_FS_ManufacturerStrDescriptor
                0x0000000008004300       0x1c ../../Documents/Daisy/DaisyExamples/libdaisy//build/libdaisy.a(usbd_desc.o)
                0x0000000008004300                USBD_FS_ManufacturerStrDescriptor
 .text.USBD_HS_ProductStrDescriptor
                0x000000000800431c       0x1c ../../Documents/Daisy/DaisyExamples/libdaisy//build/libdaisy.a(usbd_desc.o)
                0x000000000800431c                USBD_HS_ProductStrDescriptor
 .text.USBD_FS_ConfigStrDescriptor
                0x0000000008004338       0x1c ../../Documents/Daisy/DaisyExamples/libdaisy//build/libdaisy.a(usbd_desc.o)
                0x0000000008004338                USBD_FS_ConfigStrDescriptor
 .text.USBD_FS_InterfaceStrDescriptor
                0x0000000008004354       0x1c ../../Documents/Daisy/DaisyExamples/libdaisy//build/libdaisy.a(usbd_desc.o)
                0x0000000008004354                USBD_FS_InterfaceStrDescriptor
 .text.USBD_FS_ProductStrDescriptor
                0x0000000008004370       0x1c ../../Documents/Daisy/DaisyExamples/libdaisy//build/libdaisy.a(usbd_desc.o)
                0x0000000008004370                USBD_FS_ProductStrDescriptor
 .text.USBD_HS_LangIDStrDescriptor
                0x000000000800438c        0xc ../../Documents/Daisy/DaisyExamples/libdaisy//build/libdaisy.a(usbd_desc.o)
                0x000000000800438c                USBD_HS_LangIDStrDescriptor
 .text.USBD_HS_ManufacturerStrDescriptor
                0x0000000008004398       0x1c ../../Documents/Daisy/DaisyExamples/libdaisy//build/libdaisy.a(usbd_desc.o)
                0x0000000008004398                USBD_HS_ManufacturerStrDescriptor
 .text.USBD_FS_SerialStrDescriptor
                0x00000000080043b4      0x124 ../../Documents/Daisy/DaisyExamples/libdaisy//build/libdaisy.a(usbd_desc.o)
                0x00000000080043b4                USBD_FS_SerialStrDescriptor
 .text.USBD_HS_SerialStrDescriptor
                0x00000000080044d8      0x124 ../../Documents/Daisy/DaisyExamples/libdaisy//build/libdaisy.a(usbd_desc.o)
                0x00000000080044d8                USBD_HS_SerialStrDescriptor
 .text.USBD_HS_InterfaceStrDescriptor
                0x00000000080045fc       0x1c ../../Documents/Daisy/DaisyExamples/libdaisy//build/libdaisy.a(usbd_desc.o)
                0x00000000080045fc                USBD_HS_InterfaceStrDescriptor
 .text.USBD_HS_ConfigStrDescriptor
                0x0000000008004618       0x1c ../../Documents/Daisy/DaisyExamples/libdaisy//build/libdaisy.a(usbd_desc.o)
                0x0000000008004618                USBD_HS_ConfigStrDescriptor
 .text.dsy_hal_map_get_port
                0x0000000008004634       0x10 ../../Documents/Daisy/DaisyExamples/libdaisy//build/libdaisy.a(hal_map.o)
                0x0000000008004634                dsy_hal_map_get_port
 .text.dsy_hal_map_get_pin
                0x0000000008004644       0x10 ../../Documents/Daisy/DaisyExamples/libdaisy//build/libdaisy.a(hal_map.o)
                0x0000000008004644                dsy_hal_map_get_pin
 .text.dsy_hal_map_gpio_clk_enable
                0x0000000008004654      0x150 ../../Documents/Daisy/DaisyExamples/libdaisy//build/libdaisy.a(hal_map.o)
                0x0000000008004654                dsy_hal_map_gpio_clk_enable
 .text.HAL_MspInit
                0x00000000080047a4        0x4 ../../Documents/Daisy/DaisyExamples/libdaisy//build/libdaisy.a(stm32h7xx_hal.o)
                0x00000000080047a4                HAL_MspInit
 .text.HAL_InitTick
                0x00000000080047a8       0x4c ../../Documents/Daisy/DaisyExamples/libdaisy//build/libdaisy.a(stm32h7xx_hal.o)
                0x00000000080047a8                HAL_InitTick
 .text.HAL_Init
                0x00000000080047f4       0x60 ../../Documents/Daisy/DaisyExamples/libdaisy//build/libdaisy.a(stm32h7xx_hal.o)
                0x00000000080047f4                HAL_Init
 .text.HAL_IncTick
                0x0000000008004854       0x18 ../../Documents/Daisy/DaisyExamples/libdaisy//build/libdaisy.a(stm32h7xx_hal.o)
                0x0000000008004854                HAL_IncTick
 .text.HAL_GetTick
                0x000000000800486c        0xc ../../Documents/Daisy/DaisyExamples/libdaisy//build/libdaisy.a(stm32h7xx_hal.o)
                0x000000000800486c                HAL_GetTick
 .text.HAL_Delay
                0x0000000008004878       0x24 ../../Documents/Daisy/DaisyExamples/libdaisy//build/libdaisy.a(stm32h7xx_hal.o)
                0x0000000008004878                HAL_Delay
 .text.HAL_GetREVID
                0x000000000800489c        0xc ../../Documents/Daisy/DaisyExamples/libdaisy//build/libdaisy.a(stm32h7xx_hal.o)
                0x000000000800489c                HAL_GetREVID
 .text.HAL_ADC_ConvHalfCpltCallback
                0x00000000080048a8        0x4 ../../Documents/Daisy/DaisyExamples/libdaisy//build/libdaisy.a(stm32h7xx_hal_adc.o)
                0x00000000080048a8                HAL_ADC_ConvHalfCpltCallback
 .text.ADC_DMAHalfConvCplt
                0x00000000080048ac        0xc ../../Documents/Daisy/DaisyExamples/libdaisy//build/libdaisy.a(stm32h7xx_hal_adc.o)
                0x00000000080048ac                ADC_DMAHalfConvCplt
 .text.ADC_DMAConvCplt
                0x00000000080048b8       0x6c ../../Documents/Daisy/DaisyExamples/libdaisy//build/libdaisy.a(stm32h7xx_hal_adc.o)
                0x00000000080048b8                ADC_DMAConvCplt
 .text.ADC_DMAError
                0x0000000008004924       0x1c ../../Documents/Daisy/DaisyExamples/libdaisy//build/libdaisy.a(stm32h7xx_hal_adc.o)
                0x0000000008004924                ADC_DMAError
 .text.HAL_ADC_ConfigChannel
                0x0000000008004940      0x3fc ../../Documents/Daisy/DaisyExamples/libdaisy//build/libdaisy.a(stm32h7xx_hal_adc.o)
                0x0000000008004940                HAL_ADC_ConfigChannel
 .text.ADC_Enable
                0x0000000008004d3c       0xac ../../Documents/Daisy/DaisyExamples/libdaisy//build/libdaisy.a(stm32h7xx_hal_adc.o)
                0x0000000008004d3c                ADC_Enable
 .text.HAL_ADC_Start_DMA
                0x0000000008004de8      0x114 ../../Documents/Daisy/DaisyExamples/libdaisy//build/libdaisy.a(stm32h7xx_hal_adc.o)
                0x0000000008004de8                HAL_ADC_Start_DMA
 .text.ADC_Disable
                0x0000000008004efc       0x68 ../../Documents/Daisy/DaisyExamples/libdaisy//build/libdaisy.a(stm32h7xx_hal_adc.o)
                0x0000000008004efc                ADC_Disable
 .text.ADC_ConfigureBoostMode
                0x0000000008004f64      0x184 ../../Documents/Daisy/DaisyExamples/libdaisy//build/libdaisy.a(stm32h7xx_hal_adc.o)
                0x0000000008004f64                ADC_ConfigureBoostMode
 .text.HAL_ADC_Init
                0x00000000080050e8      0x218 ../../Documents/Daisy/DaisyExamples/libdaisy//build/libdaisy.a(stm32h7xx_hal_adc.o)
                0x00000000080050e8                HAL_ADC_Init
 .text.HAL_ADCEx_Calibration_Start
                0x0000000008005300       0xa4 ../../Documents/Daisy/DaisyExamples/libdaisy//build/libdaisy.a(stm32h7xx_hal_adc_ex.o)
                0x0000000008005300                HAL_ADCEx_Calibration_Start
 .text.HAL_ADCEx_MultiModeConfigChannel
                0x00000000080053a4       0xc4 ../../Documents/Daisy/DaisyExamples/libdaisy//build/libdaisy.a(stm32h7xx_hal_adc_ex.o)
                0x00000000080053a4                HAL_ADCEx_MultiModeConfigChannel
 .text.HAL_NVIC_SetPriorityGrouping
                0x0000000008005468       0x24 ../../Documents/Daisy/DaisyExamples/libdaisy//build/libdaisy.a(stm32h7xx_hal_cortex.o)
                0x0000000008005468                HAL_NVIC_SetPriorityGrouping
 .text.HAL_NVIC_SetPriority
                0x000000000800548c       0x7c ../../Documents/Daisy/DaisyExamples/libdaisy//build/libdaisy.a(stm32h7xx_hal_cortex.o)
                0x000000000800548c                HAL_NVIC_SetPriority
 .text.HAL_NVIC_EnableIRQ
                0x0000000008005508       0x1c ../../Documents/Daisy/DaisyExamples/libdaisy//build/libdaisy.a(stm32h7xx_hal_cortex.o)
                0x0000000008005508                HAL_NVIC_EnableIRQ
 .text.HAL_NVIC_DisableIRQ
                0x0000000008005524       0x28 ../../Documents/Daisy/DaisyExamples/libdaisy//build/libdaisy.a(stm32h7xx_hal_cortex.o)
                0x0000000008005524                HAL_NVIC_DisableIRQ
 .text.HAL_SYSTICK_Config
                0x000000000800554c       0x2c ../../Documents/Daisy/DaisyExamples/libdaisy//build/libdaisy.a(stm32h7xx_hal_cortex.o)
                0x000000000800554c                HAL_SYSTICK_Config
 .text.HAL_MPU_Disable
                0x0000000008005578       0x1c ../../Documents/Daisy/DaisyExamples/libdaisy//build/libdaisy.a(stm32h7xx_hal_cortex.o)
                0x0000000008005578                HAL_MPU_Disable
 .text.HAL_MPU_Enable
                0x0000000008005594       0x20 ../../Documents/Daisy/DaisyExamples/libdaisy//build/libdaisy.a(stm32h7xx_hal_cortex.o)
                0x0000000008005594                HAL_MPU_Enable
 .text.HAL_MPU_ConfigRegion
                0x00000000080055b4       0x64 ../../Documents/Daisy/DaisyExamples/libdaisy//build/libdaisy.a(stm32h7xx_hal_cortex.o)
                0x00000000080055b4                HAL_MPU_ConfigRegion
 .text.HAL_SYSTICK_Callback
                0x0000000008005618        0x4 ../../Documents/Daisy/DaisyExamples/libdaisy//build/libdaisy.a(stm32h7xx_hal_cortex.o)
                0x0000000008005618                HAL_SYSTICK_Callback
 .text.HAL_SYSTICK_IRQHandler
                0x000000000800561c        0x8 ../../Documents/Daisy/DaisyExamples/libdaisy//build/libdaisy.a(stm32h7xx_hal_cortex.o)
                0x000000000800561c                HAL_SYSTICK_IRQHandler
 .text.DMA_CalcBaseAndBitshift
                0x0000000008005624       0xf4 ../../Documents/Daisy/DaisyExamples/libdaisy//build/libdaisy.a(stm32h7xx_hal_dma.o)
 .text.DMA_CalcDMAMUXChannelBaseAndMask
                0x0000000008005718       0xd8 ../../Documents/Daisy/DaisyExamples/libdaisy//build/libdaisy.a(stm32h7xx_hal_dma.o)
 .text.HAL_DMA_Init
                0x00000000080057f0      0x37c ../../Documents/Daisy/DaisyExamples/libdaisy//build/libdaisy.a(stm32h7xx_hal_dma.o)
                0x00000000080057f0                HAL_DMA_Init
 .text.HAL_DMA_Start_IT
                0x0000000008005b6c      0x240 ../../Documents/Daisy/DaisyExamples/libdaisy//build/libdaisy.a(stm32h7xx_hal_dma.o)
                0x0000000008005b6c                HAL_DMA_Start_IT
 .text.HAL_DMA_Abort_IT
                0x0000000008005dac      0x134 ../../Documents/Daisy/DaisyExamples/libdaisy//build/libdaisy.a(stm32h7xx_hal_dma.o)
                0x0000000008005dac                HAL_DMA_Abort_IT
 .text.HAL_DMA_IRQHandler
                0x0000000008005ee0      0x6a0 ../../Documents/Daisy/DaisyExamples/libdaisy//build/libdaisy.a(stm32h7xx_hal_dma.o)
                0x0000000008005ee0                HAL_DMA_IRQHandler
 .text.HAL_DMA_GetError
                0x0000000008006580        0x4 ../../Documents/Daisy/DaisyExamples/libdaisy//build/libdaisy.a(stm32h7xx_hal_dma.o)
                0x0000000008006580                HAL_DMA_GetError
 .text.HAL_GPIO_Init
                0x0000000008006584      0x280 ../../Documents/Daisy/DaisyExamples/libdaisy//build/libdaisy.a(stm32h7xx_hal_gpio.o)
                0x0000000008006584                HAL_GPIO_Init
 .text.HAL_GPIO_DeInit
                0x0000000008006804      0x190 ../../Documents/Daisy/DaisyExamples/libdaisy//build/libdaisy.a(stm32h7xx_hal_gpio.o)
                0x0000000008006804                HAL_GPIO_DeInit
 .text.HAL_GPIO_ReadPin
                0x0000000008006994        0xc ../../Documents/Daisy/DaisyExamples/libdaisy//build/libdaisy.a(stm32h7xx_hal_gpio.o)
                0x0000000008006994                HAL_GPIO_ReadPin
 .text.HAL_GPIO_WritePin
                0x00000000080069a0        0x8 ../../Documents/Daisy/DaisyExamples/libdaisy//build/libdaisy.a(stm32h7xx_hal_gpio.o)
                0x00000000080069a0                HAL_GPIO_WritePin
 .text.I2C_WaitOnTXISFlagUntilTimeout
                0x00000000080069a8       0xb8 ../../Documents/Daisy/DaisyExamples/libdaisy//build/libdaisy.a(stm32h7xx_hal_i2c.o)
 .text.I2C_WaitOnSTOPFlagUntilTimeout
                0x0000000008006a60       0xac ../../Documents/Daisy/DaisyExamples/libdaisy//build/libdaisy.a(stm32h7xx_hal_i2c.o)
 .text.HAL_I2C_Init
                0x0000000008006b0c       0xac ../../Documents/Daisy/DaisyExamples/libdaisy//build/libdaisy.a(stm32h7xx_hal_i2c.o)
                0x0000000008006b0c                HAL_I2C_Init
 .text.HAL_I2C_Master_Transmit
                0x0000000008006bb8      0x1a8 ../../Documents/Daisy/DaisyExamples/libdaisy//build/libdaisy.a(stm32h7xx_hal_i2c.o)
                0x0000000008006bb8                HAL_I2C_Master_Transmit
 .text.HAL_I2C_Slave_Transmit
                0x0000000008006d60      0x1c8 ../../Documents/Daisy/DaisyExamples/libdaisy//build/libdaisy.a(stm32h7xx_hal_i2c.o)
                0x0000000008006d60                HAL_I2C_Slave_Transmit
 .text.HAL_I2C_EV_IRQHandler
                0x0000000008006f28       0x10 ../../Documents/Daisy/DaisyExamples/libdaisy//build/libdaisy.a(stm32h7xx_hal_i2c.o)
                0x0000000008006f28                HAL_I2C_EV_IRQHandler
 .text.HAL_I2C_GetState
                0x0000000008006f38        0x8 ../../Documents/Daisy/DaisyExamples/libdaisy//build/libdaisy.a(stm32h7xx_hal_i2c.o)
                0x0000000008006f38                HAL_I2C_GetState
 .text.HAL_I2CEx_ConfigAnalogFilter
                0x0000000008006f40       0x54 ../../Documents/Daisy/DaisyExamples/libdaisy//build/libdaisy.a(stm32h7xx_hal_i2c_ex.o)
                0x0000000008006f40                HAL_I2CEx_ConfigAnalogFilter
 .text.HAL_I2CEx_ConfigDigitalFilter
                0x0000000008006f94       0x58 ../../Documents/Daisy/DaisyExamples/libdaisy//build/libdaisy.a(stm32h7xx_hal_i2c_ex.o)
                0x0000000008006f94                HAL_I2CEx_ConfigDigitalFilter
 .text.HAL_PCD_Init
                0x0000000008006fec      0x12c ../../Documents/Daisy/DaisyExamples/libdaisy//build/libdaisy.a(stm32h7xx_hal_pcd.o)
                0x0000000008006fec                HAL_PCD_Init
 .text.HAL_PCD_Start
                0x0000000008007118       0x44 ../../Documents/Daisy/DaisyExamples/libdaisy//build/libdaisy.a(stm32h7xx_hal_pcd.o)
                0x0000000008007118                HAL_PCD_Start
 .text.HAL_PCD_IRQHandler
                0x000000000800715c      0x69c ../../Documents/Daisy/DaisyExamples/libdaisy//build/libdaisy.a(stm32h7xx_hal_pcd.o)
                0x000000000800715c                HAL_PCD_IRQHandler
 .text.HAL_PCD_SetAddress
                0x00000000080077f8       0x2c ../../Documents/Daisy/DaisyExamples/libdaisy//build/libdaisy.a(stm32h7xx_hal_pcd.o)
                0x00000000080077f8                HAL_PCD_SetAddress
 .text.HAL_PCD_EP_Open
                0x0000000008007824       0x7c ../../Documents/Daisy/DaisyExamples/libdaisy//build/libdaisy.a(stm32h7xx_hal_pcd.o)
                0x0000000008007824                HAL_PCD_EP_Open
 .text.HAL_PCD_EP_Close
                0x00000000080078a0       0x6c ../../Documents/Daisy/DaisyExamples/libdaisy//build/libdaisy.a(stm32h7xx_hal_pcd.o)
                0x00000000080078a0                HAL_PCD_EP_Close
 .text.HAL_PCD_EP_Receive
                0x000000000800790c       0x50 ../../Documents/Daisy/DaisyExamples/libdaisy//build/libdaisy.a(stm32h7xx_hal_pcd.o)
                0x000000000800790c                HAL_PCD_EP_Receive
 .text.HAL_PCD_EP_GetRxCount
                0x000000000800795c       0x14 ../../Documents/Daisy/DaisyExamples/libdaisy//build/libdaisy.a(stm32h7xx_hal_pcd.o)
                0x000000000800795c                HAL_PCD_EP_GetRxCount
 .text.HAL_PCD_EP_Transmit
                0x0000000008007970       0x50 ../../Documents/Daisy/DaisyExamples/libdaisy//build/libdaisy.a(stm32h7xx_hal_pcd.o)
                0x0000000008007970                HAL_PCD_EP_Transmit
 .text.HAL_PCD_EP_SetStall
                0x00000000080079c0       0x88 ../../Documents/Daisy/DaisyExamples/libdaisy//build/libdaisy.a(stm32h7xx_hal_pcd.o)
                0x00000000080079c0                HAL_PCD_EP_SetStall
 .text.HAL_PCD_EP_ClrStall
                0x0000000008007a48       0x78 ../../Documents/Daisy/DaisyExamples/libdaisy//build/libdaisy.a(stm32h7xx_hal_pcd.o)
                0x0000000008007a48                HAL_PCD_EP_ClrStall
 .text.HAL_PCDEx_SetTxFiFo
                0x0000000008007ac0       0x54 ../../Documents/Daisy/DaisyExamples/libdaisy//build/libdaisy.a(stm32h7xx_hal_pcd_ex.o)
                0x0000000008007ac0                HAL_PCDEx_SetTxFiFo
 .text.HAL_PCDEx_SetRxFiFo
                0x0000000008007b14        0xc ../../Documents/Daisy/DaisyExamples/libdaisy//build/libdaisy.a(stm32h7xx_hal_pcd_ex.o)
                0x0000000008007b14                HAL_PCDEx_SetRxFiFo
 .text.HAL_PCDEx_ActivateLPM
                0x0000000008007b20       0x30 ../../Documents/Daisy/DaisyExamples/libdaisy//build/libdaisy.a(stm32h7xx_hal_pcd_ex.o)
                0x0000000008007b20                HAL_PCDEx_ActivateLPM
 .text.HAL_PCDEx_LPM_Callback
                0x0000000008007b50        0x4 ../../Documents/Daisy/DaisyExamples/libdaisy//build/libdaisy.a(stm32h7xx_hal_pcd_ex.o)
                0x0000000008007b50                HAL_PCDEx_LPM_Callback
 .text.HAL_PWREx_ConfigSupply
                0x0000000008007b54       0x4c ../../Documents/Daisy/DaisyExamples/libdaisy//build/libdaisy.a(stm32h7xx_hal_pwr_ex.o)
                0x0000000008007b54                HAL_PWREx_ConfigSupply
 .text.HAL_PWREx_EnableUSBVoltageDetector
                0x0000000008007ba0       0x10 ../../Documents/Daisy/DaisyExamples/libdaisy//build/libdaisy.a(stm32h7xx_hal_pwr_ex.o)
                0x0000000008007ba0                HAL_PWREx_EnableUSBVoltageDetector
 .text.QSPI_Config
                0x0000000008007bb0      0x174 ../../Documents/Daisy/DaisyExamples/libdaisy//build/libdaisy.a(stm32h7xx_hal_qspi.o)
 .text.HAL_QSPI_Init
                0x0000000008007d24       0xd8 ../../Documents/Daisy/DaisyExamples/libdaisy//build/libdaisy.a(stm32h7xx_hal_qspi.o)
                0x0000000008007d24                HAL_QSPI_Init
 .text.HAL_QSPI_DeInit
                0x0000000008007dfc       0x3c ../../Documents/Daisy/DaisyExamples/libdaisy//build/libdaisy.a(stm32h7xx_hal_qspi.o)
                0x0000000008007dfc                HAL_QSPI_DeInit
 .text.HAL_QSPI_Command
                0x0000000008007e38       0xd4 ../../Documents/Daisy/DaisyExamples/libdaisy//build/libdaisy.a(stm32h7xx_hal_qspi.o)
                0x0000000008007e38                HAL_QSPI_Command
 .text.HAL_QSPI_Transmit
                0x0000000008007f0c       0xfc ../../Documents/Daisy/DaisyExamples/libdaisy//build/libdaisy.a(stm32h7xx_hal_qspi.o)
                0x0000000008007f0c                HAL_QSPI_Transmit
 .text.HAL_QSPI_Receive
                0x0000000008008008      0x108 ../../Documents/Daisy/DaisyExamples/libdaisy//build/libdaisy.a(stm32h7xx_hal_qspi.o)
                0x0000000008008008                HAL_QSPI_Receive
 .text.HAL_QSPI_AutoPolling
                0x0000000008008110       0xf0 ../../Documents/Daisy/DaisyExamples/libdaisy//build/libdaisy.a(stm32h7xx_hal_qspi.o)
                0x0000000008008110                HAL_QSPI_AutoPolling
 .text.HAL_QSPI_MemoryMapped
                0x0000000008008200       0xc0 ../../Documents/Daisy/DaisyExamples/libdaisy//build/libdaisy.a(stm32h7xx_hal_qspi.o)
                0x0000000008008200                HAL_QSPI_MemoryMapped
 .text.HAL_QSPI_ErrorCallback
                0x00000000080082c0        0x4 ../../Documents/Daisy/DaisyExamples/libdaisy//build/libdaisy.a(stm32h7xx_hal_qspi.o)
                0x00000000080082c0                HAL_QSPI_ErrorCallback
 .text.QSPI_DMAAbortCplt
                0x00000000080082c4       0x38 ../../Documents/Daisy/DaisyExamples/libdaisy//build/libdaisy.a(stm32h7xx_hal_qspi.o)
 .text.HAL_QSPI_AbortCpltCallback
                0x00000000080082fc        0x4 ../../Documents/Daisy/DaisyExamples/libdaisy//build/libdaisy.a(stm32h7xx_hal_qspi.o)
                0x00000000080082fc                HAL_QSPI_AbortCpltCallback
 .text.HAL_QSPI_CmdCpltCallback
                0x0000000008008300        0x4 ../../Documents/Daisy/DaisyExamples/libdaisy//build/libdaisy.a(stm32h7xx_hal_qspi.o)
                0x0000000008008300                HAL_QSPI_CmdCpltCallback
 .text.HAL_QSPI_RxCpltCallback
                0x0000000008008304        0x4 ../../Documents/Daisy/DaisyExamples/libdaisy//build/libdaisy.a(stm32h7xx_hal_qspi.o)
                0x0000000008008304                HAL_QSPI_RxCpltCallback
 .text.HAL_QSPI_TxCpltCallback
                0x0000000008008308        0x4 ../../Documents/Daisy/DaisyExamples/libdaisy//build/libdaisy.a(stm32h7xx_hal_qspi.o)
                0x0000000008008308                HAL_QSPI_TxCpltCallback
 .text.HAL_QSPI_FifoThresholdCallback
                0x000000000800830c        0x4 ../../Documents/Daisy/DaisyExamples/libdaisy//build/libdaisy.a(stm32h7xx_hal_qspi.o)
                0x000000000800830c                HAL_QSPI_FifoThresholdCallback
 .text.HAL_QSPI_StatusMatchCallback
                0x0000000008008310        0x4 ../../Documents/Daisy/DaisyExamples/libdaisy//build/libdaisy.a(stm32h7xx_hal_qspi.o)
                0x0000000008008310                HAL_QSPI_StatusMatchCallback
 .text.HAL_QSPI_TimeOutCallback
                0x0000000008008314        0x4 ../../Documents/Daisy/DaisyExamples/libdaisy//build/libdaisy.a(stm32h7xx_hal_qspi.o)
                0x0000000008008314                HAL_QSPI_TimeOutCallback
 .text.HAL_QSPI_IRQHandler
                0x0000000008008318      0x210 ../../Documents/Daisy/DaisyExamples/libdaisy//build/libdaisy.a(stm32h7xx_hal_qspi.o)
                0x0000000008008318                HAL_QSPI_IRQHandler
 .text.HAL_RCC_OscConfig
                0x0000000008008528      0x51c ../../Documents/Daisy/DaisyExamples/libdaisy//build/libdaisy.a(stm32h7xx_hal_rcc.o)
                0x0000000008008528                HAL_RCC_OscConfig
 .text.HAL_RCC_GetSysClockFreq
                0x0000000008008a44      0x140 ../../Documents/Daisy/DaisyExamples/libdaisy//build/libdaisy.a(stm32h7xx_hal_rcc.o)
                0x0000000008008a44                HAL_RCC_GetSysClockFreq
 .text.HAL_RCC_ClockConfig
                0x0000000008008b84      0x234 ../../Documents/Daisy/DaisyExamples/libdaisy//build/libdaisy.a(stm32h7xx_hal_rcc.o)
                0x0000000008008b84                HAL_RCC_ClockConfig
 .text.HAL_RCC_GetHCLKFreq
                0x0000000008008db8       0x2c ../../Documents/Daisy/DaisyExamples/libdaisy//build/libdaisy.a(stm32h7xx_hal_rcc.o)
                0x0000000008008db8                HAL_RCC_GetHCLKFreq
 .text.HAL_RCC_GetPCLK1Freq
                0x0000000008008de4       0x38 ../../Documents/Daisy/DaisyExamples/libdaisy//build/libdaisy.a(stm32h7xx_hal_rcc.o)
                0x0000000008008de4                HAL_RCC_GetPCLK1Freq
 .text.RCCEx_PLL2_Config
                0x0000000008008e1c       0xf4 ../../Documents/Daisy/DaisyExamples/libdaisy//build/libdaisy.a(stm32h7xx_hal_rcc_ex.o)
 .text.RCCEx_PLL3_Config
                0x0000000008008f10       0xf4 ../../Documents/Daisy/DaisyExamples/libdaisy//build/libdaisy.a(stm32h7xx_hal_rcc_ex.o)
 .text.HAL_RCCEx_PeriphCLKConfig
                0x0000000008009004      0xa7c ../../Documents/Daisy/DaisyExamples/libdaisy//build/libdaisy.a(stm32h7xx_hal_rcc_ex.o)
                0x0000000008009004                HAL_RCCEx_PeriphCLKConfig
 .text.HAL_RCCEx_GetPLL2ClockFreq
                0x0000000008009a80      0x17c ../../Documents/Daisy/DaisyExamples/libdaisy//build/libdaisy.a(stm32h7xx_hal_rcc_ex.o)
                0x0000000008009a80                HAL_RCCEx_GetPLL2ClockFreq
 .text.HAL_RCCEx_GetPLL3ClockFreq
                0x0000000008009bfc      0x17c ../../Documents/Daisy/DaisyExamples/libdaisy//build/libdaisy.a(stm32h7xx_hal_rcc_ex.o)
                0x0000000008009bfc                HAL_RCCEx_GetPLL3ClockFreq
 .text.HAL_RCCEx_GetPLL1ClockFreq
                0x0000000008009d78      0x17c ../../Documents/Daisy/DaisyExamples/libdaisy//build/libdaisy.a(stm32h7xx_hal_rcc_ex.o)
                0x0000000008009d78                HAL_RCCEx_GetPLL1ClockFreq
 .text.HAL_RCCEx_GetPeriphCLKFreq
                0x0000000008009ef4      0x198 ../../Documents/Daisy/DaisyExamples/libdaisy//build/libdaisy.a(stm32h7xx_hal_rcc_ex.o)
                0x0000000008009ef4                HAL_RCCEx_GetPeriphCLKFreq
 .text.HAL_RCCEx_GetD1SysClockFreq
                0x000000000800a08c       0x2c ../../Documents/Daisy/DaisyExamples/libdaisy//build/libdaisy.a(stm32h7xx_hal_rcc_ex.o)
                0x000000000800a08c                HAL_RCCEx_GetD1SysClockFreq
 .text.HAL_SAI_Init.part.0
                0x000000000800a0b8      0x348 ../../Documents/Daisy/DaisyExamples/libdaisy//build/libdaisy.a(stm32h7xx_hal_sai.o)
 .text.HAL_SAI_InitProtocol
                0x000000000800a400      0x178 ../../Documents/Daisy/DaisyExamples/libdaisy//build/libdaisy.a(stm32h7xx_hal_sai.o)
                0x000000000800a400                HAL_SAI_InitProtocol
 .text.HAL_SAI_Transmit_DMA
                0x000000000800a578      0x124 ../../Documents/Daisy/DaisyExamples/libdaisy//build/libdaisy.a(stm32h7xx_hal_sai.o)
                0x000000000800a578                HAL_SAI_Transmit_DMA
 .text.HAL_SAI_Receive_DMA
                0x000000000800a69c       0xd0 ../../Documents/Daisy/DaisyExamples/libdaisy//build/libdaisy.a(stm32h7xx_hal_sai.o)
                0x000000000800a69c                HAL_SAI_Receive_DMA
 .text.HAL_SAI_TxCpltCallback
                0x000000000800a76c        0x4 ../../Documents/Daisy/DaisyExamples/libdaisy//build/libdaisy.a(stm32h7xx_hal_sai.o)
                0x000000000800a76c                HAL_SAI_TxCpltCallback
 .text.SAI_DMATxCplt
                0x000000000800a770       0x64 ../../Documents/Daisy/DaisyExamples/libdaisy//build/libdaisy.a(stm32h7xx_hal_sai.o)
 .text.HAL_SAI_TxHalfCpltCallback
                0x000000000800a7d4        0x4 ../../Documents/Daisy/DaisyExamples/libdaisy//build/libdaisy.a(stm32h7xx_hal_sai.o)
                0x000000000800a7d4                HAL_SAI_TxHalfCpltCallback
 .text.SAI_DMATxHalfCplt
                0x000000000800a7d8        0xc ../../Documents/Daisy/DaisyExamples/libdaisy//build/libdaisy.a(stm32h7xx_hal_sai.o)
 .text.SAI_DMARxCplt
                0x000000000800a7e4       0x64 ../../Documents/Daisy/DaisyExamples/libdaisy//build/libdaisy.a(stm32h7xx_hal_sai.o)
 .text.SAI_DMARxHalfCplt
                0x000000000800a848        0xc ../../Documents/Daisy/DaisyExamples/libdaisy//build/libdaisy.a(stm32h7xx_hal_sai.o)
 .text.HAL_SAI_ErrorCallback
                0x000000000800a854        0x4 ../../Documents/Daisy/DaisyExamples/libdaisy//build/libdaisy.a(stm32h7xx_hal_sai.o)
                0x000000000800a854                HAL_SAI_ErrorCallback
 .text.SAI_DMAError
                0x000000000800a858       0x6c ../../Documents/Daisy/DaisyExamples/libdaisy//build/libdaisy.a(stm32h7xx_hal_sai.o)
 .text.HAL_SDRAM_Init
                0x000000000800a8c4       0x54 ../../Documents/Daisy/DaisyExamples/libdaisy//build/libdaisy.a(stm32h7xx_hal_sdram.o)
                0x000000000800a8c4                HAL_SDRAM_Init
 .text.HAL_SDRAM_SendCommand
                0x000000000800a918       0x40 ../../Documents/Daisy/DaisyExamples/libdaisy//build/libdaisy.a(stm32h7xx_hal_sdram.o)
                0x000000000800a918                HAL_SDRAM_SendCommand
 .text.HAL_SDRAM_ProgramRefreshRate
                0x000000000800a958       0x30 ../../Documents/Daisy/DaisyExamples/libdaisy//build/libdaisy.a(stm32h7xx_hal_sdram.o)
                0x000000000800a958                HAL_SDRAM_ProgramRefreshRate
 .text.FMC_SDRAM_Init
                0x000000000800a988       0x7c ../../Documents/Daisy/DaisyExamples/libdaisy//build/libdaisy.a(stm32h7xx_ll_fmc.o)
                0x000000000800a988                FMC_SDRAM_Init
 .text.FMC_SDRAM_Timing_Init
                0x000000000800aa04       0x98 ../../Documents/Daisy/DaisyExamples/libdaisy//build/libdaisy.a(stm32h7xx_ll_fmc.o)
                0x000000000800aa04                FMC_SDRAM_Timing_Init
 .text.FMC_SDRAM_SendCommand
                0x000000000800aa9c       0x28 ../../Documents/Daisy/DaisyExamples/libdaisy//build/libdaisy.a(stm32h7xx_ll_fmc.o)
                0x000000000800aa9c                FMC_SDRAM_SendCommand
 .text.FMC_SDRAM_ProgramRefreshRate
                0x000000000800aac4       0x1c ../../Documents/Daisy/DaisyExamples/libdaisy//build/libdaisy.a(stm32h7xx_ll_fmc.o)
                0x000000000800aac4                FMC_SDRAM_ProgramRefreshRate
 .text.USB_CoreInit
                0x000000000800aae0       0xfc ../../Documents/Daisy/DaisyExamples/libdaisy//build/libdaisy.a(stm32h7xx_ll_usb.o)
                0x000000000800aae0                USB_CoreInit
 .text.USB_SetTurnaroundTime
                0x000000000800abdc       0xf4 ../../Documents/Daisy/DaisyExamples/libdaisy//build/libdaisy.a(stm32h7xx_ll_usb.o)
                0x000000000800abdc                USB_SetTurnaroundTime
 .text.USB_EnableGlobalInt
                0x000000000800acd0       0x10 ../../Documents/Daisy/DaisyExamples/libdaisy//build/libdaisy.a(stm32h7xx_ll_usb.o)
                0x000000000800acd0                USB_EnableGlobalInt
 .text.USB_DisableGlobalInt
                0x000000000800ace0       0x10 ../../Documents/Daisy/DaisyExamples/libdaisy//build/libdaisy.a(stm32h7xx_ll_usb.o)
                0x000000000800ace0                USB_DisableGlobalInt
 .text.USB_SetCurrentMode
                0x000000000800acf0       0x30 ../../Documents/Daisy/DaisyExamples/libdaisy//build/libdaisy.a(stm32h7xx_ll_usb.o)
                0x000000000800acf0                USB_SetCurrentMode
 .text.USB_DevInit
                0x000000000800ad20      0x20c ../../Documents/Daisy/DaisyExamples/libdaisy//build/libdaisy.a(stm32h7xx_ll_usb.o)
                0x000000000800ad20                USB_DevInit
 .text.USB_FlushTxFifo
                0x000000000800af2c       0x24 ../../Documents/Daisy/DaisyExamples/libdaisy//build/libdaisy.a(stm32h7xx_ll_usb.o)
                0x000000000800af2c                USB_FlushTxFifo
 .text.USB_GetDevSpeed
                0x000000000800af50       0x18 ../../Documents/Daisy/DaisyExamples/libdaisy//build/libdaisy.a(stm32h7xx_ll_usb.o)
                0x000000000800af50                USB_GetDevSpeed
 .text.USB_ActivateEndpoint
                0x000000000800af68       0x90 ../../Documents/Daisy/DaisyExamples/libdaisy//build/libdaisy.a(stm32h7xx_ll_usb.o)
                0x000000000800af68                USB_ActivateEndpoint
 .text.USB_DeactivateEndpoint
                0x000000000800aff8       0x84 ../../Documents/Daisy/DaisyExamples/libdaisy//build/libdaisy.a(stm32h7xx_ll_usb.o)
                0x000000000800aff8                USB_DeactivateEndpoint
 .text.USB_EPStartXfer
                0x000000000800b07c      0x230 ../../Documents/Daisy/DaisyExamples/libdaisy//build/libdaisy.a(stm32h7xx_ll_usb.o)
                0x000000000800b07c                USB_EPStartXfer
 .text.USB_EP0StartXfer
                0x000000000800b2ac      0x174 ../../Documents/Daisy/DaisyExamples/libdaisy//build/libdaisy.a(stm32h7xx_ll_usb.o)
                0x000000000800b2ac                USB_EP0StartXfer
 .text.USB_WritePacket
                0x000000000800b420       0x2c ../../Documents/Daisy/DaisyExamples/libdaisy//build/libdaisy.a(stm32h7xx_ll_usb.o)
                0x000000000800b420                USB_WritePacket
 .text.USB_ReadPacket
                0x000000000800b44c       0x20 ../../Documents/Daisy/DaisyExamples/libdaisy//build/libdaisy.a(stm32h7xx_ll_usb.o)
                0x000000000800b44c                USB_ReadPacket
 .text.USB_EPSetStall
                0x000000000800b46c       0x68 ../../Documents/Daisy/DaisyExamples/libdaisy//build/libdaisy.a(stm32h7xx_ll_usb.o)
                0x000000000800b46c                USB_EPSetStall
 .text.USB_EPClearStall
                0x000000000800b4d4       0x58 ../../Documents/Daisy/DaisyExamples/libdaisy//build/libdaisy.a(stm32h7xx_ll_usb.o)
                0x000000000800b4d4                USB_EPClearStall
 .text.USB_SetDevAddress
                0x000000000800b52c       0x24 ../../Documents/Daisy/DaisyExamples/libdaisy//build/libdaisy.a(stm32h7xx_ll_usb.o)
                0x000000000800b52c                USB_SetDevAddress
 .text.USB_DevConnect
                0x000000000800b550       0x1c ../../Documents/Daisy/DaisyExamples/libdaisy//build/libdaisy.a(stm32h7xx_ll_usb.o)
                0x000000000800b550                USB_DevConnect
 .text.USB_DevDisconnect
                0x000000000800b56c       0x1c ../../Documents/Daisy/DaisyExamples/libdaisy//build/libdaisy.a(stm32h7xx_ll_usb.o)
                0x000000000800b56c                USB_DevDisconnect
 .text.USB_ReadInterrupts
                0x000000000800b588        0x8 ../../Documents/Daisy/DaisyExamples/libdaisy//build/libdaisy.a(stm32h7xx_ll_usb.o)
                0x000000000800b588                USB_ReadInterrupts
 .text.USB_ReadDevAllOutEpInterrupt
                0x000000000800b590       0x10 ../../Documents/Daisy/DaisyExamples/libdaisy//build/libdaisy.a(stm32h7xx_ll_usb.o)
                0x000000000800b590                USB_ReadDevAllOutEpInterrupt
 .text.USB_ReadDevAllInEpInterrupt
                0x000000000800b5a0       0x10 ../../Documents/Daisy/DaisyExamples/libdaisy//build/libdaisy.a(stm32h7xx_ll_usb.o)
                0x000000000800b5a0                USB_ReadDevAllInEpInterrupt
 .text.USB_ReadDevOutEPInterrupt
                0x000000000800b5b0       0x14 ../../Documents/Daisy/DaisyExamples/libdaisy//build/libdaisy.a(stm32h7xx_ll_usb.o)
                0x000000000800b5b0                USB_ReadDevOutEPInterrupt
 .text.USB_ReadDevInEPInterrupt
                0x000000000800b5c4       0x20 ../../Documents/Daisy/DaisyExamples/libdaisy//build/libdaisy.a(stm32h7xx_ll_usb.o)
                0x000000000800b5c4                USB_ReadDevInEPInterrupt
 .text.USB_GetMode
                0x000000000800b5e4        0x8 ../../Documents/Daisy/DaisyExamples/libdaisy//build/libdaisy.a(stm32h7xx_ll_usb.o)
                0x000000000800b5e4                USB_GetMode
 .text.USB_ActivateSetup
                0x000000000800b5ec       0x38 ../../Documents/Daisy/DaisyExamples/libdaisy//build/libdaisy.a(stm32h7xx_ll_usb.o)
                0x000000000800b5ec                USB_ActivateSetup
 .text.USB_EP0_OutStart
                0x000000000800b624       0x58 ../../Documents/Daisy/DaisyExamples/libdaisy//build/libdaisy.a(stm32h7xx_ll_usb.o)
                0x000000000800b624                USB_EP0_OutStart
 .text.USBD_CDC_EP0_RxReady
                0x000000000800b67c       0x2c ../../Documents/Daisy/DaisyExamples/libdaisy//build/libdaisy.a(usbd_cdc.o)
 .text.USBD_CDC_GetFSCfgDesc
                0x000000000800b6a8       0x10 ../../Documents/Daisy/DaisyExamples/libdaisy//build/libdaisy.a(usbd_cdc.o)
 .text.USBD_CDC_GetHSCfgDesc
                0x000000000800b6b8       0x10 ../../Documents/Daisy/DaisyExamples/libdaisy//build/libdaisy.a(usbd_cdc.o)
 .text.USBD_CDC_GetOtherSpeedCfgDesc
                0x000000000800b6c8       0x10 ../../Documents/Daisy/DaisyExamples/libdaisy//build/libdaisy.a(usbd_cdc.o)
 .text.USBD_CDC_GetDeviceQualifierDescriptor
                0x000000000800b6d8       0x10 ../../Documents/Daisy/DaisyExamples/libdaisy//build/libdaisy.a(usbd_cdc.o)
                0x000000000800b6d8                USBD_CDC_GetDeviceQualifierDescriptor
 .text.USBD_CDC_DataOut
                0x000000000800b6e8       0x30 ../../Documents/Daisy/DaisyExamples/libdaisy//build/libdaisy.a(usbd_cdc.o)
 .text.USBD_CDC_DataIn
                0x000000000800b718       0x50 ../../Documents/Daisy/DaisyExamples/libdaisy//build/libdaisy.a(usbd_cdc.o)
 .text.USBD_CDC_Setup
                0x000000000800b768       0xcc ../../Documents/Daisy/DaisyExamples/libdaisy//build/libdaisy.a(usbd_cdc.o)
 .text.USBD_CDC_DeInit
                0x000000000800b834       0x44 ../../Documents/Daisy/DaisyExamples/libdaisy//build/libdaisy.a(usbd_cdc.o)
 .text.USBD_CDC_Init
                0x000000000800b878       0x94 ../../Documents/Daisy/DaisyExamples/libdaisy//build/libdaisy.a(usbd_cdc.o)
 .text.USBD_CDC_RegisterInterface
                0x000000000800b90c       0x10 ../../Documents/Daisy/DaisyExamples/libdaisy//build/libdaisy.a(usbd_cdc.o)
                0x000000000800b90c                USBD_CDC_RegisterInterface
 .text.USBD_CDC_SetTxBuffer
                0x000000000800b91c       0x14 ../../Documents/Daisy/DaisyExamples/libdaisy//build/libdaisy.a(usbd_cdc.o)
                0x000000000800b91c                USBD_CDC_SetTxBuffer
 .text.USBD_CDC_SetRxBuffer
                0x000000000800b930       0x10 ../../Documents/Daisy/DaisyExamples/libdaisy//build/libdaisy.a(usbd_cdc.o)
                0x000000000800b930                USBD_CDC_SetRxBuffer
 .text.USBD_CDC_TransmitPacket
                0x000000000800b940       0x34 ../../Documents/Daisy/DaisyExamples/libdaisy//build/libdaisy.a(usbd_cdc.o)
                0x000000000800b940                USBD_CDC_TransmitPacket
 .text.USBD_CDC_ReceivePacket
                0x000000000800b974       0x38 ../../Documents/Daisy/DaisyExamples/libdaisy//build/libdaisy.a(usbd_cdc.o)
                0x000000000800b974                USBD_CDC_ReceivePacket
 .text.USBD_Init
                0x000000000800b9ac       0x44 ../../Documents/Daisy/DaisyExamples/libdaisy//build/libdaisy.a(usbd_core.o)
                0x000000000800b9ac                USBD_Init
 .text.USBD_RegisterClass
                0x000000000800b9f0       0x2c ../../Documents/Daisy/DaisyExamples/libdaisy//build/libdaisy.a(usbd_core.o)
                0x000000000800b9f0                USBD_RegisterClass
 .text.USBD_Start
                0x000000000800ba1c        0xc ../../Documents/Daisy/DaisyExamples/libdaisy//build/libdaisy.a(usbd_core.o)
                0x000000000800ba1c                USBD_Start
 .text.USBD_SetClassConfig
                0x000000000800ba28       0x14 ../../Documents/Daisy/DaisyExamples/libdaisy//build/libdaisy.a(usbd_core.o)
                0x000000000800ba28                USBD_SetClassConfig
 .text.USBD_ClrClassConfig
                0x000000000800ba3c       0x10 ../../Documents/Daisy/DaisyExamples/libdaisy//build/libdaisy.a(usbd_core.o)
                0x000000000800ba3c                USBD_ClrClassConfig
 .text.USBD_LL_SetupStage
                0x000000000800ba4c       0x5c ../../Documents/Daisy/DaisyExamples/libdaisy//build/libdaisy.a(usbd_core.o)
                0x000000000800ba4c                USBD_LL_SetupStage
 .text.USBD_LL_DataOutStage
                0x000000000800baa8       0x7c ../../Documents/Daisy/DaisyExamples/libdaisy//build/libdaisy.a(usbd_core.o)
                0x000000000800baa8                USBD_LL_DataOutStage
 .text.USBD_LL_DataInStage
                0x000000000800bb24       0xcc ../../Documents/Daisy/DaisyExamples/libdaisy//build/libdaisy.a(usbd_core.o)
                0x000000000800bb24                USBD_LL_DataInStage
 .text.USBD_LL_Reset
                0x000000000800bbf0       0x50 ../../Documents/Daisy/DaisyExamples/libdaisy//build/libdaisy.a(usbd_core.o)
                0x000000000800bbf0                USBD_LL_Reset
 .text.USBD_LL_SetSpeed
                0x000000000800bc40        0x8 ../../Documents/Daisy/DaisyExamples/libdaisy//build/libdaisy.a(usbd_core.o)
                0x000000000800bc40                USBD_LL_SetSpeed
 .text.USBD_LL_Suspend
                0x000000000800bc48       0x14 ../../Documents/Daisy/DaisyExamples/libdaisy//build/libdaisy.a(usbd_core.o)
                0x000000000800bc48                USBD_LL_Suspend
 .text.USBD_LL_Resume
                0x000000000800bc5c       0x10 ../../Documents/Daisy/DaisyExamples/libdaisy//build/libdaisy.a(usbd_core.o)
                0x000000000800bc5c                USBD_LL_Resume
 .text.USBD_LL_SOF
                0x000000000800bc6c       0x1c ../../Documents/Daisy/DaisyExamples/libdaisy//build/libdaisy.a(usbd_core.o)
                0x000000000800bc6c                USBD_LL_SOF
 .text.USBD_LL_IsoINIncomplete
                0x000000000800bc88        0x4 ../../Documents/Daisy/DaisyExamples/libdaisy//build/libdaisy.a(usbd_core.o)
                0x000000000800bc88                USBD_LL_IsoINIncomplete
 .text.USBD_LL_IsoOUTIncomplete
                0x000000000800bc8c        0x4 ../../Documents/Daisy/DaisyExamples/libdaisy//build/libdaisy.a(usbd_core.o)
                0x000000000800bc8c                USBD_LL_IsoOUTIncomplete
 .text.USBD_LL_DevConnected
                0x000000000800bc90        0x4 ../../Documents/Daisy/DaisyExamples/libdaisy//build/libdaisy.a(usbd_core.o)
                0x000000000800bc90                USBD_LL_DevConnected
 .text.USBD_LL_DevDisconnected
                0x000000000800bc94       0x18 ../../Documents/Daisy/DaisyExamples/libdaisy//build/libdaisy.a(usbd_core.o)
                0x000000000800bc94                USBD_LL_DevDisconnected
 .text.USBD_StdDevReq
                0x000000000800bcac      0x304 ../../Documents/Daisy/DaisyExamples/libdaisy//build/libdaisy.a(usbd_ctlreq.o)
                0x000000000800bcac                USBD_StdDevReq
 .text.USBD_StdItfReq
                0x000000000800bfb0       0x68 ../../Documents/Daisy/DaisyExamples/libdaisy//build/libdaisy.a(usbd_ctlreq.o)
                0x000000000800bfb0                USBD_StdItfReq
 .text.USBD_StdEPReq
                0x000000000800c018      0x13c ../../Documents/Daisy/DaisyExamples/libdaisy//build/libdaisy.a(usbd_ctlreq.o)
                0x000000000800c018                USBD_StdEPReq
 .text.USBD_ParseSetupRequest
                0x000000000800c154       0x28 ../../Documents/Daisy/DaisyExamples/libdaisy//build/libdaisy.a(usbd_ctlreq.o)
                0x000000000800c154                USBD_ParseSetupRequest
 .text.USBD_CtlError
                0x000000000800c17c       0x18 ../../Documents/Daisy/DaisyExamples/libdaisy//build/libdaisy.a(usbd_ctlreq.o)
                0x000000000800c17c                USBD_CtlError
 .text.USBD_GetString
                0x000000000800c194       0x54 ../../Documents/Daisy/DaisyExamples/libdaisy//build/libdaisy.a(usbd_ctlreq.o)
                0x000000000800c194                USBD_GetString
 .text.USBD_CtlSendData
                0x000000000800c1e8       0x1c ../../Documents/Daisy/DaisyExamples/libdaisy//build/libdaisy.a(usbd_ioreq.o)
                0x000000000800c1e8                USBD_CtlSendData
 .text.USBD_CtlContinueSendData
                0x000000000800c204       0x14 ../../Documents/Daisy/DaisyExamples/libdaisy//build/libdaisy.a(usbd_ioreq.o)
                0x000000000800c204                USBD_CtlContinueSendData
 .text.USBD_CtlPrepareRx
                0x000000000800c218       0x1c ../../Documents/Daisy/DaisyExamples/libdaisy//build/libdaisy.a(usbd_ioreq.o)
                0x000000000800c218                USBD_CtlPrepareRx
 .text.USBD_CtlContinueRx
                0x000000000800c234       0x14 ../../Documents/Daisy/DaisyExamples/libdaisy//build/libdaisy.a(usbd_ioreq.o)
                0x000000000800c234                USBD_CtlContinueRx
 .text.USBD_CtlSendStatus
                0x000000000800c248       0x18 ../../Documents/Daisy/DaisyExamples/libdaisy//build/libdaisy.a(usbd_ioreq.o)
                0x000000000800c248                USBD_CtlSendStatus
 .text.USBD_CtlReceiveStatus
                0x000000000800c260       0x18 ../../Documents/Daisy/DaisyExamples/libdaisy//build/libdaisy.a(usbd_ioreq.o)
                0x000000000800c260                USBD_CtlReceiveStatus
 .text._ZN5daisy6Random4InitEv
                0x000000000800c278       0x3c ../../Documents/Daisy/DaisyExamples/libdaisy//build/libdaisy.a(rng.o)
                0x000000000800c278                daisy::Random::Init()
 .text._ZN5daisy9SpiHandle4Impl10StartDmaTxEPhjPFvPvNS0_6ResultEES3_
                0x000000000800c2b4       0xfc ../../Documents/Daisy/DaisyExamples/libdaisy//build/libdaisy.a(spi.o)
                0x000000000800c2b4                daisy::SpiHandle::Impl::StartDmaTx(unsigned char*, unsigned int, void (*)(void*, daisy::SpiHandle::Result), void*)
 .text._ZN5daisy9SpiHandle4Impl10StartDmaRxEPhjPFvPvNS0_6ResultEES3_
                0x000000000800c3b0       0xfc ../../Documents/Daisy/DaisyExamples/libdaisy//build/libdaisy.a(spi.o)
                0x000000000800c3b0                daisy::SpiHandle::Impl::StartDmaRx(unsigned char*, unsigned int, void (*)(void*, daisy::SpiHandle::Result), void*)
 .text._ZN5daisy9SpiHandle4Impl8InitPinsEv
                0x000000000800c4ac      0x274 ../../Documents/Daisy/DaisyExamples/libdaisy//build/libdaisy.a(spi.o)
                0x000000000800c4ac                daisy::SpiHandle::Impl::InitPins()
 .text.HAL_SPI_MspInit
                0x000000000800c720      0x1a8 ../../Documents/Daisy/DaisyExamples/libdaisy//build/libdaisy.a(spi.o)
                0x000000000800c720                HAL_SPI_MspInit
 .text.dsy_spi_global_init
                0x000000000800c8c8       0x6c ../../Documents/Daisy/DaisyExamples/libdaisy//build/libdaisy.a(spi.o)
                0x000000000800c8c8                dsy_spi_global_init
 .text.SPI1_IRQHandler
                0x000000000800c934        0xc ../../Documents/Daisy/DaisyExamples/libdaisy//build/libdaisy.a(spi.o)
                0x000000000800c934                SPI1_IRQHandler
 .text.DMA1_Stream7_IRQHandler
                0x000000000800c940       0x34 ../../Documents/Daisy/DaisyExamples/libdaisy//build/libdaisy.a(spi.o)
                0x000000000800c940                DMA1_Stream7_IRQHandler
 .text.HAL_SPI_TxCpltCallback
                0x000000000800c974       0x90 ../../Documents/Daisy/DaisyExamples/libdaisy//build/libdaisy.a(spi.o)
                0x000000000800c974                HAL_SPI_TxCpltCallback
 .text.HAL_SPI_RxCpltCallback
                0x000000000800ca04       0x90 ../../Documents/Daisy/DaisyExamples/libdaisy//build/libdaisy.a(spi.o)
                0x000000000800ca04                HAL_SPI_RxCpltCallback
 .text.HAL_SPI_ErrorCallback
                0x000000000800ca94       0x94 ../../Documents/Daisy/DaisyExamples/libdaisy//build/libdaisy.a(spi.o)
                0x000000000800ca94                HAL_SPI_ErrorCallback
 .text.startup._GLOBAL__sub_I__Z19MapInstanceToHandleP11SPI_TypeDef
                0x000000000800cb28      0x168 ../../Documents/Daisy/DaisyExamples/libdaisy//build/libdaisy.a(spi.o)
 .text.HAL_TIM_Base_MspInit
                0x000000000800cc90       0xcc ../../Documents/Daisy/DaisyExamples/libdaisy//build/libdaisy.a(tim.o)
                0x000000000800cc90                HAL_TIM_Base_MspInit
 .text._ZN5daisy11TimerHandle4InitERKNS0_6ConfigE
                0x000000000800cd5c       0xc4 ../../Documents/Daisy/DaisyExamples/libdaisy//build/libdaisy.a(tim.o)
                0x000000000800cd5c                daisy::TimerHandle::Init(daisy::TimerHandle::Config const&)
 .text._ZN5daisy11TimerHandle5StartEv
                0x000000000800ce20       0x14 ../../Documents/Daisy/DaisyExamples/libdaisy//build/libdaisy.a(tim.o)
                0x000000000800ce20                daisy::TimerHandle::Start()
 .text.dsy_dma_init
                0x000000000800ce34       0xe0 ../../Documents/Daisy/DaisyExamples/libdaisy//build/libdaisy.a(dma.o)
                0x000000000800ce34                dsy_dma_init
 .text.HAL_MDMA_Abort_IT
                0x000000000800cf14       0x2c ../../Documents/Daisy/DaisyExamples/libdaisy//build/libdaisy.a(stm32h7xx_hal_mdma.o)
                0x000000000800cf14                HAL_MDMA_Abort_IT
 .text.SPI_CloseTransfer
                0x000000000800cf40       0xb8 ../../Documents/Daisy/DaisyExamples/libdaisy//build/libdaisy.a(stm32h7xx_hal_spi.o)
 .text.HAL_SPI_Init
                0x000000000800cff8      0x15c ../../Documents/Daisy/DaisyExamples/libdaisy//build/libdaisy.a(stm32h7xx_hal_spi.o)
                0x000000000800cff8                HAL_SPI_Init
 .text.HAL_SPI_Transmit_DMA
                0x000000000800d154      0x170 ../../Documents/Daisy/DaisyExamples/libdaisy//build/libdaisy.a(stm32h7xx_hal_spi.o)
                0x000000000800d154                HAL_SPI_Transmit_DMA
 .text.HAL_SPI_TransmitReceive_DMA
                0x000000000800d2c4      0x218 ../../Documents/Daisy/DaisyExamples/libdaisy//build/libdaisy.a(stm32h7xx_hal_spi.o)
                0x000000000800d2c4                HAL_SPI_TransmitReceive_DMA
 .text.HAL_SPI_Receive_DMA
                0x000000000800d4dc      0x1b4 ../../Documents/Daisy/DaisyExamples/libdaisy//build/libdaisy.a(stm32h7xx_hal_spi.o)
                0x000000000800d4dc                HAL_SPI_Receive_DMA
 .text.SPI_DMATransmitCplt
                0x000000000800d690       0x28 ../../Documents/Daisy/DaisyExamples/libdaisy//build/libdaisy.a(stm32h7xx_hal_spi.o)
 .text.SPI_DMAReceiveCplt
                0x000000000800d6b8       0x28 ../../Documents/Daisy/DaisyExamples/libdaisy//build/libdaisy.a(stm32h7xx_hal_spi.o)
 .text.HAL_SPI_TxRxCpltCallback
                0x000000000800d6e0        0x4 ../../Documents/Daisy/DaisyExamples/libdaisy//build/libdaisy.a(stm32h7xx_hal_spi.o)
                0x000000000800d6e0                HAL_SPI_TxRxCpltCallback
 .text.SPI_DMATransmitReceiveCplt
                0x000000000800d6e4       0x28 ../../Documents/Daisy/DaisyExamples/libdaisy//build/libdaisy.a(stm32h7xx_hal_spi.o)
 .text.HAL_SPI_TxHalfCpltCallback
                0x000000000800d70c        0x4 ../../Documents/Daisy/DaisyExamples/libdaisy//build/libdaisy.a(stm32h7xx_hal_spi.o)
                0x000000000800d70c                HAL_SPI_TxHalfCpltCallback
 .text.SPI_DMAHalfTransmitCplt
                0x000000000800d710        0xc ../../Documents/Daisy/DaisyExamples/libdaisy//build/libdaisy.a(stm32h7xx_hal_spi.o)
 .text.HAL_SPI_RxHalfCpltCallback
                0x000000000800d71c        0x4 ../../Documents/Daisy/DaisyExamples/libdaisy//build/libdaisy.a(stm32h7xx_hal_spi.o)
                0x000000000800d71c                HAL_SPI_RxHalfCpltCallback
 .text.SPI_DMAHalfReceiveCplt
                0x000000000800d720        0xc ../../Documents/Daisy/DaisyExamples/libdaisy//build/libdaisy.a(stm32h7xx_hal_spi.o)
 .text.HAL_SPI_TxRxHalfCpltCallback
                0x000000000800d72c        0x4 ../../Documents/Daisy/DaisyExamples/libdaisy//build/libdaisy.a(stm32h7xx_hal_spi.o)